Archive member included to satisfy reference by file (symbol)

D:/NXP/S32DS_ARM_v2018.R1/S32DS/arm32_ewl2/lib/thumb/v7e-m\libc99.a(exit.o)
                              D:/NXP/S32DS_ARM_v2018.R1/S32DS/arm32_ewl2/lib/thumb/v7e-m/__arm_start.o (exit)
D:/NXP/S32DS_ARM_v2018.R1/S32DS/arm32_ewl2/lib/thumb/v7e-m\libc99.a(memset.o)
                              D:/NXP/S32DS_ARM_v2018.R1/S32DS/arm32_ewl2/lib/thumb/v7e-m/__arm_start.o (memset)
D:/NXP/S32DS_ARM_v2018.R1/S32DS/arm32_ewl2/lib/thumb/v7e-m\libc99.a(__filll_mem.o)
                              D:/NXP/S32DS_ARM_v2018.R1/S32DS/arm32_ewl2/lib/thumb/v7e-m\libc99.a(memset.o) (__fill_mem)
D:/NXP/S32DS_ARM_v2018.R1/S32DS/arm32_ewl2/lib/thumb/v7e-m\librt.a(gcc_ctor_dtor.o)
                              D:/NXP/S32DS_ARM_v2018.R1/S32DS/arm32_ewl2/lib/thumb/v7e-m/__arm_start.o (__init_cpp)
D:/NXP/S32DS_ARM_v2018.R1/S32DS/arm32_ewl2/lib/thumb/v7e-m\librt.a(__arm_eabi_init.o)
                              D:/NXP/S32DS_ARM_v2018.R1/S32DS/arm32_ewl2/lib/thumb/v7e-m\libc99.a(exit.o) (__destroy_global_chain)
D:/NXP/S32DS_ARM_v2018.R1/S32DS/arm32_ewl2/lib/thumb/v7e-m\librt.a(ROMCopy.o)
                              D:/NXP/S32DS_ARM_v2018.R1/S32DS/arm32_ewl2/lib/thumb/v7e-m/__arm_start.o (__copy_rom_sections_to_ram)

Allocating common symbols
Common symbol       size              file

u32TickCount        0x4               ./Sources/main.o
g_xtal0ClkFreq      0x4               ./SDK/platform/drivers/src/clock/S32K1xx/clock_S32K1xx.o
recvBuff2           0x4c              ./Sources/main.o
canCom1_State       0x114             ./Generated_Code/canCom1.o
recvBuff1           0x4c              ./Sources/main.o
g_RtcClkInFreq      0x4               ./SDK/platform/drivers/src/clock/S32K1xx/clock_S32K1xx.o
gPowerManagerState  0x10              ./SDK/platform/drivers/src/power/S32K1xx/power_manager_S32K1xx.o
g_TClkFreq          0xc               ./SDK/platform/drivers/src/clock/S32K1xx/clock_S32K1xx.o
dmaController1_State
                    0x40              ./Generated_Code/dmaController1.o
dmaController1Chn0_State
                    0x10              ./Generated_Code/dmaController1.o

Discarded input sections

 .text          0x00000000        0x0 D:/NXP/S32DS_ARM_v2018.R1/S32DS/arm32_ewl2/lib/thumb/v7e-m/__arm_start.o
 .data          0x00000000        0x0 D:/NXP/S32DS_ARM_v2018.R1/S32DS/arm32_ewl2/lib/thumb/v7e-m/__arm_start.o
 .bss           0x00000000        0x0 D:/NXP/S32DS_ARM_v2018.R1/S32DS/arm32_ewl2/lib/thumb/v7e-m/__arm_start.o
 .text.__thumb_startup
                0x00000000       0x3c D:/NXP/S32DS_ARM_v2018.R1/S32DS/arm32_ewl2/lib/thumb/v7e-m/__arm_start.o
 .text.__iar_program_start
                0x00000000        0x4 D:/NXP/S32DS_ARM_v2018.R1/S32DS/arm32_ewl2/lib/thumb/v7e-m/__arm_start.o
 .bss.argv      0x00000000        0x4 D:/NXP/S32DS_ARM_v2018.R1/S32DS/arm32_ewl2/lib/thumb/v7e-m/__arm_start.o
 .debug_info    0x00000000      0x126 D:/NXP/S32DS_ARM_v2018.R1/S32DS/arm32_ewl2/lib/thumb/v7e-m/__arm_start.o
 .debug_abbrev  0x00000000       0xbe D:/NXP/S32DS_ARM_v2018.R1/S32DS/arm32_ewl2/lib/thumb/v7e-m/__arm_start.o
 .debug_aranges
                0x00000000       0x28 D:/NXP/S32DS_ARM_v2018.R1/S32DS/arm32_ewl2/lib/thumb/v7e-m/__arm_start.o
 .debug_line    0x00000000       0x67 D:/NXP/S32DS_ARM_v2018.R1/S32DS/arm32_ewl2/lib/thumb/v7e-m/__arm_start.o
 .debug_str     0x00000000      0x246 D:/NXP/S32DS_ARM_v2018.R1/S32DS/arm32_ewl2/lib/thumb/v7e-m/__arm_start.o
 .comment       0x00000000       0xa2 D:/NXP/S32DS_ARM_v2018.R1/S32DS/arm32_ewl2/lib/thumb/v7e-m/__arm_start.o
 .debug_frame   0x00000000       0x30 D:/NXP/S32DS_ARM_v2018.R1/S32DS/arm32_ewl2/lib/thumb/v7e-m/__arm_start.o
 .ARM.attributes
                0x00000000       0x33 D:/NXP/S32DS_ARM_v2018.R1/S32DS/arm32_ewl2/lib/thumb/v7e-m/__arm_start.o
 .group         0x00000000        0x8 ./Sources/main.o
 .group         0x00000000        0x8 ./Sources/main.o
 .group         0x00000000        0x8 ./Sources/main.o
 .group         0x00000000        0x8 ./Sources/main.o
 .group         0x00000000        0x8 ./Sources/main.o
 .group         0x00000000        0x8 ./Sources/main.o
 .group         0x00000000        0x8 ./Sources/main.o
 .group         0x00000000        0x8 ./Sources/main.o
 .group         0x00000000        0x8 ./Sources/main.o
 .group         0x00000000        0x8 ./Sources/main.o
 .group         0x00000000        0x8 ./Sources/main.o
 .group         0x00000000        0x8 ./Sources/main.o
 .group         0x00000000        0x8 ./Sources/main.o
 .group         0x00000000        0x8 ./Sources/main.o
 .group         0x00000000        0x8 ./Sources/main.o
 .group         0x00000000        0x8 ./Sources/main.o
 .group         0x00000000        0x8 ./Sources/main.o
 .group         0x00000000        0x8 ./Sources/main.o
 .group         0x00000000        0x8 ./Sources/main.o
 .group         0x00000000        0x8 ./Sources/main.o
 .group         0x00000000        0x8 ./Sources/main.o
[...]
Memory Configuration

Name             Origin             Length             Attributes
m_interrupts     0x00000000         0x00000400         xr
m_flash_config   0x00000400         0x00000010         xr
m_text           0x00000410         0x0007fbf0         xr
m_data           0x1fff8000         0x00008000         rw
m_data_2         0x20000000         0x00007000         rw
*default*        0x00000000         0xffffffff

Linker script and memory map

LOAD D:/NXP/S32DS_ARM_v2018.R1/S32DS/arm32_ewl2/lib/thumb/v7e-m/__arm_start.o
LOAD ./Sources/main.o
LOAD ./SDK/rtos/osif/osif_baremetal.o
LOAD ./SDK/platform/drivers/src/power/power_manager.o
LOAD ./SDK/platform/drivers/src/power/S32K1xx/power_smc_hw_access.o
LOAD ./SDK/platform/drivers/src/power/S32K1xx/power_manager_S32K1xx.o
LOAD ./SDK/platform/drivers/src/pins/pins_port_hw_access.o
LOAD ./SDK/platform/drivers/src/pins/pins_driver.o
LOAD ./SDK/platform/drivers/src/interrupt/interrupt_manager.o
LOAD ./SDK/platform/drivers/src/flexcan/flexcan_irq.o
LOAD ./SDK/platform/drivers/src/flexcan/flexcan_hw_access.o
LOAD ./SDK/platform/drivers/src/flexcan/flexcan_driver.o
LOAD ./SDK/platform/drivers/src/edma/edma_irq.o
LOAD ./SDK/platform/drivers/src/edma/edma_hw_access.o
LOAD ./SDK/platform/drivers/src/edma/edma_driver.o
LOAD ./SDK/platform/drivers/src/clock/S32K1xx/clock_S32K1xx.o
LOAD ./SDK/platform/devices/startup.o
LOAD ./SDK/platform/devices/S32K144/startup/system_S32K144.o
LOAD ./Project_Settings/Startup_Code/startup_S32K144.o
LOAD ./Generated_Code/pwrMan1.o
LOAD ./Generated_Code/pin_mux.o
LOAD ./Generated_Code/dmaController1.o
LOAD ./Generated_Code/clockMan1.o
LOAD ./Generated_Code/canCom1.o
LOAD ./Generated_Code/Cpu.o
START GROUP
LOAD D:/NXP/S32DS_ARM_v2018.R1/S32DS/arm32_ewl2/lib/thumb/v7e-m\libc99.a
LOAD D:/NXP/S32DS_ARM_v2018.R1/S32DS/arm32_ewl2/lib/thumb/v7e-m\libm.a
LOAD d:/nxp/s32ds_arm_v2018.r1/cross_tools/gcc-6.3-arm32-eabi/bin/../lib/gcc/arm-none-eabi/6.3.1/thumb/v7e-m\libgcc.a
LOAD D:/NXP/S32DS_ARM_v2018.R1/S32DS/arm32_ewl2/lib/thumb/v7e-m\librt.a
LOAD D:/NXP/S32DS_ARM_v2018.R1/S32DS/arm32_ewl2/lib/thumb/v7e-m\libnoio.a
END GROUP
LOAD D:/NXP/S32DS_ARM_v2018.R1/S32DS/arm32_ewl2/lib/thumb/v7e-m/__arm_end.o
                0x00000400                HEAP_SIZE = DEFINED (__heap_size__)?__heap_size__:0x400
                0x00000400                STACK_SIZE = DEFINED (__stack_size__)?__stack_size__:0x400
                0x00000400                M_VECTOR_RAM_SIZE = DEFINED (__flash_vector_table__)?0x0:0x400

.interrupts     0x00000000      0x400
                0x00000000                __VECTOR_TABLE = .
                0x00000000                __interrupts_start__ = .
                0x00000000                . = ALIGN (0x4)
 *(.isr_vector)
 .isr_vector    0x00000000      0x400 ./Project_Settings/Startup_Code/startup_S32K144.o
                0x00000000                __isr_vector
                0x00000400                __interrupts_end__ = .
                0x00000400                . = ALIGN (0x4)

.flash_config   0x00000400       0x10
                0x00000400                . = ALIGN (0x4)
 *(.FlashConfig)
 .FlashConfig   0x00000400       0x10 ./Project_Settings/Startup_Code/startup_S32K144.o
                0x00000410                . = ALIGN (0x4)

.text           0x00000410     0x704c
                0x00000410                . = ALIGN (0x4)
 *(.text)
 .text          0x00000410       0x6c ./Project_Settings/Startup_Code/startup_S32K144.o
                0x00000410                Reset_Handler
                0x00000478                DebugMon_Handler
                0x00000478                Reserved88_IRQHandler
                0x00000478                HardFault_Handler
                0x00000478                Reserved86_IRQHandler
                0x00000478                Reserved103_IRQHandler
                0x00000478                FTM2_Ovf_Reload_IRQHandler
                0x00000478                Reserved50_IRQHandler
                0x00000478                FTFC_Fault_IRQHandler
                0x00000478                FTM0_Ch6_Ch7_IRQHandler
                0x00000478                Reserved114_IRQHandler
                0x00000478                PendSV_Handler
                0x00000478                NMI_Handler
                0x00000478                Reserved89_IRQHandler
                0x00000478                ERM_double_fault_IRQHandler
                0x00000478                Reserved59_IRQHandler
                0x00000478                LPIT0_Ch0_IRQHandler
                0x00000478                Reserved99_IRQHandler
                0x00000478                FTM3_Ch6_Ch7_IRQHandler
                0x00000478                LPIT0_Ch3_IRQHandler
                0x00000478                Reserved92_IRQHandler
                0x00000478                FTM0_Ch4_Ch5_IRQHandler
                0x00000478                FTM3_Ch0_Ch1_IRQHandler
                0x00000478                SWI_IRQHandler
                0x00000478                ADC0_IRQHandler
                0x00000478                FTM2_Ch4_Ch5_IRQHandler
                0x00000478                UsageFault_Handler
                0x00000478                FTM0_Ovf_Reload_IRQHandler
                0x00000478                DefaultISR
                0x00000478                Reserved58_IRQHandler
                0x00000478                FTM1_Ch2_Ch3_IRQHandler
                0x00000478                Reserved82_IRQHandler
                0x00000478                LPI2C0_Slave_IRQHandler
                0x00000478                Reserved71_IRQHandler
                0x00000478                PORTD_IRQHandler
                0x00000478                Reserved69_IRQHandler
                0x00000478                PORTB_IRQHandler
                0x00000478                Reserved70_IRQHandler
                0x00000478                ADC1_IRQHandler
                0x00000478                FTM2_Ch2_Ch3_IRQHandler
                0x00000478                Reserved53_IRQHandler
                0x00000478                RTC_IRQHandler
                0x00000478                PDB0_IRQHandler
                0x00000478                Reserved54_IRQHandler
                0x00000478                FTM2_Ch6_Ch7_IRQHandler
                0x00000478                FTM3_Ch2_Ch3_IRQHandler
                0x00000478                FTM2_Ch0_Ch1_IRQHandler
                0x00000478                LPSPI1_IRQHandler
                0x00000478                LPUART1_RxTx_IRQHandler
                0x00000478                RTC_Seconds_IRQHandler
                0x00000478                Reserved72_IRQHandler
                0x00000478                Reserved110_IRQHandler
                0x00000478                Reserved107_IRQHandler
                0x00000478                Read_Collision_IRQHandler
                0x00000478                FTFC_IRQHandler
                0x00000478                FTM1_Ch6_Ch7_IRQHandler
                0x00000478                Reserved105_IRQHandler
                0x00000478                LPIT0_Ch1_IRQHandler
                0x00000478                FTM1_Ch4_Ch5_IRQHandler
                0x00000478                FTM3_Ovf_Reload_IRQHandler
                0x00000478                LPUART2_RxTx_IRQHandler
                0x00000478                LPSPI0_IRQHandler
                0x00000478                WDOG_EWM_IRQHandler
                0x00000478                MemManage_Handler
                0x00000478                Reserved90_IRQHandler
                0x00000478                Reserved83_IRQHandler
                0x00000478                FTM0_Fault_IRQHandler
                0x00000478                Reserved48_IRQHandler
                0x00000478                SVC_Handler
                0x00000478                ERM_single_fault_IRQHandler
                0x00000478                FTM2_Fault_IRQHandler
                0x00000478                FTM0_Ch2_Ch3_IRQHandler
                0x00000478                FTM0_Ch0_Ch1_IRQHandler
                0x00000478                FTM3_Fault_IRQHandler
                0x00000478                RCM_IRQHandler
                0x00000478                Reserved100_IRQHandler
                0x00000478                Reserved91_IRQHandler
                0x00000478                SCG_IRQHandler
                0x00000478                PDB1_IRQHandler
                0x00000478                Reserved81_IRQHandler
                0x00000478                Reserved46_IRQHandler
                0x00000478                Reserved45_IRQHandler
                0x00000478                Reserved112_IRQHandler
                0x00000478                LPI2C0_Master_IRQHandler
                0x00000478                FTM1_Fault_IRQHandler
                0x00000478                Reserved106_IRQHandler
                0x00000478                LVD_LVW_IRQHandler
                0x00000478                LPIT0_Ch2_IRQHandler
                0x00000478                PORTA_IRQHandler
                0x00000478                MCM_IRQHandler
                0x00000478                LPSPI2_IRQHandler
                0x00000478                FTM3_Ch4_Ch5_IRQHandler
                0x00000478                PORTE_IRQHandler
                0x00000478                LPUART0_RxTx_IRQHandler
                0x00000478                LPTMR0_IRQHandler
                0x00000478                BusFault_Handler
                0x00000478                Reserved87_IRQHandler
                0x00000478                FTM1_Ovf_Reload_IRQHandler
                0x00000478                Reserved93_IRQHandler
                0x00000478                CMP0_IRQHandler
                0x00000478                Reserved52_IRQHandler
                0x00000478                PORTC_IRQHandler
                0x00000478                FTM1_Ch0_Ch1_IRQHandler
                0x00000478                FLEXIO_IRQHandler
                0x00000478                Reserved113_IRQHandler
 *(.text*)
 .text.buttonISR
                0x0000047c       0x90 ./Sources/main.o
                0x0000047c                buttonISR
 .text.SendCANData
                0x0000050c       0x4a ./Sources/main.o
                0x0000050c                SendCANData
 *fill*         0x00000556        0x2 
 .text.BoardInit
                0x00000558       0x4c ./Sources/main.o
                0x00000558                BoardInit
 .text.GPIOInit
                0x000005a4       0x5c ./Sources/main.o
                0x000005a4                GPIOInit
 .text.flexcan0_Callback
                0x00000600       0x70 ./Sources/main.o
                0x00000600                flexcan0_Callback
 .text.SysTick_Init
                0x00000670       0x2c ./Sources/main.o
                0x00000670                SysTick_Init
 .text.main     0x0000069c      0x18c ./Sources/main.o
                0x0000069c                main
 .text.SysTick_Handler
                0x00000828       0x1c ./Sources/main.o
                0x00000828                SysTick_Handler
 .text.osif_DisableIrqGlobal
                0x00000844        0xc ./SDK/rtos/osif/osif_baremetal.o
 .text.osif_EnableIrqGlobal
                0x00000850        0xc ./SDK/rtos/osif/osif_baremetal.o
 .text.OSIF_SemaPost
                0x0000085c       0x3c ./SDK/rtos/osif/osif_baremetal.o
                0x0000085c                OSIF_SemaPost
 .text.OSIF_SemaCreate
                0x00000898       0x24 ./SDK/rtos/osif/osif_baremetal.o
                0x00000898                OSIF_SemaCreate
 .text.OSIF_SemaDestroy
                0x000008bc       0x14 ./SDK/rtos/osif/osif_baremetal.o
                0x000008bc                OSIF_SemaDestroy
 .text.POWER_SYS_Init
                0x000008d0       0x64 ./SDK/platform/drivers/src/power/power_manager.o
                0x000008d0                POWER_SYS_Init
 .text.POWER_SYS_CallbacksManagement
                0x00000934       0xe0 ./SDK/platform/drivers/src/power/power_manager.o
 .text.POWER_SYS_SetMode
                0x00000a14       0xc0 ./SDK/platform/drivers/src/power/power_manager.o
                0x00000a14                POWER_SYS_SetMode
 .text.SMC_SetRunModeControl
                0x00000ad4       0x38 ./SDK/platform/drivers/src/power/S32K1xx/power_smc_hw_access.o
 .text.SMC_SetStopModeControl
                0x00000b0c       0x36 ./SDK/platform/drivers/src/power/S32K1xx/power_smc_hw_access.o
 .text.SMC_SetStopOption
                0x00000b42       0x36 ./SDK/platform/drivers/src/power/S32K1xx/power_smc_hw_access.o
 .text.SMC_GetPowerModeStatus
                0x00000b78       0x62 ./SDK/platform/drivers/src/power/S32K1xx/power_smc_hw_access.o
 *fill*         0x00000bda        0x2 
 .text.SMC_SetPowerMode
                0x00000bdc      0x118 ./SDK/platform/drivers/src/power/S32K1xx/power_smc_hw_access.o
                0x00000bdc                SMC_SetPowerMode
 .text.SMC_SetProtectionMode
                0x00000cf4       0x3e ./SDK/platform/drivers/src/power/S32K1xx/power_smc_hw_access.o
                0x00000cf4                SMC_SetProtectionMode
 .text.SMC_WaitForStatChange
                0x00000d32       0x66 ./SDK/platform/drivers/src/power/S32K1xx/power_smc_hw_access.o
 .text.SMC_GetPowerModeStatus
                0x00000d98       0x62 ./SDK/platform/drivers/src/power/S32K1xx/power_manager_S32K1xx.o
 *fill*         0x00000dfa        0x2 
 .text.SCG_SetEnableSPLL
                0x00000dfc       0x40 ./SDK/platform/drivers/src/power/S32K1xx/power_manager_S32K1xx.o
 .text.SCG_GetEnableSPLL
                0x00000e3c       0x30 ./SDK/platform/drivers/src/power/S32K1xx/power_manager_S32K1xx.o
 .text.SCG_GetHsrunSelectSPLL
                0x00000e6c       0x30 ./SDK/platform/drivers/src/power/S32K1xx/power_manager_S32K1xx.o
 .text.SCG_SetEnableFIRC
                0x00000e9c       0x40 ./SDK/platform/drivers/src/power/S32K1xx/power_manager_S32K1xx.o
 .text.SCG_GetEnableFIRC
                0x00000edc       0x30 ./SDK/platform/drivers/src/power/S32K1xx/power_manager_S32K1xx.o
 .text.SCG_SetEnableSOSC
                0x00000f0c       0x40 ./SDK/platform/drivers/src/power/S32K1xx/power_manager_S32K1xx.o
 .text.SCG_GetEnableSOSC
                0x00000f4c       0x30 ./SDK/platform/drivers/src/power/S32K1xx/power_manager_S32K1xx.o
 .text.POWER_SYS_DoInit
                0x00000f7c       0x74 ./SDK/platform/drivers/src/power/S32K1xx/power_manager_S32K1xx.o
                0x00000f7c                POWER_SYS_DoInit
 .text.POWER_SYS_DoSetMode
                0x00000ff0       0x30 ./SDK/platform/drivers/src/power/S32K1xx/power_manager_S32K1xx.o
                0x00000ff0                POWER_SYS_DoSetMode
 .text.POWER_SYS_GetCurrentMode
                0x00001020       0x44 ./SDK/platform/drivers/src/power/S32K1xx/power_manager_S32K1xx.o
                0x00001020                POWER_SYS_GetCurrentMode
 .text.POWER_SYS_SwitchToRunningPowerMode
                0x00001064      0x140 ./SDK/platform/drivers/src/power/S32K1xx/power_manager_S32K1xx.o
 .text.POWER_SYS_SwitchToSleepingPowerMode
                0x000011a4      0x134 ./SDK/platform/drivers/src/power/S32K1xx/power_manager_S32K1xx.o
 .text.POWER_DRV_SwitchVlprClk
                0x000012d8       0x42 ./SDK/platform/drivers/src/power/S32K1xx/power_manager_S32K1xx.o
 .text.POWER_DRV_UpdateInitClk
                0x0000131a       0x22 ./SDK/platform/drivers/src/power/S32K1xx/power_manager_S32K1xx.o
 .text.POWER_DRV_EnableVlpClockSrc
                0x0000133c       0x34 ./SDK/platform/drivers/src/power/S32K1xx/power_manager_S32K1xx.o
 .text.POWER_DRV_DisableVlpClockSrc
                0x00001370       0x1a ./SDK/platform/drivers/src/power/S32K1xx/power_manager_S32K1xx.o
 *fill*         0x0000138a        0x2 
 .text.POWER_DRV_GetEnableClockSrc
                0x0000138c       0x38 ./SDK/platform/drivers/src/power/S32K1xx/power_manager_S32K1xx.o
 .text.POWER_SYS_EnterHsrunMode
                0x000013c4       0xd0 ./SDK/platform/drivers/src/power/S32K1xx/power_manager_S32K1xx.o
 .text.PINS_GPIO_WritePin
                0x00001494       0x42 ./SDK/platform/drivers/src/pins/pins_port_hw_access.o
 *fill*         0x000014d6        0x2 
 .text.PINS_GetAdcInterleaveVal
                0x000014d8       0xe4 ./SDK/platform/drivers/src/pins/pins_port_hw_access.o
 .text.PINS_Init
                0x000015bc      0x1ec ./SDK/platform/drivers/src/pins/pins_port_hw_access.o
                0x000015bc                PINS_Init
 .text.PINS_GPIO_SetPinsDirection
                0x000017a8       0x1a ./SDK/platform/drivers/src/pins/pins_driver.o
 .text.PINS_GPIO_ClearPins
                0x000017c2       0x1a ./SDK/platform/drivers/src/pins/pins_driver.o
 .text.PINS_GPIO_TogglePins
                0x000017dc       0x1a ./SDK/platform/drivers/src/pins/pins_driver.o
 .text.PINS_SetPinIntSel
                0x000017f6       0x42 ./SDK/platform/drivers/src/pins/pins_driver.o
 .text.PINS_ClearPinIntFlagCmd
                0x00001838       0x38 ./SDK/platform/drivers/src/pins/pins_driver.o
 .text.PINS_GetPortIntFlag
                0x00001870       0x1c ./SDK/platform/drivers/src/pins/pins_driver.o
 .text.PINS_ClearPortIntFlagCmd
                0x0000188c       0x1c ./SDK/platform/drivers/src/pins/pins_driver.o
 .text.PINS_DRV_Init
                0x000018a8       0x3e ./SDK/platform/drivers/src/pins/pins_driver.o
                0x000018a8                PINS_DRV_Init
 .text.PINS_DRV_SetPinIntSel
                0x000018e6       0x22 ./SDK/platform/drivers/src/pins/pins_driver.o
                0x000018e6                PINS_DRV_SetPinIntSel
 .text.PINS_DRV_ClearPinIntFlagCmd
                0x00001908       0x1a ./SDK/platform/drivers/src/pins/pins_driver.o
                0x00001908                PINS_DRV_ClearPinIntFlagCmd
 .text.PINS_DRV_GetPortIntFlag
                0x00001922       0x18 ./SDK/platform/drivers/src/pins/pins_driver.o
                0x00001922                PINS_DRV_GetPortIntFlag
 .text.PINS_DRV_ClearPortIntFlagCmd
                0x0000193a       0x16 ./SDK/platform/drivers/src/pins/pins_driver.o
                0x0000193a                PINS_DRV_ClearPortIntFlagCmd
 .text.PINS_DRV_SetPinsDirection
                0x00001950       0x1a ./SDK/platform/drivers/src/pins/pins_driver.o
                0x00001950                PINS_DRV_SetPinsDirection
 .text.PINS_DRV_ClearPins
                0x0000196a       0x1a ./SDK/platform/drivers/src/pins/pins_driver.o
                0x0000196a                PINS_DRV_ClearPins
 .text.PINS_DRV_TogglePins
                0x00001984       0x1a ./SDK/platform/drivers/src/pins/pins_driver.o
                0x00001984                PINS_DRV_TogglePins
 *fill*         0x0000199e        0x2 
 .text.INT_SYS_InstallHandler
                0x000019a0       0x4c ./SDK/platform/drivers/src/interrupt/interrupt_manager.o
                0x000019a0                INT_SYS_InstallHandler
 .text.INT_SYS_EnableIRQ
                0x000019ec       0x30 ./SDK/platform/drivers/src/interrupt/interrupt_manager.o
                0x000019ec                INT_SYS_EnableIRQ
 .text.INT_SYS_EnableIRQGlobal
                0x00001a1c       0x2c ./SDK/platform/drivers/src/interrupt/interrupt_manager.o
                0x00001a1c                INT_SYS_EnableIRQGlobal
 .text.INT_SYS_DisableIRQGlobal
                0x00001a48       0x1c ./SDK/platform/drivers/src/interrupt/interrupt_manager.o
                0x00001a48                INT_SYS_DisableIRQGlobal
 .text.CAN0_ORed_IRQHandler
                0x00001a64        0xe ./SDK/platform/drivers/src/flexcan/flexcan_irq.o
                0x00001a64                CAN0_ORed_IRQHandler
 .text.CAN0_Error_IRQHandler
                0x00001a72        0xe ./SDK/platform/drivers/src/flexcan/flexcan_irq.o
                0x00001a72                CAN0_Error_IRQHandler
 .text.CAN0_Wake_Up_IRQHandler
                0x00001a80        0xe ./SDK/platform/drivers/src/flexcan/flexcan_irq.o
                0x00001a80                CAN0_Wake_Up_IRQHandler
 .text.CAN0_ORed_0_15_MB_IRQHandler
                0x00001a8e        0xe ./SDK/platform/drivers/src/flexcan/flexcan_irq.o
                0x00001a8e                CAN0_ORed_0_15_MB_IRQHandler
 .text.CAN0_ORed_16_31_MB_IRQHandler
                0x00001a9c        0xe ./SDK/platform/drivers/src/flexcan/flexcan_irq.o
                0x00001a9c                CAN0_ORed_16_31_MB_IRQHandler
 .text.CAN1_ORed_IRQHandler
                0x00001aaa        0xe ./SDK/platform/drivers/src/flexcan/flexcan_irq.o
                0x00001aaa                CAN1_ORed_IRQHandler
 .text.CAN1_Error_IRQHandler
                0x00001ab8        0xe ./SDK/platform/drivers/src/flexcan/flexcan_irq.o
                0x00001ab8                CAN1_Error_IRQHandler
 .text.CAN1_ORed_0_15_MB_IRQHandler
                0x00001ac6        0xe ./SDK/platform/drivers/src/flexcan/flexcan_irq.o
                0x00001ac6                CAN1_ORed_0_15_MB_IRQHandler
 .text.CAN2_ORed_IRQHandler
                0x00001ad4        0xe ./SDK/platform/drivers/src/flexcan/flexcan_irq.o
                0x00001ad4                CAN2_ORed_IRQHandler
 .text.CAN2_Error_IRQHandler
                0x00001ae2        0xe ./SDK/platform/drivers/src/flexcan/flexcan_irq.o
                0x00001ae2                CAN2_Error_IRQHandler
 .text.CAN2_ORed_0_15_MB_IRQHandler
                0x00001af0        0xe ./SDK/platform/drivers/src/flexcan/flexcan_irq.o
                0x00001af0                CAN2_ORed_0_15_MB_IRQHandler
 .text.RxFifoOcuppiedLastMsgBuff
                0x00001afe       0x1c ./SDK/platform/drivers/src/flexcan/flexcan_hw_access.o
 .text.FLEXCAN_IsFDEnabled
                0x00001b1a       0x24 ./SDK/platform/drivers/src/flexcan/flexcan_hw_access.o
 .text.FLEXCAN_IsRxFifoEnabled
                0x00001b3e       0x24 ./SDK/platform/drivers/src/flexcan/flexcan_hw_access.o
 .text.FLEXCAN_SetSelfReception
                0x00001b62       0x32 ./SDK/platform/drivers/src/flexcan/flexcan_hw_access.o
 .text.FLEXCAN_GetRxFifoMask
                0x00001b94       0xd4 ./SDK/platform/drivers/src/flexcan/flexcan_hw_access.o
                0x00001b94                FLEXCAN_GetRxFifoMask
 .text.FLEXCAN_ComputeDLCValue
                0x00001c68       0x30 ./SDK/platform/drivers/src/flexcan/flexcan_hw_access.o
 .text.FLEXCAN_ComputePayloadSize
                0x00001c98       0x7c ./SDK/platform/drivers/src/flexcan/flexcan_hw_access.o
 .text.FLEXCAN_GetMaxMbNum
                0x00001d14       0x4c ./SDK/platform/drivers/src/flexcan/flexcan_hw_access.o
                0x00001d14                FLEXCAN_GetMaxMbNum
 .text.FLEXCAN_ClearRAM
                0x00001d60       0x72 ./SDK/platform/drivers/src/flexcan/flexcan_hw_access.o
 .text.FLEXCAN_GetMsgBuffRegion
                0x00001dd2       0x6c ./SDK/platform/drivers/src/flexcan/flexcan_hw_access.o
                0x00001dd2                FLEXCAN_GetMsgBuffRegion
 .text.FLEXCAN_Enable
                0x00001e3e       0x52 ./SDK/platform/drivers/src/flexcan/flexcan_hw_access.o
                0x00001e3e                FLEXCAN_Enable
 .text.FLEXCAN_Disable
                0x00001e90       0x34 ./SDK/platform/drivers/src/flexcan/flexcan_hw_access.o
                0x00001e90                FLEXCAN_Disable
 .text.FLEXCAN_Init
                0x00001ec4       0x6c ./SDK/platform/drivers/src/flexcan/flexcan_hw_access.o
                0x00001ec4                FLEXCAN_Init
 .text.FLEXCAN_SetTxMsgBuff
                0x00001f30      0x24c ./SDK/platform/drivers/src/flexcan/flexcan_hw_access.o
                0x00001f30                FLEXCAN_SetTxMsgBuff
 .text.FLEXCAN_SetRxMsgBuff
                0x0000217c      0x124 ./SDK/platform/drivers/src/flexcan/flexcan_hw_access.o
                0x0000217c                FLEXCAN_SetRxMsgBuff
 .text.FLEXCAN_GetMsgBuff
                0x000022a0      0x13a ./SDK/platform/drivers/src/flexcan/flexcan_hw_access.o
                0x000022a0                FLEXCAN_GetMsgBuff
 .text.FLEXCAN_LockRxMsgBuff
                0x000023da       0x20 ./SDK/platform/drivers/src/flexcan/flexcan_hw_access.o
                0x000023da                FLEXCAN_LockRxMsgBuff
 .text.FLEXCAN_EnableRxFifo
                0x000023fa       0x86 ./SDK/platform/drivers/src/flexcan/flexcan_hw_access.o
                0x000023fa                FLEXCAN_EnableRxFifo
 .text.FLEXCAN_SetMaxMsgBuffNum
                0x00002480       0xf0 ./SDK/platform/drivers/src/flexcan/flexcan_hw_access.o
                0x00002480                FLEXCAN_SetMaxMsgBuffNum
 .text.FLEXCAN_SetRxFifoFilter
                0x00002570      0x408 ./SDK/platform/drivers/src/flexcan/flexcan_hw_access.o
                0x00002570                FLEXCAN_SetRxFifoFilter
 .text.FLEXCAN_SetMsgBuffIntCmd
                0x00002978       0x6e ./SDK/platform/drivers/src/flexcan/flexcan_hw_access.o
                0x00002978                FLEXCAN_SetMsgBuffIntCmd
 .text.FLEXCAN_ExitFreezeMode
                0x000029e6       0x38 ./SDK/platform/drivers/src/flexcan/flexcan_hw_access.o
                0x000029e6                FLEXCAN_ExitFreezeMode
 .text.FLEXCAN_EnterFreezeMode
                0x00002a1e       0x7c ./SDK/platform/drivers/src/flexcan/flexcan_hw_access.o
                0x00002a1e                FLEXCAN_EnterFreezeMode
 *fill*         0x00002a9a        0x2 
 .text.FLEXCAN_ClearErrIntStatusFlag
                0x00002a9c       0x2c ./SDK/platform/drivers/src/flexcan/flexcan_hw_access.o
                0x00002a9c                FLEXCAN_ClearErrIntStatusFlag
 .text.FLEXCAN_ReadRxFifo
                0x00002ac8       0xa6 ./SDK/platform/drivers/src/flexcan/flexcan_hw_access.o
                0x00002ac8                FLEXCAN_ReadRxFifo
 *fill*         0x00002b6e        0x2 
 .text.FLEXCAN_SetOperationMode
                0x00002b70       0xa4 ./SDK/platform/drivers/src/flexcan/flexcan_hw_access.o
                0x00002b70                FLEXCAN_SetOperationMode
 .text.FLEXCAN_SetPayloadSize
                0x00002c14       0x42 ./SDK/platform/drivers/src/flexcan/flexcan_hw_access.o
                0x00002c14                FLEXCAN_SetPayloadSize
 .text.FLEXCAN_GetPayloadSize
                0x00002c56       0x42 ./SDK/platform/drivers/src/flexcan/flexcan_hw_access.o
                0x00002c56                FLEXCAN_GetPayloadSize
 .text.RxFifoOcuppiedLastMsgBuff
                0x00002c98       0x1c ./SDK/platform/drivers/src/flexcan/flexcan_driver.o
 .text.FLEXCAN_IsEnabled
                0x00002cb4       0x1c ./SDK/platform/drivers/src/flexcan/flexcan_driver.o
 .text.FLEXCAN_SelectClock
                0x00002cd0       0x2c ./SDK/platform/drivers/src/flexcan/flexcan_driver.o
 .text.FLEXCAN_SetTimeSegments
                0x00002cfc       0x60 ./SDK/platform/drivers/src/flexcan/flexcan_driver.o
 .text.FLEXCAN_SetRxIndividualMask
                0x00002d5c       0x24 ./SDK/platform/drivers/src/flexcan/flexcan_driver.o
 .text.FLEXCAN_SetRxFifoGlobalMask
                0x00002d80       0x1a ./SDK/platform/drivers/src/flexcan/flexcan_driver.o
 *fill*         0x00002d9a        0x2 
 .text.FLEXCAN_SetExtendedTimeSegments
                0x00002d9c       0x64 ./SDK/platform/drivers/src/flexcan/flexcan_driver.o
 .text.FLEXCAN_SetFDTimeSegments
                0x00002e00       0x70 ./SDK/platform/drivers/src/flexcan/flexcan_driver.o
 .text.FLEXCAN_SetFDEnabled
                0x00002e70       0x4e ./SDK/platform/drivers/src/flexcan/flexcan_driver.o
 .text.FLEXCAN_IsFDEnabled
                0x00002ebe       0x24 ./SDK/platform/drivers/src/flexcan/flexcan_driver.o
 .text.FLEXCAN_UnlockRxMsgBuff
                0x00002ee2       0x16 ./SDK/platform/drivers/src/flexcan/flexcan_driver.o
 .text.FLEXCAN_IsRxFifoEnabled
                0x00002ef8       0x24 ./SDK/platform/drivers/src/flexcan/flexcan_driver.o
 .text.FLEXCAN_GetRxFifoIdFormat
                0x00002f1c       0x58 ./SDK/platform/drivers/src/flexcan/flexcan_driver.o
 .text.FLEXCAN_GetMaxMsgBuffNum
                0x00002f74       0x1a ./SDK/platform/drivers/src/flexcan/flexcan_driver.o
 .text.FLEXCAN_GetMsgBuffIntStatusFlag
                0x00002f8e       0x40 ./SDK/platform/drivers/src/flexcan/flexcan_driver.o
 .text.FLEXCAN_ClearFIFO
                0x00002fce       0x18 ./SDK/platform/drivers/src/flexcan/flexcan_driver.o
 .text.FLEXCAN_ClearMsgBuffIntStatusFlag
                0x00002fe6       0x2e ./SDK/platform/drivers/src/flexcan/flexcan_driver.o
 .text.FLEXCAN_GetErrorCounters
                0x00003014       0x16 ./SDK/platform/drivers/src/flexcan/flexcan_driver.o
 .text.FLEXCAN_SetRxMaskType
                0x0000302a       0x36 ./SDK/platform/drivers/src/flexcan/flexcan_driver.o
 .text.FLEXCAN_GetNoOfIndividualMBsRxFIFO
                0x00003060       0x36 ./SDK/platform/drivers/src/flexcan/flexcan_driver.o
 *fill*         0x00003096        0x2 
 .text.FLEXCAN_SetRxIndividualStdMask
                0x00003098       0x30 ./SDK/platform/drivers/src/flexcan/flexcan_driver.o
 .text.FLEXCAN_SetRxIndividualExtMask
                0x000030c8       0x28 ./SDK/platform/drivers/src/flexcan/flexcan_driver.o
 .text.FLEXCAN_SetStuffBitCount
                0x000030f0       0x32 ./SDK/platform/drivers/src/flexcan/flexcan_driver.o
 .text.FLEXCAN_SetSelfReception
                0x00003122       0x32 ./SDK/platform/drivers/src/flexcan/flexcan_driver.o
 .text.FLEXCAN_SetRxFifoDMA
                0x00003154       0x32 ./SDK/platform/drivers/src/flexcan/flexcan_driver.o
 .text.FLEXCAN_IsPNEnabled
                0x00003186       0x24 ./SDK/platform/drivers/src/flexcan/flexcan_driver.o
 .text.FLEXCAN_GetWTOF
                0x000031aa       0x22 ./SDK/platform/drivers/src/flexcan/flexcan_driver.o
 .text.FLEXCAN_ClearWTOF
                0x000031cc       0x22 ./SDK/platform/drivers/src/flexcan/flexcan_driver.o
 .text.FLEXCAN_GetWUMF
                0x000031ee       0x22 ./SDK/platform/drivers/src/flexcan/flexcan_driver.o
 .text.FLEXCAN_ClearWUMF
                0x00003210       0x22 ./SDK/platform/drivers/src/flexcan/flexcan_driver.o
 *fill*         0x00003232        0x2 
 .text.FLEXCAN_DRV_SetRxMaskType
                0x00003234       0x3c ./SDK/platform/drivers/src/flexcan/flexcan_driver.o
                0x00003234                FLEXCAN_DRV_SetRxMaskType
 .text.FLEXCAN_DRV_SetRxFifoGlobalMask
                0x00003270       0xb0 ./SDK/platform/drivers/src/flexcan/flexcan_driver.o
                0x00003270                FLEXCAN_DRV_SetRxFifoGlobalMask
 .text.FLEXCAN_DRV_SetRxIndividualMask
                0x00003320      0x144 ./SDK/platform/drivers/src/flexcan/flexcan_driver.o
                0x00003320                FLEXCAN_DRV_SetRxIndividualMask
 .text.FLEXCAN_EnableIRQs
                0x00003464       0x98 ./SDK/platform/drivers/src/flexcan/flexcan_driver.o
 .text.FLEXCAN_DRV_Init
                0x000034fc      0x260 ./SDK/platform/drivers/src/flexcan/flexcan_driver.o
                0x000034fc                FLEXCAN_DRV_Init
 .text.FLEXCAN_DRV_ConfigTxMb
                0x0000375c       0x64 ./SDK/platform/drivers/src/flexcan/flexcan_driver.o
                0x0000375c                FLEXCAN_DRV_ConfigTxMb
 .text.FLEXCAN_DRV_Send
                0x000037c0       0x58 ./SDK/platform/drivers/src/flexcan/flexcan_driver.o
                0x000037c0                FLEXCAN_DRV_Send
 .text.FLEXCAN_DRV_ConfigRxMb
                0x00003818       0x8c ./SDK/platform/drivers/src/flexcan/flexcan_driver.o
                0x00003818                FLEXCAN_DRV_ConfigRxMb
 .text.FLEXCAN_DRV_ConfigRxFifo
                0x000038a4       0x40 ./SDK/platform/drivers/src/flexcan/flexcan_driver.o
                0x000038a4                FLEXCAN_DRV_ConfigRxFifo
 .text.FLEXCAN_DRV_Receive
                0x000038e4       0x2a ./SDK/platform/drivers/src/flexcan/flexcan_driver.o
                0x000038e4                FLEXCAN_DRV_Receive
 .text.FLEXCAN_DRV_RxFifo
                0x0000390e       0x26 ./SDK/platform/drivers/src/flexcan/flexcan_driver.o
                0x0000390e                FLEXCAN_DRV_RxFifo
 .text.FLEXCAN_IRQHandlerRxFIFO
                0x00003934       0xcc ./SDK/platform/drivers/src/flexcan/flexcan_driver.o
 .text.FLEXCAN_IRQHandlerRxMB
                0x00003a00       0x8c ./SDK/platform/drivers/src/flexcan/flexcan_driver.o
 .text.FLEXCAN_IRQHandler
                0x00003a8c      0x174 ./SDK/platform/drivers/src/flexcan/flexcan_driver.o
                0x00003a8c                FLEXCAN_IRQHandler
 .text.FLEXCAN_Error_IRQHandler
                0x00003c00       0x4c ./SDK/platform/drivers/src/flexcan/flexcan_driver.o
                0x00003c00                FLEXCAN_Error_IRQHandler
 .text.FLEXCAN_WakeUpHandler
                0x00003c4c       0x94 ./SDK/platform/drivers/src/flexcan/flexcan_driver.o
                0x00003c4c                FLEXCAN_WakeUpHandler
 .text.FLEXCAN_StartSendData
                0x00003ce0       0xf4 ./SDK/platform/drivers/src/flexcan/flexcan_driver.o
 .text.FLEXCAN_StartRxMessageBufferData
                0x00003dd4       0xdc ./SDK/platform/drivers/src/flexcan/flexcan_driver.o
 .text.FLEXCAN_StartRxMessageFifoData
                0x00003eb0      0x170 ./SDK/platform/drivers/src/flexcan/flexcan_driver.o
 .text.FLEXCAN_CompleteTransfer
                0x00004020       0x64 ./SDK/platform/drivers/src/flexcan/flexcan_driver.o
 .text.FLEXCAN_CompleteRxFifoDataDMA
                0x00004084       0x58 ./SDK/platform/drivers/src/flexcan/flexcan_driver.o
 .text.FLEXCAN_CompleteRxMessageFifoData
                0x000040dc      0x104 ./SDK/platform/drivers/src/flexcan/flexcan_driver.o
 .text.FLEXCAN_DRV_InstallEventCallback
                0x000041e0       0x38 ./SDK/platform/drivers/src/flexcan/flexcan_driver.o
                0x000041e0                FLEXCAN_DRV_InstallEventCallback
 .text.EDMA_GetErrorIntStatusFlag
                0x00004218       0x16 ./SDK/platform/drivers/src/edma/edma_irq.o
 .text.DMA0_IRQHandler
                0x0000422e        0xe ./SDK/platform/drivers/src/edma/edma_irq.o
                0x0000422e                DMA0_IRQHandler
 .text.DMA1_IRQHandler
                0x0000423c        0xe ./SDK/platform/drivers/src/edma/edma_irq.o
                0x0000423c                DMA1_IRQHandler
 .text.DMA2_IRQHandler
                0x0000424a        0xe ./SDK/platform/drivers/src/edma/edma_irq.o
                0x0000424a                DMA2_IRQHandler
 .text.DMA3_IRQHandler
                0x00004258        0xe ./SDK/platform/drivers/src/edma/edma_irq.o
                0x00004258                DMA3_IRQHandler
 .text.DMA4_IRQHandler
                0x00004266        0xe ./SDK/platform/drivers/src/edma/edma_irq.o
                0x00004266                DMA4_IRQHandler
 .text.DMA5_IRQHandler
                0x00004274        0xe ./SDK/platform/drivers/src/edma/edma_irq.o
                0x00004274                DMA5_IRQHandler
 .text.DMA6_IRQHandler
                0x00004282        0xe ./SDK/platform/drivers/src/edma/edma_irq.o
                0x00004282                DMA6_IRQHandler
 .text.DMA7_IRQHandler
                0x00004290        0xe ./SDK/platform/drivers/src/edma/edma_irq.o
                0x00004290                DMA7_IRQHandler
 .text.DMA8_IRQHandler
                0x0000429e        0xe ./SDK/platform/drivers/src/edma/edma_irq.o
                0x0000429e                DMA8_IRQHandler
 .text.DMA9_IRQHandler
                0x000042ac        0xe ./SDK/platform/drivers/src/edma/edma_irq.o
                0x000042ac                DMA9_IRQHandler
 .text.DMA10_IRQHandler
                0x000042ba        0xe ./SDK/platform/drivers/src/edma/edma_irq.o
                0x000042ba                DMA10_IRQHandler
 .text.DMA11_IRQHandler
                0x000042c8        0xe ./SDK/platform/drivers/src/edma/edma_irq.o
                0x000042c8                DMA11_IRQHandler
 .text.DMA12_IRQHandler
                0x000042d6        0xe ./SDK/platform/drivers/src/edma/edma_irq.o
                0x000042d6                DMA12_IRQHandler
 .text.DMA13_IRQHandler
                0x000042e4        0xe ./SDK/platform/drivers/src/edma/edma_irq.o
                0x000042e4                DMA13_IRQHandler
 .text.DMA14_IRQHandler
                0x000042f2        0xe ./SDK/platform/drivers/src/edma/edma_irq.o
                0x000042f2                DMA14_IRQHandler
 .text.DMA15_IRQHandler
                0x00004300        0xe ./SDK/platform/drivers/src/edma/edma_irq.o
                0x00004300                DMA15_IRQHandler
 .text.DMA_Error_IRQHandler
                0x0000430e       0x4c ./SDK/platform/drivers/src/edma/edma_irq.o
                0x0000430e                DMA_Error_IRQHandler
 .text.EDMA_Init
                0x0000435a       0x68 ./SDK/platform/drivers/src/edma/edma_hw_access.o
                0x0000435a                EDMA_Init
 .text.EDMA_SetErrorIntCmd
                0x000043c2       0x2e ./SDK/platform/drivers/src/edma/edma_hw_access.o
                0x000043c2                EDMA_SetErrorIntCmd
 .text.EDMA_SetDmaRequestCmd
                0x000043f0       0x2e ./SDK/platform/drivers/src/edma/edma_hw_access.o
                0x000043f0                EDMA_SetDmaRequestCmd
 .text.EDMA_TCDClearReg
                0x0000441e       0xd4 ./SDK/platform/drivers/src/edma/edma_hw_access.o
                0x0000441e                EDMA_TCDClearReg
 .text.EDMA_TCDSetAttribute
                0x000044f2       0x6e ./SDK/platform/drivers/src/edma/edma_hw_access.o
                0x000044f2                EDMA_TCDSetAttribute
 .text.EDMA_TCDSetNbytes
                0x00004560       0xca ./SDK/platform/drivers/src/edma/edma_hw_access.o
                0x00004560                EDMA_TCDSetNbytes
 .text.EDMA_TCDSetMajorCount
                0x0000462a      0x14a ./SDK/platform/drivers/src/edma/edma_hw_access.o
                0x0000462a                EDMA_TCDSetMajorCount
 .text.DMAMUX_Init
                0x00004774       0x2c ./SDK/platform/drivers/src/edma/edma_hw_access.o
                0x00004774                DMAMUX_Init
 .text.EDMA_SetHaltOnErrorCmd
                0x000047a0       0x3c ./SDK/platform/drivers/src/edma/edma_driver.o
 .text.EDMA_SetChannelPriority
                0x000047dc       0x56 ./SDK/platform/drivers/src/edma/edma_driver.o
 .text.EDMA_SetChannelArbitrationMode
                0x00004832       0x38 ./SDK/platform/drivers/src/edma/edma_driver.o
 .text.EDMA_GetChannelArbitrationMode
                0x0000486a       0x2c ./SDK/platform/drivers/src/edma/edma_driver.o
 .text.EDMA_SetMinorLoopMappingCmd
                0x00004896       0x3c ./SDK/platform/drivers/src/edma/edma_driver.o
 .text.EDMA_ClearErrorIntStatusFlag
                0x000048d2       0x1c ./SDK/platform/drivers/src/edma/edma_driver.o
 .text.EDMA_ClearDoneStatusFlag
                0x000048ee       0x1c ./SDK/platform/drivers/src/edma/edma_driver.o
 .text.EDMA_ClearIntStatusFlag
                0x0000490a       0x1c ./SDK/platform/drivers/src/edma/edma_driver.o
 .text.EDMA_TCDSetSrcAddr
                0x00004926       0x26 ./SDK/platform/drivers/src/edma/edma_driver.o
 .text.EDMA_TCDSetSrcOffset
                0x0000494c       0x2c ./SDK/platform/drivers/src/edma/edma_driver.o
 .text.EDMA_TCDSetDestAddr
                0x00004978       0x2a ./SDK/platform/drivers/src/edma/edma_driver.o
 .text.EDMA_TCDSetDestOffset
                0x000049a2       0x2e ./SDK/platform/drivers/src/edma/edma_driver.o
 .text.EDMA_TCDSetDisableDmaRequestAfterTCDDoneCmd
                0x000049d0       0x5c ./SDK/platform/drivers/src/edma/edma_driver.o
 .text.EDMA_TCDSetMajorCompleteIntCmd
                0x00004a2c       0x5c ./SDK/platform/drivers/src/edma/edma_driver.o
 .text.DMAMUX_SetChannelCmd
                0x00004a88       0x52 ./SDK/platform/drivers/src/edma/edma_driver.o
 .text.DMAMUX_SetChannelTrigger
                0x00004ada       0x50 ./SDK/platform/drivers/src/edma/edma_driver.o
 .text.DMAMUX_SetChannelSource
                0x00004b2a       0x4e ./SDK/platform/drivers/src/edma/edma_driver.o
 .text.EDMA_DRV_Init
                0x00004b78      0x12c ./SDK/platform/drivers/src/edma/edma_driver.o
                0x00004b78                EDMA_DRV_Init
 .text.EDMA_DRV_ChannelInit
                0x00004ca4       0xd8 ./SDK/platform/drivers/src/edma/edma_driver.o
                0x00004ca4                EDMA_DRV_ChannelInit
 .text.EDMA_DRV_InstallCallback
                0x00004d7c       0x3c ./SDK/platform/drivers/src/edma/edma_driver.o
                0x00004d7c                EDMA_DRV_InstallCallback
 .text.EDMA_DRV_ClearIntStatus
                0x00004db8       0x3c ./SDK/platform/drivers/src/edma/edma_driver.o
 .text.EDMA_DRV_IRQHandler
                0x00004df4       0x4c ./SDK/platform/drivers/src/edma/edma_driver.o
                0x00004df4                EDMA_DRV_IRQHandler
 .text.EDMA_DRV_ErrorIRQHandler
                0x00004e40       0x7c ./SDK/platform/drivers/src/edma/edma_driver.o
                0x00004e40                EDMA_DRV_ErrorIRQHandler
 .text.EDMA_DRV_ConfigSingleBlockTransfer
                0x00004ebc      0x170 ./SDK/platform/drivers/src/edma/edma_driver.o
                0x00004ebc                EDMA_DRV_ConfigSingleBlockTransfer
 .text.EDMA_DRV_StartChannel
                0x0000502c       0x38 ./SDK/platform/drivers/src/edma/edma_driver.o
                0x0000502c                EDMA_DRV_StartChannel
 .text.EDMA_DRV_StopChannel
                0x00005064       0x38 ./SDK/platform/drivers/src/edma/edma_driver.o
                0x00005064                EDMA_DRV_StopChannel
 .text.EDMA_DRV_SetChannelRequestAndTrigger
                0x0000509c       0x60 ./SDK/platform/drivers/src/edma/edma_driver.o
                0x0000509c                EDMA_DRV_SetChannelRequestAndTrigger
 .text.EDMA_DRV_DisableRequestsOnTransferComplete
                0x000050fc       0x3c ./SDK/platform/drivers/src/edma/edma_driver.o
                0x000050fc                EDMA_DRV_DisableRequestsOnTransferComplete
 .text.EDMA_DRV_GetDmaRegBaseAddr
                0x00005138       0x18 ./SDK/platform/drivers/src/edma/edma_driver.o
                0x00005138                EDMA_DRV_GetDmaRegBaseAddr
 .text.EDMA_DRV_ClearStructure
                0x00005150       0x2e ./SDK/platform/drivers/src/edma/edma_driver.o
 .text.SIM_SetLpoClocks
                0x0000517e       0x70 ./SDK/platform/drivers/src/clock/S32K1xx/clock_S32K1xx.o
 .text.SIM_SetEimClockGate
                0x000051ee       0x3c ./SDK/platform/drivers/src/clock/S32K1xx/clock_S32K1xx.o
 .text.SIM_SetErmClockGate
                0x0000522a       0x3c ./SDK/platform/drivers/src/clock/S32K1xx/clock_S32K1xx.o
 .text.SIM_SetDmaClockGate
                0x00005266       0x3c ./SDK/platform/drivers/src/clock/S32K1xx/clock_S32K1xx.o
 .text.SIM_SetMpuClockGate
                0x000052a2       0x3c ./SDK/platform/drivers/src/clock/S32K1xx/clock_S32K1xx.o
 .text.SIM_SetMscmClockGate
                0x000052de       0x3c ./SDK/platform/drivers/src/clock/S32K1xx/clock_S32K1xx.o
 .text.SIM_SetClockout
                0x0000531a       0x5c ./SDK/platform/drivers/src/clock/S32K1xx/clock_S32K1xx.o
 .text.SIM_SetTraceClockSource
                0x00005376       0x36 ./SDK/platform/drivers/src/clock/S32K1xx/clock_S32K1xx.o
 .text.SIM_ClearTraceClockConfig
                0x000053ac       0x1c ./SDK/platform/drivers/src/clock/S32K1xx/clock_S32K1xx.o
 .text.SIM_SetTraceClockConfig
                0x000053c8       0x3e ./SDK/platform/drivers/src/clock/S32K1xx/clock_S32K1xx.o
 .text.SCG_GetCurrentSystemClockSource
                0x00005406       0x1c ./SDK/platform/drivers/src/clock/S32K1xx/clock_S32K1xx.o
 .text.SCG_GetCurrentCoreClockDividerRatio
                0x00005422       0x1c ./SDK/platform/drivers/src/clock/S32K1xx/clock_S32K1xx.o
 .text.SCG_GetCurrentBusClockDividerRatio
                0x0000543e       0x1c ./SDK/platform/drivers/src/clock/S32K1xx/clock_S32K1xx.o
 .text.SCG_GetCurrentSlowClockDividerRatio
                0x0000545a       0x1a ./SDK/platform/drivers/src/clock/S32K1xx/clock_S32K1xx.o
 .text.SCG_SetRunClockControl
                0x00005474       0x42 ./SDK/platform/drivers/src/clock/S32K1xx/clock_S32K1xx.o
 .text.SCG_SetVlprClockControl
                0x000054b6       0x42 ./SDK/platform/drivers/src/clock/S32K1xx/clock_S32K1xx.o
 .text.SCG_SetHsrunClockControl
                0x000054f8       0x42 ./SDK/platform/drivers/src/clock/S32K1xx/clock_S32K1xx.o
 .text.SCG_SetFircAsyncConfig
                0x0000553a       0x30 ./SDK/platform/drivers/src/clock/S32K1xx/clock_S32K1xx.o
 .text.SCG_SetSircAsyncConfig
                0x0000556a       0x30 ./SDK/platform/drivers/src/clock/S32K1xx/clock_S32K1xx.o
 .text.SCG_SetSoscAsyncConfig
                0x0000559a       0x30 ./SDK/platform/drivers/src/clock/S32K1xx/clock_S32K1xx.o
 .text.SCG_SetSpllAsyncConfig
                0x000055ca       0x30 ./SDK/platform/drivers/src/clock/S32K1xx/clock_S32K1xx.o
 .text.SCG_SetClockoutSourceSel
                0x000055fa       0x36 ./SDK/platform/drivers/src/clock/S32K1xx/clock_S32K1xx.o
 .text.SCG_GetSircSystemClockMode
                0x00005630       0x30 ./SDK/platform/drivers/src/clock/S32K1xx/clock_S32K1xx.o
 .text.SCG_GetSircStatus
                0x00005660       0x26 ./SDK/platform/drivers/src/clock/S32K1xx/clock_S32K1xx.o
 .text.SCG_GetSircRange
                0x00005686       0x1c ./SDK/platform/drivers/src/clock/S32K1xx/clock_S32K1xx.o
 .text.SCG_ClearSircLock
                0x000056a2       0x22 ./SDK/platform/drivers/src/clock/S32K1xx/clock_S32K1xx.o
 .text.SCG_ClearSircControl
                0x000056c4       0x1a ./SDK/platform/drivers/src/clock/S32K1xx/clock_S32K1xx.o
 .text.SCG_SetSircConfiguration
                0x000056de       0x22 ./SDK/platform/drivers/src/clock/S32K1xx/clock_S32K1xx.o
 .text.SCG_SetSircControl
                0x00005700       0x58 ./SDK/platform/drivers/src/clock/S32K1xx/clock_S32K1xx.o
 .text.SCG_GetFircSystemClockMode
                0x00005758       0x30 ./SDK/platform/drivers/src/clock/S32K1xx/clock_S32K1xx.o
 .text.SCG_GetFircStatus
                0x00005788       0x26 ./SDK/platform/drivers/src/clock/S32K1xx/clock_S32K1xx.o
 .text.SCG_GetFircRange
                0x000057ae       0x1c ./SDK/platform/drivers/src/clock/S32K1xx/clock_S32K1xx.o
 .text.SCG_ClearFircLock
                0x000057ca       0x22 ./SDK/platform/drivers/src/clock/S32K1xx/clock_S32K1xx.o
 .text.SCG_ClearFircControl
                0x000057ec       0x1c ./SDK/platform/drivers/src/clock/S32K1xx/clock_S32K1xx.o
 .text.SCG_SetFircConfiguration
                0x00005808       0x22 ./SDK/platform/drivers/src/clock/S32K1xx/clock_S32K1xx.o
 .text.SCG_SetFircControl
                0x0000582a       0x40 ./SDK/platform/drivers/src/clock/S32K1xx/clock_S32K1xx.o
 .text.SCG_GetSoscSystemClockMode
                0x0000586a       0x30 ./SDK/platform/drivers/src/clock/S32K1xx/clock_S32K1xx.o
 .text.SCG_GetSoscStatus
                0x0000589a       0x26 ./SDK/platform/drivers/src/clock/S32K1xx/clock_S32K1xx.o
 .text.SCG_ClearSoscLock
                0x000058c0       0x22 ./SDK/platform/drivers/src/clock/S32K1xx/clock_S32K1xx.o
 .text.SCG_ClearSoscControl
                0x000058e2       0x1c ./SDK/platform/drivers/src/clock/S32K1xx/clock_S32K1xx.o
 .text.SCG_SetSoscConfiguration
                0x000058fe       0x3a ./SDK/platform/drivers/src/clock/S32K1xx/clock_S32K1xx.o
 .text.SCG_SetSoscControl
                0x00005938       0x5c ./SDK/platform/drivers/src/clock/S32K1xx/clock_S32K1xx.o
 .text.SCG_GetSpllSystemClockMode
                0x00005994       0x30 ./SDK/platform/drivers/src/clock/S32K1xx/clock_S32K1xx.o
 .text.SCG_GetSpllStatus
                0x000059c4       0x26 ./SDK/platform/drivers/src/clock/S32K1xx/clock_S32K1xx.o
 .text.SCG_GetSpllPredivider
                0x000059ea       0x1e ./SDK/platform/drivers/src/clock/S32K1xx/clock_S32K1xx.o
 .text.SCG_GetSpllMultiplier
                0x00005a08       0x1e ./SDK/platform/drivers/src/clock/S32K1xx/clock_S32K1xx.o
 .text.SCG_ClearSpllLock
                0x00005a26       0x22 ./SDK/platform/drivers/src/clock/S32K1xx/clock_S32K1xx.o
 .text.SCG_ClearSpllControl
                0x00005a48       0x1c ./SDK/platform/drivers/src/clock/S32K1xx/clock_S32K1xx.o
 .text.SCG_SetSpllConfiguration
                0x00005a64       0x32 ./SDK/platform/drivers/src/clock/S32K1xx/clock_S32K1xx.o
 .text.SCG_SetSpllControl
                0x00005a96       0x5c ./SDK/platform/drivers/src/clock/S32K1xx/clock_S32K1xx.o
 *fill*         0x00005af2        0x2 
 .text.PCC_SetPeripheralClockControl
                0x00005af4       0x60 ./SDK/platform/drivers/src/clock/S32K1xx/clock_S32K1xx.o
 .text.PCC_SetClockMode
                0x00005b54       0x70 ./SDK/platform/drivers/src/clock/S32K1xx/clock_S32K1xx.o
 .text.PMC_SetLpoMode
                0x00005bc4       0x3c ./SDK/platform/drivers/src/clock/S32K1xx/clock_S32K1xx.o
 .text.PMC_SetLpoTrimValue
                0x00005c00       0x5c ./SDK/platform/drivers/src/clock/S32K1xx/clock_S32K1xx.o
 .text.SMC_GetCurrentRunningMode
                0x00005c5c       0x18 ./SDK/platform/drivers/src/clock/S32K1xx/clock_S32K1xx.o
 .text.CLOCK_DRV_Init
                0x00005c74       0x6e ./SDK/platform/drivers/src/clock/S32K1xx/clock_S32K1xx.o
                0x00005c74                CLOCK_DRV_Init
 *fill*         0x00005ce2        0x2 
 .text.CLOCK_SYS_SetScgConfiguration
                0x00005ce4       0xb4 ./SDK/platform/drivers/src/clock/S32K1xx/clock_S32K1xx.o
 .text.CLOCK_SYS_SetPccConfiguration
                0x00005d98       0xb8 ./SDK/platform/drivers/src/clock/S32K1xx/clock_S32K1xx.o
 .text.CLOCK_SYS_SetSimConfiguration
                0x00005e50      0x124 ./SDK/platform/drivers/src/clock/S32K1xx/clock_S32K1xx.o
 .text.CLOCK_SYS_SetPmcConfiguration
                0x00005f74       0x38 ./SDK/platform/drivers/src/clock/S32K1xx/clock_S32K1xx.o
 .text.CLOCK_SYS_GetDefaultConfiguration
                0x00005fac      0x24c ./SDK/platform/drivers/src/clock/S32K1xx/clock_S32K1xx.o
 .text.CLOCK_SYS_GetCurrentRunMode
                0x000061f8       0x44 ./SDK/platform/drivers/src/clock/S32K1xx/clock_S32K1xx.o
 .text.CLOCK_SYS_TransitionSystemClock
                0x0000623c       0x60 ./SDK/platform/drivers/src/clock/S32K1xx/clock_S32K1xx.o
 .text.CLOCK_SYS_ConfigureSIRC
                0x0000629c       0xc8 ./SDK/platform/drivers/src/clock/S32K1xx/clock_S32K1xx.o
 .text.CLOCK_SYS_ConfigureFIRC
                0x00006364       0xc4 ./SDK/platform/drivers/src/clock/S32K1xx/clock_S32K1xx.o
 .text.CLOCK_SYS_ConfigureSOSC
                0x00006428      0x124 ./SDK/platform/drivers/src/clock/S32K1xx/clock_S32K1xx.o
 .text.CLOCK_SYS_ConfigureSPLL
                0x0000654c      0x118 ./SDK/platform/drivers/src/clock/S32K1xx/clock_S32K1xx.o
 .text.CLOCK_SYS_ConfigureTemporarySystemClock
                0x00006664       0x68 ./SDK/platform/drivers/src/clock/S32K1xx/clock_S32K1xx.o
 .text.CLOCK_SYS_ConfigureModulesFromScg
                0x000066cc      0x1c8 ./SDK/platform/drivers/src/clock/S32K1xx/clock_S32K1xx.o
 .text.CLOCK_SYS_GetSrcFreq
                0x00006894       0x64 ./SDK/platform/drivers/src/clock/S32K1xx/clock_S32K1xx.o
 .text.CLOCK_SYS_SetSystemClockConfig
                0x000068f8      0x234 ./SDK/platform/drivers/src/clock/S32K1xx/clock_S32K1xx.o
 .text.CLOCK_SYS_GetSysOscFreq
                0x00006b2c       0x30 ./SDK/platform/drivers/src/clock/S32K1xx/clock_S32K1xx.o
 .text.CLOCK_SYS_GetSircFreq
                0x00006b5c       0x38 ./SDK/platform/drivers/src/clock/S32K1xx/clock_S32K1xx.o
 .text.CLOCK_SYS_GetFircFreq
                0x00006b94       0x3c ./SDK/platform/drivers/src/clock/S32K1xx/clock_S32K1xx.o
 .text.CLOCK_SYS_GetSysPllFreq
                0x00006bd0       0x64 ./SDK/platform/drivers/src/clock/S32K1xx/clock_S32K1xx.o
 .text.CLOCK_SYS_GetSysClockMode
                0x00006c34       0x3c ./SDK/platform/drivers/src/clock/S32K1xx/clock_S32K1xx.o
 .text.CLOCK_SYS_GetSysClockSource
                0x00006c70       0x54 ./SDK/platform/drivers/src/clock/S32K1xx/clock_S32K1xx.o
 .text.CLOCK_DRV_SetSystemClock
                0x00006cc4      0x12c ./SDK/platform/drivers/src/clock/S32K1xx/clock_S32K1xx.o
                0x00006cc4                CLOCK_DRV_SetSystemClock
 .text.CLOCK_DRV_GetSystemClockSource
                0x00006df0       0xa0 ./SDK/platform/drivers/src/clock/S32K1xx/clock_S32K1xx.o
                0x00006df0                CLOCK_DRV_GetSystemClockSource
 .text.CLOCK_SYS_Init
                0x00006e90       0x44 ./SDK/platform/drivers/src/clock/S32K1xx/clock_S32K1xx.o
                0x00006e90                CLOCK_SYS_Init
 .text.CLOCK_SYS_UpdateConfiguration
                0x00006ed4      0x174 ./SDK/platform/drivers/src/clock/S32K1xx/clock_S32K1xx.o
                0x00006ed4                CLOCK_SYS_UpdateConfiguration
 .text.CLOCK_SYS_SetConfiguration
                0x00007048       0x18 ./SDK/platform/drivers/src/clock/S32K1xx/clock_S32K1xx.o
                0x00007048                CLOCK_SYS_SetConfiguration
 .text.init_data_bss
                0x00007060      0x128 ./SDK/platform/devices/startup.o
                0x00007060                init_data_bss
 .text.SystemInit
                0x00007188       0x30 ./SDK/platform/devices/S32K144/startup/system_S32K144.o
                0x00007188                SystemInit
 *(.rodata)
 *(.rodata*)
 .rodata.payload_code.6174
                0x000071b8       0x41 ./SDK/platform/drivers/src/flexcan/flexcan_hw_access.o
 *fill*         0x000071f9        0x3 
 .rodata.flexcanBase.6193
                0x000071fc        0xc ./SDK/platform/drivers/src/flexcan/flexcan_hw_access.o
 .rodata.maxMbNum.6194
                0x00007208        0xc ./SDK/platform/drivers/src/flexcan/flexcan_hw_access.o
 .rodata.g_flexcanBase
                0x00007214        0xc ./SDK/platform/drivers/src/flexcan/flexcan_driver.o
 .rodata.g_flexcanWakeUpIrqId
                0x00007220        0x3 ./SDK/platform/drivers/src/flexcan/flexcan_driver.o
 *fill*         0x00007223        0x1 
 .rodata.g_flexcanErrorIrqId
                0x00007224        0x3 ./SDK/platform/drivers/src/flexcan/flexcan_driver.o
 *fill*         0x00007227        0x1 
 .rodata.g_flexcanBusOffIrqId
                0x00007228        0x3 ./SDK/platform/drivers/src/flexcan/flexcan_driver.o
 *fill*         0x0000722b        0x1 
 .rodata.g_flexcanOredMessageBufferIrqId
                0x0000722c        0x6 ./SDK/platform/drivers/src/flexcan/flexcan_driver.o
 *fill*         0x00007232        0x2 
 .rodata.s_edmaIrqId
                0x00007234       0x10 ./SDK/platform/drivers/src/edma/edma_driver.o
 .rodata.clockNameMappings
                0x00007244       0x9e ./SDK/platform/drivers/src/clock/S32K1xx/clock_S32K1xx.o
                0x00007244                clockNameMappings
 *fill*         0x000072e2        0x2 
 .rodata.tmpSysClk.6393
                0x000072e4        0xc ./SDK/platform/drivers/src/clock/S32K1xx/clock_S32K1xx.o
 .rodata.tmpSysClk.6400
                0x000072f0        0xc ./SDK/platform/drivers/src/clock/S32K1xx/clock_S32K1xx.o
 .rodata.maxSysClksInRUN.6438
                0x000072fc       0x54 ./SDK/platform/drivers/src/clock/S32K1xx/clock_S32K1xx.o
 .rodata.maxSysClksInVLPR.6437
                0x00007350       0x54 ./SDK/platform/drivers/src/clock/S32K1xx/clock_S32K1xx.o
 .rodata.maxSysClksInHSRUN.6439
                0x000073a4       0x54 ./SDK/platform/drivers/src/clock/S32K1xx/clock_S32K1xx.o
 .rodata.fircFreq.6482
                0x000073f8        0x4 ./SDK/platform/drivers/src/clock/S32K1xx/clock_S32K1xx.o
 .rodata.defSysClk.6586
                0x000073fc        0xc ./SDK/platform/drivers/src/clock/S32K1xx/clock_S32K1xx.o
 .rodata.sysClkDivMappings.6585
                0x00007408       0x11 ./SDK/platform/drivers/src/clock/S32K1xx/clock_S32K1xx.o
 *fill*         0x00007419        0x3 
 .rodata.edmaChnStateArray
                0x0000741c        0x4 ./Generated_Code/dmaController1.o
                0x0000741c                edmaChnStateArray
 .rodata.edmaChnConfigArray
                0x00007420        0x4 ./Generated_Code/dmaController1.o
                0x00007420                edmaChnConfigArray
 .rodata.canCom1_InitConfig0
                0x00007424       0x38 ./Generated_Code/canCom1.o
                0x00007424                canCom1_InitConfig0
 *(.init)
 *(.fini)
 *(.eh_frame)
                0x0000745c                . = ALIGN (0x4)

.glue_7         0x0000745c        0x0
 .glue_7        0x0000745c        0x0 linker stubs

.glue_7t        0x0000745c        0x0
 .glue_7t       0x0000745c        0x0 linker stubs

.vfp11_veneer   0x0000745c        0x0
 .vfp11_veneer  0x0000745c        0x0 linker stubs

.v4_bx          0x0000745c        0x0
 .v4_bx         0x0000745c        0x0 linker stubs

.iplt           0x0000745c        0x0
 .iplt          0x0000745c        0x0 D:/NXP/S32DS_ARM_v2018.R1/S32DS/arm32_ewl2/lib/thumb/v7e-m/__arm_start.o

.rel.dyn        0x0000745c        0x0
 .rel.iplt      0x0000745c        0x0 D:/NXP/S32DS_ARM_v2018.R1/S32DS/arm32_ewl2/lib/thumb/v7e-m/__arm_start.o

.ARM            0x0000745c        0x0
                0x0000745c                __exidx_start = .
 *(.ARM.exidx*)
                0x0000745c                __exidx_end = .
                0x0000745c                __etext = .
                0x0000745c                __DATA_ROM = .

.interrupts_ram
                0x1fff8000      0x400
                0x1fff8000                . = ALIGN (0x4)
                0x1fff8000                __VECTOR_RAM__ = .
                0x1fff8000                __RAM_START = .
                0x1fff8000                __interrupts_ram_start__ = .
 *(.m_interrupts_ram)
                0x1fff8400                . = (. + M_VECTOR_RAM_SIZE)
 *fill*         0x1fff8000      0x400 
                0x1fff8400                . = ALIGN (0x4)
                0x1fff8400                __interrupts_ram_end__ = .
                0x1fff8000                __VECTOR_RAM = DEFINED (__flash_vector_table__)?ORIGIN (m_interrupts):__VECTOR_RAM__
                0x00000400                __RAM_VECTOR_TABLE_SIZE = DEFINED (__flash_vector_table__)?0x0:(__interrupts_ram_end__ - __interrupts_ram_start__)

.data           0x1fff8400      0x250 load address 0x0000745c
                0x1fff8400                . = ALIGN (0x4)
                0x1fff8400                __DATA_RAM = .
                0x1fff8400                __data_start__ = .
 *(.data)
 *(.data*)
 .data.TX_MAILBOX
                0x1fff8400        0x1 ./Sources/main.o
                0x1fff8400                TX_MAILBOX
 .data.TX_MSG_ID
                0x1fff8401        0x1 ./Sources/main.o
                0x1fff8401                TX_MSG_ID
 *fill*         0x1fff8402        0x2 
 .data.IDlist   0x1fff8404       0x20 ./Sources/main.o
                0x1fff8404                IDlist
 .data.IDmask   0x1fff8424       0x14 ./Sources/main.o
                0x1fff8424                IDmask
 .data.peripheralClockConfig.6201
                0x1fff8438       0xa0 ./SDK/platform/drivers/src/clock/S32K1xx/clock_S32K1xx.o
 .data.pwrMan1_InitConfig1
                0x1fff84d8        0x2 ./Generated_Code/pwrMan1.o
                0x1fff84d8                pwrMan1_InitConfig1
 *fill*         0x1fff84da        0x2 
 .data.pwrMan1_InitConfig2
                0x1fff84dc        0x2 ./Generated_Code/pwrMan1.o
                0x1fff84dc                pwrMan1_InitConfig2
 *fill*         0x1fff84de        0x2 
 .data.pwrMan1_InitConfig3
                0x1fff84e0        0x2 ./Generated_Code/pwrMan1.o
                0x1fff84e0                pwrMan1_InitConfig3
 *fill*         0x1fff84e2        0x2 
 .data.pwrMan1_InitConfig4
                0x1fff84e4        0x2 ./Generated_Code/pwrMan1.o
                0x1fff84e4                pwrMan1_InitConfig4
 *fill*         0x1fff84e6        0x2 
 .data.pwrMan1_InitConfig5
                0x1fff84e8        0x2 ./Generated_Code/pwrMan1.o
                0x1fff84e8                pwrMan1_InitConfig5
 *fill*         0x1fff84ea        0x2 
 .data.powerConfigsArr
                0x1fff84ec       0x18 ./Generated_Code/pwrMan1.o
                0x1fff84ec                powerConfigsArr
 .data.g_pin_mux_InitConfigArr
                0x1fff8504       0x90 ./Generated_Code/pin_mux.o
                0x1fff8504                g_pin_mux_InitConfigArr
 .data.dmaController1Chn0_Config
                0x1fff8594       0x10 ./Generated_Code/dmaController1.o
                0x1fff8594                dmaController1Chn0_Config
 .data.peripheralClockConfig0
                0x1fff85a4       0x2d ./Generated_Code/clockMan1.o
                0x1fff85a4                peripheralClockConfig0
 *fill*         0x1fff85d1        0x3 
 .data.clockMan1_InitConfig0
                0x1fff85d4       0x78 ./Generated_Code/clockMan1.o
                0x1fff85d4                clockMan1_InitConfig0
 .data.g_clockManConfigsArr
                0x1fff864c        0x4 ./Generated_Code/clockMan1.o
                0x1fff864c                g_clockManConfigsArr
                0x1fff8650                . = ALIGN (0x4)
                0x1fff8650                __data_end__ = .
                0x000076ac                __DATA_END = (__DATA_ROM + (__data_end__ - __data_start__))
                0x000076ac                __CODE_ROM = __DATA_END

.igot.plt       0x1fff8650        0x0 load address 0x000076ac
 .igot.plt      0x1fff8650        0x0 D:/NXP/S32DS_ARM_v2018.R1/S32DS/arm32_ewl2/lib/thumb/v7e-m/__arm_start.o

.code           0x1fff8650        0x0 load address 0x000076ac
                0x1fff8650                . = ALIGN (0x4)
                0x1fff8650                __CODE_RAM = .
                0x1fff8650                __code_start__ = .
                0x1fff8650                __code_ram_start__ = .
 *(.code_ram)
                0x1fff8650                . = ALIGN (0x4)
                0x1fff8650                __code_end__ = .
                0x1fff8650                __code_ram_end__ = .
                0x000076ac                __CODE_END = (__CODE_ROM + (__code_end__ - __code_start__))
                0x000076ac                __CUSTOM_ROM = __CODE_END

.customSectionBlock
                0x20000000        0x0 load address 0x000076ac
                0x20000000                __customSection_start__ = .
 *(.customSection)
                0x20000000                __customSection_end__ = .
                0x000076ac                __CUSTOM_END = (__CUSTOM_ROM + (__customSection_end__ - __customSection_start__))

.bss            0x20000000      0x2ec
                0x20000000                . = ALIGN (0x4)
                0x20000000                __BSS_START = .
                0x20000000                __bss_start__ = .
 *(.bss)
 *(.bss*)
 .bss.ledRequested
                0x20000000        0x1 ./Sources/main.o
                0x20000000                ledRequested
 .bss.rxMBdone  0x20000001        0x1 ./Sources/main.o
                0x20000001                rxMBdone
 .bss.rxFIFOdone
                0x20000002        0x1 ./Sources/main.o
                0x20000002                rxFIFOdone
 .bss.rxFIFOcompldone
                0x20000003        0x1 ./Sources/main.o
                0x20000003                rxFIFOcompldone
 .bss.filterTable
                0x20000004       0x80 ./Sources/main.o
                0x20000004                filterTable
 .bss.brec      0x20000084        0x4 ./Sources/main.o
                0x20000084                brec
 .bss.sysClkConfig
                0x20000088        0x8 ./SDK/platform/drivers/src/power/S32K1xx/power_manager_S32K1xx.o
 .bss.changeClkVlp
                0x20000090        0x1 ./SDK/platform/drivers/src/power/S32K1xx/power_manager_S32K1xx.o
 .bss.enableSPLL
                0x20000091        0x1 ./SDK/platform/drivers/src/power/S32K1xx/power_manager_S32K1xx.o
 .bss.enableFIRC
                0x20000092        0x1 ./SDK/platform/drivers/src/power/S32K1xx/power_manager_S32K1xx.o
 .bss.enableSOSC
                0x20000093        0x1 ./SDK/platform/drivers/src/power/S32K1xx/power_manager_S32K1xx.o
 .bss.g_interruptDisableCount
                0x20000094        0x4 ./SDK/platform/drivers/src/interrupt/interrupt_manager.o
 .bss.g_flexcanStatePtr
                0x20000098        0xc ./SDK/platform/drivers/src/flexcan/flexcan_driver.o
 .bss.s_virtEdmaState
                0x200000a4        0x4 ./SDK/platform/drivers/src/edma/edma_driver.o
 .bss.g_clockState
                0x200000a8       0x10 ./SDK/platform/drivers/src/clock/S32K1xx/clock_S32K1xx.o
 .bss.pwrMan1_InitConfig0
                0x200000b8        0x2 ./Generated_Code/pwrMan1.o
                0x200000b8                pwrMan1_InitConfig0
 *fill*         0x200000ba        0x2 
 .bss.powerStaticCallbacksConfigsArr
                0x200000bc        0x4 ./Generated_Code/pwrMan1.o
                0x200000bc                powerStaticCallbacksConfigsArr
 .bss.dmaController1_InitConfig0
                0x200000c0        0x2 ./Generated_Code/dmaController1.o
                0x200000c0                dmaController1_InitConfig0
 *fill*         0x200000c2        0x2 
 .bss.g_clockManCallbacksArr
                0x200000c4        0x4 ./Generated_Code/clockMan1.o
                0x200000c4                g_clockManCallbacksArr
 *(COMMON)
 COMMON         0x200000c8       0x9c ./Sources/main.o
                0x200000c8                u32TickCount
                0x200000cc                recvBuff2
                0x20000118                recvBuff1
 COMMON         0x20000164       0x10 ./SDK/platform/drivers/src/power/S32K1xx/power_manager_S32K1xx.o
                0x20000164                gPowerManagerState
 COMMON         0x20000174       0x14 ./SDK/platform/drivers/src/clock/S32K1xx/clock_S32K1xx.o
                0x20000174                g_xtal0ClkFreq
                0x20000178                g_RtcClkInFreq
                0x2000017c                g_TClkFreq
 COMMON         0x20000188       0x50 ./Generated_Code/dmaController1.o
                0x20000188                dmaController1_State
                0x200001c8                dmaController1Chn0_State
 COMMON         0x200001d8      0x114 ./Generated_Code/canCom1.o
                0x200001d8                canCom1_State
                0x200002ec                . = ALIGN (0x4)
                0x200002ec                __bss_end__ = .
                0x200002ec                __BSS_END = .

.heap           0x200002ec      0x404
                0x200002f0                . = ALIGN (0x8)
 *fill*         0x200002ec        0x4 
                0x200002f0                __end__ = .
                0x200002f0                __heap_start__ = .
                [!provide]                PROVIDE (end, .)
                [!provide]                PROVIDE (_end, .)
                [!provide]                PROVIDE (__end, .)
                0x200002f0                __HeapBase = .
                0x200006f0                . = (. + HEAP_SIZE)
 *fill*         0x200002f0      0x400 
                0x200006f0                __HeapLimit = .
                0x200006f0                __heap_limit = .
                0x200006f0                __heap_end__ = .
                0x20007000                __StackTop = (ORIGIN (m_data_2) + LENGTH (m_data_2))
                0x20006c00                __StackLimit = (__StackTop - STACK_SIZE)
                [!provide]                PROVIDE (__stack, __StackTop)
                0x20007000                __RAM_END = __StackTop

.stack          0x20006c00      0x400
                0x20006c00                . = ALIGN (0x8)
                0x20006c00                __stack_start__ = .
                0x20007000                . = (. + STACK_SIZE)
 *fill*         0x20006c00      0x400 
                0x20007000                __stack_end__ = .

.ARM.attributes
                0x00000000       0x31
 *(.ARM.attributes)
 .ARM.attributes
                0x00000000       0x33 ./Sources/main.o
 .ARM.attributes
                0x00000033       0x33 ./SDK/rtos/osif/osif_baremetal.o
 .ARM.attributes
                0x00000066       0x33 ./SDK/platform/drivers/src/power/power_manager.o
 .ARM.attributes
                0x00000099       0x33 ./SDK/platform/drivers/src/power/S32K1xx/power_smc_hw_access.o
 .ARM.attributes
                0x000000cc       0x33 ./SDK/platform/drivers/src/power/S32K1xx/power_manager_S32K1xx.o
 .ARM.attributes
                0x000000ff       0x33 ./SDK/platform/drivers/src/pins/pins_port_hw_access.o
 .ARM.attributes
                0x00000132       0x33 ./SDK/platform/drivers/src/pins/pins_driver.o
 .ARM.attributes
                0x00000165       0x33 ./SDK/platform/drivers/src/interrupt/interrupt_manager.o
 .ARM.attributes
                0x00000198       0x33 ./SDK/platform/drivers/src/flexcan/flexcan_irq.o
 .ARM.attributes
                0x000001cb       0x33 ./SDK/platform/drivers/src/flexcan/flexcan_hw_access.o
 .ARM.attributes
                0x000001fe       0x33 ./SDK/platform/drivers/src/flexcan/flexcan_driver.o
 .ARM.attributes
                0x00000231       0x33 ./SDK/platform/drivers/src/edma/edma_irq.o
 .ARM.attributes
                0x00000264       0x33 ./SDK/platform/drivers/src/edma/edma_hw_access.o
 .ARM.attributes
                0x00000297       0x33 ./SDK/platform/drivers/src/edma/edma_driver.o
 .ARM.attributes
                0x000002ca       0x33 ./SDK/platform/drivers/src/clock/S32K1xx/clock_S32K1xx.o
 .ARM.attributes
                0x000002fd       0x33 ./SDK/platform/devices/startup.o
 .ARM.attributes
                0x00000330       0x33 ./SDK/platform/devices/S32K144/startup/system_S32K144.o
 .ARM.attributes
                0x00000363       0x1b ./Project_Settings/Startup_Code/startup_S32K144.o
 .ARM.attributes
                0x0000037e       0x33 ./Generated_Code/pwrMan1.o
 .ARM.attributes
                0x000003b1       0x33 ./Generated_Code/pin_mux.o
 .ARM.attributes
                0x000003e4       0x33 ./Generated_Code/dmaController1.o
 .ARM.attributes
                0x00000417       0x33 ./Generated_Code/clockMan1.o
 .ARM.attributes
                0x0000044a       0x33 ./Generated_Code/canCom1.o
                0x00000001                ASSERT ((__StackLimit >= __HeapLimit), region m_data_2 overflowed with stack and heap)
OUTPUT(S32K144_FlexCAN_RXFIFO_SDK_RTM300.elf elf32-littlearm)

.debug_info     0x00000000    0x1c25a
 .debug_info    0x00000000     0x2588 ./Sources/main.o
 .debug_info    0x00002588      0x8cf ./SDK/rtos/osif/osif_baremetal.o
 .debug_info    0x00002e57      0x7b6 ./SDK/platform/drivers/src/power/power_manager.o
 .debug_info    0x0000360d      0x8ce ./SDK/platform/drivers/src/power/S32K1xx/power_smc_hw_access.o
 .debug_info    0x00003edb     0x120d ./SDK/platform/drivers/src/power/S32K1xx/power_manager_S32K1xx.o
 .debug_info    0x000050e8      0x845 ./SDK/platform/drivers/src/pins/pins_port_hw_access.o
 .debug_info    0x0000592d     0x1129 ./SDK/platform/drivers/src/pins/pins_driver.o
 .debug_info    0x00006a56      0x8a2 ./SDK/platform/drivers/src/interrupt/interrupt_manager.o
 .debug_info    0x000072f8      0x154 ./SDK/platform/drivers/src/flexcan/flexcan_irq.o
 .debug_info    0x0000744c     0x18fe ./SDK/platform/drivers/src/flexcan/flexcan_hw_access.o
 .debug_info    0x00008d4a     0x3219 ./SDK/platform/drivers/src/flexcan/flexcan_driver.o
 .debug_info    0x0000bf63      0x522 ./SDK/platform/drivers/src/edma/edma_irq.o
 .debug_info    0x0000c485      0x911 ./SDK/platform/drivers/src/edma/edma_hw_access.o
 .debug_info    0x0000cd96     0x29d8 ./SDK/platform/drivers/src/edma/edma_driver.o
 .debug_info    0x0000f76e     0x3e52 ./SDK/platform/drivers/src/clock/S32K1xx/clock_S32K1xx.o
 .debug_info    0x000135c0      0x45b ./SDK/platform/devices/startup.o
 .debug_info    0x00013a1b      0x50c ./SDK/platform/devices/S32K144/startup/system_S32K144.o
 .debug_info    0x00013f27       0x26 ./Project_Settings/Startup_Code/startup_S32K144.o
 .debug_info    0x00013f4d     0x1fa9 ./Generated_Code/pwrMan1.o
 .debug_info    0x00015ef6      0x3f4 ./Generated_Code/pin_mux.o
 .debug_info    0x000162ea     0x1f90 ./Generated_Code/dmaController1.o
 .debug_info    0x0001827a     0x2084 ./Generated_Code/clockMan1.o
 .debug_info    0x0001a2fe     0x1f5c ./Generated_Code/canCom1.o

.debug_abbrev   0x00000000     0x2735
 .debug_abbrev  0x00000000      0x267 ./Sources/main.o
 .debug_abbrev  0x00000267      0x1fe ./SDK/rtos/osif/osif_baremetal.o
 .debug_abbrev  0x00000465      0x1d8 ./SDK/platform/drivers/src/power/power_manager.o
 .debug_abbrev  0x0000063d      0x1c2 ./SDK/platform/drivers/src/power/S32K1xx/power_smc_hw_access.o
 .debug_abbrev  0x000007ff      0x263 ./SDK/platform/drivers/src/power/S32K1xx/power_manager_S32K1xx.o
 .debug_abbrev  0x00000a62      0x194 ./SDK/platform/drivers/src/pins/pins_port_hw_access.o
 .debug_abbrev  0x00000bf6      0x23d ./SDK/platform/drivers/src/pins/pins_driver.o
 .debug_abbrev  0x00000e33      0x199 ./SDK/platform/drivers/src/interrupt/interrupt_manager.o
 .debug_abbrev  0x00000fcc       0x45 ./SDK/platform/drivers/src/flexcan/flexcan_irq.o
 .debug_abbrev  0x00001011      0x2a0 ./SDK/platform/drivers/src/flexcan/flexcan_hw_access.o
 .debug_abbrev  0x000012b1      0x2e9 ./SDK/platform/drivers/src/flexcan/flexcan_driver.o
 .debug_abbrev  0x0000159a      0x169 ./SDK/platform/drivers/src/edma/edma_irq.o
 .debug_abbrev  0x00001703      0x1cc ./SDK/platform/drivers/src/edma/edma_hw_access.o
 .debug_abbrev  0x000018cf      0x2af ./SDK/platform/drivers/src/edma/edma_driver.o
 .debug_abbrev  0x00001b7e      0x2cd ./SDK/platform/drivers/src/clock/S32K1xx/clock_S32K1xx.o
 .debug_abbrev  0x00001e4b      0x108 ./SDK/platform/devices/startup.o
 .debug_abbrev  0x00001f53      0x125 ./SDK/platform/devices/S32K144/startup/system_S32K144.o
 .debug_abbrev  0x00002078       0x14 ./Project_Settings/Startup_Code/startup_S32K144.o
 .debug_abbrev  0x0000208c      0x17c ./Generated_Code/pwrMan1.o
 .debug_abbrev  0x00002208       0xcd ./Generated_Code/pin_mux.o
 .debug_abbrev  0x000022d5      0x171 ./Generated_Code/dmaController1.o
 .debug_abbrev  0x00002446      0x17e ./Generated_Code/clockMan1.o
 .debug_abbrev  0x000025c4      0x171 ./Generated_Code/canCom1.o

.debug_aranges  0x00000000     0x1230
 .debug_aranges
                0x00000000       0x58 ./Sources/main.o
 .debug_aranges
                0x00000058       0x88 ./SDK/rtos/osif/osif_baremetal.o
 .debug_aranges
                0x000000e0       0x68 ./SDK/platform/drivers/src/power/power_manager.o
 .debug_aranges
                0x00000148       0x50 ./SDK/platform/drivers/src/power/S32K1xx/power_smc_hw_access.o
 .debug_aranges
                0x00000198       0xc8 ./SDK/platform/drivers/src/power/S32K1xx/power_manager_S32K1xx.o
 .debug_aranges
                0x00000260       0x48 ./SDK/platform/drivers/src/pins/pins_port_hw_access.o
 .debug_aranges
                0x000002a8      0x188 ./SDK/platform/drivers/src/pins/pins_driver.o
 .debug_aranges
                0x00000430       0x70 ./SDK/platform/drivers/src/interrupt/interrupt_manager.o
 .debug_aranges
                0x000004a0       0x80 ./SDK/platform/drivers/src/flexcan/flexcan_irq.o
 .debug_aranges
                0x00000520      0x160 ./SDK/platform/drivers/src/flexcan/flexcan_hw_access.o
 .debug_aranges
                0x00000680      0x308 ./SDK/platform/drivers/src/flexcan/flexcan_driver.o
 .debug_aranges
                0x00000988       0xa8 ./SDK/platform/drivers/src/edma/edma_irq.o
 .debug_aranges
                0x00000a30       0x88 ./SDK/platform/drivers/src/edma/edma_hw_access.o
 .debug_aranges
                0x00000ab8      0x220 ./SDK/platform/drivers/src/edma/edma_driver.o
 .debug_aranges
                0x00000cd8      0x470 ./SDK/platform/drivers/src/clock/S32K1xx/clock_S32K1xx.o
 .debug_aranges
                0x00001148       0x20 ./SDK/platform/devices/startup.o
 .debug_aranges
                0x00001168       0x30 ./SDK/platform/devices/S32K144/startup/system_S32K144.o
 .debug_aranges
                0x00001198       0x20 ./Project_Settings/Startup_Code/startup_S32K144.o
 .debug_aranges
                0x000011b8       0x18 ./Generated_Code/pwrMan1.o
 .debug_aranges
                0x000011d0       0x18 ./Generated_Code/pin_mux.o
 .debug_aranges
                0x000011e8       0x18 ./Generated_Code/dmaController1.o
 .debug_aranges
                0x00001200       0x18 ./Generated_Code/clockMan1.o
 .debug_aranges
                0x00001218       0x18 ./Generated_Code/canCom1.o

.debug_ranges   0x00000000     0x10a0
 .debug_ranges  0x00000000       0x48 ./Sources/main.o
 .debug_ranges  0x00000048       0x78 ./SDK/rtos/osif/osif_baremetal.o
 .debug_ranges  0x000000c0       0x70 ./SDK/platform/drivers/src/power/power_manager.o
 .debug_ranges  0x00000130       0x40 ./SDK/platform/drivers/src/power/S32K1xx/power_smc_hw_access.o
 .debug_ranges  0x00000170       0xb8 ./SDK/platform/drivers/src/power/S32K1xx/power_manager_S32K1xx.o
 .debug_ranges  0x00000228       0x38 ./SDK/platform/drivers/src/pins/pins_port_hw_access.o
 .debug_ranges  0x00000260      0x178 ./SDK/platform/drivers/src/pins/pins_driver.o
 .debug_ranges  0x000003d8       0x60 ./SDK/platform/drivers/src/interrupt/interrupt_manager.o
 .debug_ranges  0x00000438       0x70 ./SDK/platform/drivers/src/flexcan/flexcan_irq.o
 .debug_ranges  0x000004a8      0x150 ./SDK/platform/drivers/src/flexcan/flexcan_hw_access.o
 .debug_ranges  0x000005f8      0x2f8 ./SDK/platform/drivers/src/flexcan/flexcan_driver.o
 .debug_ranges  0x000008f0       0x98 ./SDK/platform/drivers/src/edma/edma_irq.o
 .debug_ranges  0x00000988       0x78 ./SDK/platform/drivers/src/edma/edma_hw_access.o
 .debug_ranges  0x00000a00      0x210 ./SDK/platform/drivers/src/edma/edma_driver.o
 .debug_ranges  0x00000c10      0x460 ./SDK/platform/drivers/src/clock/S32K1xx/clock_S32K1xx.o
 .debug_ranges  0x00001070       0x10 ./SDK/platform/devices/startup.o
 .debug_ranges  0x00001080       0x20 ./SDK/platform/devices/S32K144/startup/system_S32K144.o

.debug_macro    0x00000000    0x21c2b
 .debug_macro   0x00000000      0x25e ./Sources/main.o
 .debug_macro   0x0000025e      0x8d4 ./Sources/main.o
 .debug_macro   0x00000b32       0x52 ./Sources/main.o
 .debug_macro   0x00000b84       0xa0 ./Sources/main.o
 .debug_macro   0x00000c24       0x16 ./Sources/main.o
 .debug_macro   0x00000c3a       0x10 ./Sources/main.o
 .debug_macro   0x00000c4a       0x73 ./Sources/main.o
 .debug_macro   0x00000cbd       0x19 ./Sources/main.o
 .debug_macro   0x00000cd6       0x64 ./Sources/main.o
 .debug_macro   0x00000d3a      0x185 ./Sources/main.o
 .debug_macro   0x00000ebf      0x140 ./Sources/main.o
 .debug_macro   0x00000fff       0x9d ./Sources/main.o
 .debug_macro   0x0000109c       0x10 ./Sources/main.o
 .debug_macro   0x000010ac      0x15b ./Sources/main.o
 .debug_macro   0x00001207       0x28 ./Sources/main.o
 .debug_macro   0x0000122f       0x58 ./Sources/main.o
 .debug_macro   0x00001287     0xed1d ./Sources/main.o
 .debug_macro   0x0000ffa4      0xb86 ./Sources/main.o
 .debug_macro   0x00010b2a       0x22 ./Sources/main.o
 .debug_macro   0x00010b4c       0x83 ./Sources/main.o
 .debug_macro   0x00010bcf       0x16 ./Sources/main.o
 .debug_macro   0x00010be5       0x16 ./Sources/main.o
 .debug_macro   0x00010bfb       0x16 ./Sources/main.o
 .debug_macro   0x00010c11       0x16 ./Sources/main.o
 .debug_macro   0x00010c27       0x10 ./Sources/main.o
 .debug_macro   0x00010c37       0x28 ./Sources/main.o
 .debug_macro   0x00010c5f       0x16 ./Sources/main.o
 .debug_macro   0x00010c75       0x16 ./Sources/main.o
 .debug_macro   0x00010c8b       0x16 ./Sources/main.o
 .debug_macro   0x00010ca1      0x15f ./SDK/rtos/osif/osif_baremetal.o
 .debug_macro   0x00010e00     0xed32 ./SDK/rtos/osif/osif_baremetal.o
 .debug_macro   0x0001fb32      0x132 ./SDK/platform/drivers/src/power/power_manager.o
 .debug_macro   0x0001fc64      0x1af ./SDK/platform/drivers/src/power/power_manager.o
 .debug_macro   0x0001fe13      0x138 ./SDK/platform/drivers/src/power/S32K1xx/power_smc_hw_access.o
 .debug_macro   0x0001ff4b      0x171 ./SDK/platform/drivers/src/power/S32K1xx/power_manager_S32K1xx.o
 .debug_macro   0x000200bc      0x13c ./SDK/platform/drivers/src/pins/pins_port_hw_access.o
 .debug_macro   0x000201f8      0x142 ./SDK/platform/drivers/src/pins/pins_driver.o
 .debug_macro   0x0002033a       0xeb ./SDK/platform/drivers/src/interrupt/interrupt_manager.o
 .debug_macro   0x00020425       0xeb ./SDK/platform/drivers/src/flexcan/flexcan_irq.o
 .debug_macro   0x00020510      0x1a9 ./SDK/platform/drivers/src/flexcan/flexcan_hw_access.o
 .debug_macro   0x000206b9       0x10 ./SDK/platform/drivers/src/flexcan/flexcan_hw_access.o
 .debug_macro   0x000206c9       0x1c ./SDK/platform/drivers/src/flexcan/flexcan_hw_access.o
 .debug_macro   0x000206e5      0x186 ./SDK/platform/drivers/src/flexcan/flexcan_hw_access.o
 .debug_macro   0x0002086b      0x1df ./SDK/platform/drivers/src/flexcan/flexcan_driver.o
 .debug_macro   0x00020a4a      0x134 ./SDK/platform/drivers/src/edma/edma_irq.o
 .debug_macro   0x00020b7e      0x130 ./SDK/platform/drivers/src/edma/edma_hw_access.o
 .debug_macro   0x00020cae      0x15b ./SDK/platform/drivers/src/edma/edma_driver.o
 .debug_macro   0x00020e09      0x2f3 ./SDK/platform/drivers/src/clock/S32K1xx/clock_S32K1xx.o
 .debug_macro   0x000210fc       0xea ./SDK/platform/devices/startup.o
 .debug_macro   0x000211e6       0x40 ./SDK/platform/devices/startup.o
 .debug_macro   0x00021226       0xea ./SDK/platform/devices/S32K144/startup/system_S32K144.o
 .debug_macro   0x00021310      0x1ed ./Generated_Code/pwrMan1.o
 .debug_macro   0x000214fd       0x1c ./Generated_Code/pwrMan1.o
 .debug_macro   0x00021519       0x10 ./Generated_Code/pwrMan1.o
 .debug_macro   0x00021529       0x10 ./Generated_Code/pwrMan1.o
 .debug_macro   0x00021539      0x141 ./Generated_Code/pin_mux.o
 .debug_macro   0x0002167a      0x1e7 ./Generated_Code/dmaController1.o
 .debug_macro   0x00021861      0x1e3 ./Generated_Code/clockMan1.o
 .debug_macro   0x00021a44      0x1e7 ./Generated_Code/canCom1.o

.debug_line     0x00000000     0x9d4a
 .debug_line    0x00000000      0x707 ./Sources/main.o
 .debug_line    0x00000707      0x54c ./SDK/rtos/osif/osif_baremetal.o
 .debug_line    0x00000c53      0x53f ./SDK/platform/drivers/src/power/power_manager.o
 .debug_line    0x00001192      0x456 ./SDK/platform/drivers/src/power/S32K1xx/power_smc_hw_access.o
 .debug_line    0x000015e8      0x7c9 ./SDK/platform/drivers/src/power/S32K1xx/power_manager_S32K1xx.o
 .debug_line    0x00001db1      0x4bd ./SDK/platform/drivers/src/pins/pins_port_hw_access.o
 .debug_line    0x0000226e      0x770 ./SDK/platform/drivers/src/pins/pins_driver.o
 .debug_line    0x000029de      0x485 ./SDK/platform/drivers/src/interrupt/interrupt_manager.o
 .debug_line    0x00002e63      0x3dd ./SDK/platform/drivers/src/flexcan/flexcan_irq.o
 .debug_line    0x00003240      0xb3a ./SDK/platform/drivers/src/flexcan/flexcan_hw_access.o
 .debug_line    0x00003d7a      0xff9 ./SDK/platform/drivers/src/flexcan/flexcan_driver.o
 .debug_line    0x00004d73      0x51d ./SDK/platform/drivers/src/edma/edma_irq.o
 .debug_line    0x00005290      0x576 ./SDK/platform/drivers/src/edma/edma_hw_access.o
 .debug_line    0x00005806      0xcec ./SDK/platform/drivers/src/edma/edma_driver.o
 .debug_line    0x000064f2     0x175b ./SDK/platform/drivers/src/clock/S32K1xx/clock_S32K1xx.o
 .debug_line    0x00007c4d      0x27e ./SDK/platform/devices/startup.o
 .debug_line    0x00007ecb      0x359 ./SDK/platform/devices/S32K144/startup/system_S32K144.o
 .debug_line    0x00008224       0x8f ./Project_Settings/Startup_Code/startup_S32K144.o
 .debug_line    0x000082b3      0x5c3 ./Generated_Code/pwrMan1.o
 .debug_line    0x00008876      0x382 ./Generated_Code/pin_mux.o
 .debug_line    0x00008bf8      0x5ca ./Generated_Code/dmaController1.o
 .debug_line    0x000091c2      0x5c5 ./Generated_Code/clockMan1.o
 .debug_line    0x00009787      0x5c3 ./Generated_Code/canCom1.o

.debug_str      0x00000000    0x7420a
 .debug_str     0x00000000    0x6d113 ./Sources/main.o
                              0x6d4b6 (size before relaxing)
 .debug_str     0x0006d113      0x1d1 ./SDK/rtos/osif/osif_baremetal.o
                              0x6a405 (size before relaxing)
 .debug_str     0x0006d2e4      0x218 ./SDK/platform/drivers/src/power/power_manager.o
                              0x6a1d9 (size before relaxing)
 .debug_str     0x0006d4fc      0x37d ./SDK/platform/drivers/src/power/S32K1xx/power_smc_hw_access.o
                              0x6a07e (size before relaxing)
 .debug_str     0x0006d879      0x4b0 ./SDK/platform/drivers/src/power/S32K1xx/power_manager_S32K1xx.o
                              0x6ac7c (size before relaxing)
 .debug_str     0x0006dd29      0x346 ./SDK/platform/drivers/src/pins/pins_port_hw_access.o
                              0x69aed (size before relaxing)
 .debug_str     0x0006e06f      0x4e8 ./SDK/platform/drivers/src/pins/pins_driver.o
                              0x6a5b6 (size before relaxing)
 .debug_str     0x0006e557      0x1d6 ./SDK/platform/drivers/src/interrupt/interrupt_manager.o
                              0x69ab7 (size before relaxing)
 .debug_str     0x0006e72d      0x18b ./SDK/platform/drivers/src/flexcan/flexcan_irq.o
                              0x693c3 (size before relaxing)
 .debug_str     0x0006e8b8     0x14c1 ./SDK/platform/drivers/src/flexcan/flexcan_hw_access.o
                              0x6b477 (size before relaxing)
 .debug_str     0x0006fd79      0xd27 ./SDK/platform/drivers/src/flexcan/flexcan_driver.o
                              0x6ccf1 (size before relaxing)
 .debug_str     0x00070aa0      0x231 ./SDK/platform/drivers/src/edma/edma_irq.o
                              0x696d5 (size before relaxing)
 .debug_str     0x00070cd1      0x419 ./SDK/platform/drivers/src/edma/edma_hw_access.o
                              0x699fe (size before relaxing)
 .debug_str     0x000710ea      0xba7 ./SDK/platform/drivers/src/edma/edma_driver.o
                              0x6c04f (size before relaxing)
 .debug_str     0x00071c91     0x20a4 ./SDK/platform/drivers/src/clock/S32K1xx/clock_S32K1xx.o
                              0x6d498 (size before relaxing)
 .debug_str     0x00073d35      0x35a ./SDK/platform/devices/startup.o
                              0x69705 (size before relaxing)
 .debug_str     0x0007408f       0xa7 ./SDK/platform/devices/S32K144/startup/system_S32K144.o
                              0x694ee (size before relaxing)
 .debug_str     0x00074136       0x3f ./Project_Settings/Startup_Code/startup_S32K144.o
                                 0x7d (size before relaxing)
 .debug_str     0x00074175       0x1c ./Generated_Code/pwrMan1.o
                              0x6cb0b (size before relaxing)
 .debug_str     0x00074191       0x1c ./Generated_Code/pin_mux.o
                              0x697ba (size before relaxing)
 .debug_str     0x000741ad       0x23 ./Generated_Code/dmaController1.o
                              0x6cb12 (size before relaxing)
 .debug_str     0x000741d0       0x1e ./Generated_Code/clockMan1.o
                              0x6cfa5 (size before relaxing)
 .debug_str     0x000741ee       0x1c ./Generated_Code/canCom1.o
                              0x6cb0b (size before relaxing)

.comment        0x00000000       0xa0
 .comment       0x00000000       0xa0 ./Sources/main.o
                                 0xa1 (size before relaxing)
 .comment       0x000000a0       0xa1 ./SDK/rtos/osif/osif_baremetal.o
 .comment       0x000000a0       0xa1 ./SDK/platform/drivers/src/power/power_manager.o
 .comment       0x000000a0       0xa1 ./SDK/platform/drivers/src/power/S32K1xx/power_smc_hw_access.o
 .comment       0x000000a0       0xa1 ./SDK/platform/drivers/src/power/S32K1xx/power_manager_S32K1xx.o
 .comment       0x000000a0       0xa1 ./SDK/platform/drivers/src/pins/pins_port_hw_access.o
 .comment       0x000000a0       0xa1 ./SDK/platform/drivers/src/pins/pins_driver.o
 .comment       0x000000a0       0xa1 ./SDK/platform/drivers/src/interrupt/interrupt_manager.o
 .comment       0x000000a0       0xa1 ./SDK/platform/drivers/src/flexcan/flexcan_irq.o
 .comment       0x000000a0       0xa1 ./SDK/platform/drivers/src/flexcan/flexcan_hw_access.o
 .comment       0x000000a0       0xa1 ./SDK/platform/drivers/src/flexcan/flexcan_driver.o
 .comment       0x000000a0       0xa1 ./SDK/platform/drivers/src/edma/edma_irq.o
 .comment       0x000000a0       0xa1 ./SDK/platform/drivers/src/edma/edma_hw_access.o
 .comment       0x000000a0       0xa1 ./SDK/platform/drivers/src/edma/edma_driver.o
 .comment       0x000000a0       0xa1 ./SDK/platform/drivers/src/clock/S32K1xx/clock_S32K1xx.o
 .comment       0x000000a0       0xa1 ./SDK/platform/devices/startup.o
 .comment       0x000000a0       0xa1 ./SDK/platform/devices/S32K144/startup/system_S32K144.o
 .comment       0x000000a0       0xa1 ./Generated_Code/pwrMan1.o
 .comment       0x000000a0       0xa1 ./Generated_Code/pin_mux.o
 .comment       0x000000a0       0xa1 ./Generated_Code/dmaController1.o
 .comment       0x000000a0       0xa1 ./Generated_Code/clockMan1.o
 .comment       0x000000a0       0xa1 ./Generated_Code/canCom1.o

.debug_frame    0x00000000     0x4c70
 .debug_frame   0x00000000      0x118 ./Sources/main.o
 .debug_frame   0x00000118      0x200 ./SDK/rtos/osif/osif_baremetal.o
 .debug_frame   0x00000318      0x174 ./SDK/platform/drivers/src/power/power_manager.o
 .debug_frame   0x0000048c      0x120 ./SDK/platform/drivers/src/power/S32K1xx/power_smc_hw_access.o
 .debug_frame   0x000005ac      0x330 ./SDK/platform/drivers/src/power/S32K1xx/power_manager_S32K1xx.o
 .debug_frame   0x000008dc       0xf8 ./SDK/platform/drivers/src/pins/pins_port_hw_access.o
 .debug_frame   0x000009d4      0x6dc ./SDK/platform/drivers/src/pins/pins_driver.o
 .debug_frame   0x000010b0      0x1b8 ./SDK/platform/drivers/src/interrupt/interrupt_manager.o
 .debug_frame   0x00001268      0x17c ./SDK/platform/drivers/src/flexcan/flexcan_irq.o
 .debug_frame   0x000013e4      0x644 ./SDK/platform/drivers/src/flexcan/flexcan_hw_access.o
 .debug_frame   0x00001a28      0xe58 ./SDK/platform/drivers/src/flexcan/flexcan_driver.o
 .debug_frame   0x00002880      0x21c ./SDK/platform/drivers/src/edma/edma_irq.o
 .debug_frame   0x00002a9c      0x23c ./SDK/platform/drivers/src/edma/edma_hw_access.o
 .debug_frame   0x00002cd8      0x9bc ./SDK/platform/drivers/src/edma/edma_driver.o
 .debug_frame   0x00003694     0x1524 ./SDK/platform/drivers/src/clock/S32K1xx/clock_S32K1xx.o
 .debug_frame   0x00004bb8       0x38 ./SDK/platform/devices/startup.o
 .debug_frame   0x00004bf0       0x80 ./SDK/platform/devices/S32K144/startup/system_S32K144.o
