Archive member included to satisfy reference by file (symbol)

D:/NXP/S32DS_ARM_v2018.R1/S32DS/arm32_ewl2/lib/thumb/v7e-m\libc99.a(exit.o)
                              D:/NXP/S32DS_ARM_v2018.R1/S32DS/arm32_ewl2/lib/thumb/v7e-m/__arm_start.o (exit)
D:/NXP/S32DS_ARM_v2018.R1/S32DS/arm32_ewl2/lib/thumb/v7e-m\libc99.a(memset.o)
                              D:/NXP/S32DS_ARM_v2018.R1/S32DS/arm32_ewl2/lib/thumb/v7e-m/__arm_start.o (memset)
D:/NXP/S32DS_ARM_v2018.R1/S32DS/arm32_ewl2/lib/thumb/v7e-m\libc99.a(__filll_mem.o)
                              D:/NXP/S32DS_ARM_v2018.R1/S32DS/arm32_ewl2/lib/thumb/v7e-m\libc99.a(memset.o) (__fill_mem)
D:/NXP/S32DS_ARM_v2018.R1/S32DS/arm32_ewl2/lib/thumb/v7e-m\librt.a(gcc_ctor_dtor.o)
                              D:/NXP/S32DS_ARM_v2018.R1/S32DS/arm32_ewl2/lib/thumb/v7e-m/__arm_start.o (__init_cpp)
D:/NXP/S32DS_ARM_v2018.R1/S32DS/arm32_ewl2/lib/thumb/v7e-m\librt.a(__arm_eabi_init.o)
                              D:/NXP/S32DS_ARM_v2018.R1/S32DS/arm32_ewl2/lib/thumb/v7e-m\libc99.a(exit.o) (__destroy_global_chain)
D:/NXP/S32DS_ARM_v2018.R1/S32DS/arm32_ewl2/lib/thumb/v7e-m\librt.a(ROMCopy.o)
                              D:/NXP/S32DS_ARM_v2018.R1/S32DS/arm32_ewl2/lib/thumb/v7e-m/__arm_start.o (__copy_rom_sections_to_ram)

Allocating common symbols
Common symbol       size              file

u32TickCount        0x4               ./Sources/main.o
g_xtal0ClkFreq      0x4               ./SDK/platform/drivers/src/clock/S32K1xx/clock_S32K1xx.o
recvBuff2           0x4c              ./Sources/main.o
canCom1_State       0x114             ./Generated_Code/canCom1.o
recvBuff1           0x4c              ./Sources/main.o
g_RtcClkInFreq      0x4               ./SDK/platform/drivers/src/clock/S32K1xx/clock_S32K1xx.o
gPowerManagerState  0x10              ./SDK/platform/drivers/src/power/S32K1xx/power_manager_S32K1xx.o
g_TClkFreq          0xc               ./SDK/platform/drivers/src/clock/S32K1xx/clock_S32K1xx.o
dmaController1_State
                    0x40              ./Generated_Code/dmaController1.o
dmaController1Chn0_State
                    0x10              ./Generated_Code/dmaController1.o

Discarded input sections

 .text          0x00000000        0x0 D:/NXP/S32DS_ARM_v2018.R1/S32DS/arm32_ewl2/lib/thumb/v7e-m/__arm_start.o
 .data          0x00000000        0x0 D:/NXP/S32DS_ARM_v2018.R1/S32DS/arm32_ewl2/lib/thumb/v7e-m/__arm_start.o
 .bss           0x00000000        0x0 D:/NXP/S32DS_ARM_v2018.R1/S32DS/arm32_ewl2/lib/thumb/v7e-m/__arm_start.o
 .text.__thumb_startup
                0x00000000       0x3c D:/NXP/S32DS_ARM_v2018.R1/S32DS/arm32_ewl2/lib/thumb/v7e-m/__arm_start.o
 .text.__iar_program_start
                0x00000000        0x4 D:/NXP/S32DS_ARM_v2018.R1/S32DS/arm32_ewl2/lib/thumb/v7e-m/__arm_start.o
 .bss.argv      0x00000000        0x4 D:/NXP/S32DS_ARM_v2018.R1/S32DS/arm32_ewl2/lib/thumb/v7e-m/__arm_start.o
 .debug_info    0x00000000      0x126 D:/NXP/S32DS_ARM_v2018.R1/S32DS/arm32_ewl2/lib/thumb/v7e-m/__arm_start.o
 .debug_abbrev  0x00000000       0xbe D:/NXP/S32DS_ARM_v2018.R1/S32DS/arm32_ewl2/lib/thumb/v7e-m/__arm_start.o
 .debug_aranges
                0x00000000       0x28 D:/NXP/S32DS_ARM_v2018.R1/S32DS/arm32_ewl2/lib/thumb/v7e-m/__arm_start.o
 .debug_line    0x00000000       0x67 D:/NXP/S32DS_ARM_v2018.R1/S32DS/arm32_ewl2/lib/thumb/v7e-m/__arm_start.o
 .debug_str     0x00000000      0x246 D:/NXP/S32DS_ARM_v2018.R1/S32DS/arm32_ewl2/lib/thumb/v7e-m/__arm_start.o
 .comment       0x00000000       0xa2 D:/NXP/S32DS_ARM_v2018.R1/S32DS/arm32_ewl2/lib/thumb/v7e-m/__arm_start.o
 .debug_frame   0x00000000       0x30 D:/NXP/S32DS_ARM_v2018.R1/S32DS/arm32_ewl2/lib/thumb/v7e-m/__arm_start.o
 .ARM.attributes
                0x00000000       0x33 D:/NXP/S32DS_ARM_v2018.R1/S32DS/arm32_ewl2/lib/thumb/v7e-m/__arm_start.o
 .group         0x00000000        0x8 ./Sources/main.o
 .group         0x00000000        0x8 ./Sources/main.o
 .group         0x00000000        0x8 ./Sources/main.o
 .group         0x00000000        0x8 ./Sources/main.o
 .group         0x00000000        0x8 ./Sources/main.o
 .group         0x00000000        0x8 ./Sources/main.o
 .group         0x00000000        0x8 ./Sources/main.o
 .group         0x00000000        0x8 ./Sources/main.o
 .group         0x00000000        0x8 ./Sources/main.o
 .group         0x00000000        0x8 ./Sources/main.o
 .group         0x00000000        0x8 ./Sources/main.o
 .group         0x00000000        0x8 ./Sources/main.o
 .group         0x00000000        0x8 ./Sources/main.o
 .group         0x00000000        0x8 ./Sources/main.o
 .group         0x00000000        0x8 ./Sources/main.o
 .group         0x00000000        0x8 ./Sources/main.o
 .group         0x00000000        0x8 ./Sources/main.o
 .group         0x00000000        0x8 ./Sources/main.o
 .group         0x00000000        0x8 ./Sources/main.o
 .group         0x00000000        0x8 ./Sources/main.o
 .group         0x00000000        0x8 ./Sources/main.o
[...]
Memory Configuration

Name             Origin             Length             Attributes
m_interrupts     0x1fff8000         0x00000400         xr
m_text           0x1fff8400         0x00007c00         xr
m_data           0x20000000         0x00007000         rw
*default*        0x00000000         0xffffffff

Linker script and memory map

LOAD D:/NXP/S32DS_ARM_v2018.R1/S32DS/arm32_ewl2/lib/thumb/v7e-m/__arm_start.o
LOAD ./Sources/main.o
LOAD ./SDK/rtos/osif/osif_baremetal.o
LOAD ./SDK/platform/drivers/src/power/power_manager.o
LOAD ./SDK/platform/drivers/src/power/S32K1xx/power_smc_hw_access.o
LOAD ./SDK/platform/drivers/src/power/S32K1xx/power_manager_S32K1xx.o
LOAD ./SDK/platform/drivers/src/pins/pins_port_hw_access.o
LOAD ./SDK/platform/drivers/src/pins/pins_driver.o
LOAD ./SDK/platform/drivers/src/interrupt/interrupt_manager.o
LOAD ./SDK/platform/drivers/src/flexcan/flexcan_irq.o
LOAD ./SDK/platform/drivers/src/flexcan/flexcan_hw_access.o
LOAD ./SDK/platform/drivers/src/flexcan/flexcan_driver.o
LOAD ./SDK/platform/drivers/src/edma/edma_irq.o
LOAD ./SDK/platform/drivers/src/edma/edma_hw_access.o
LOAD ./SDK/platform/drivers/src/edma/edma_driver.o
LOAD ./SDK/platform/drivers/src/clock/S32K1xx/clock_S32K1xx.o
LOAD ./SDK/platform/devices/startup.o
LOAD ./SDK/platform/devices/S32K144/startup/system_S32K144.o
LOAD ./Project_Settings/Startup_Code/startup_S32K144.o
LOAD ./Generated_Code/pwrMan1.o
LOAD ./Generated_Code/pin_mux.o
LOAD ./Generated_Code/dmaController1.o
LOAD ./Generated_Code/clockMan1.o
LOAD ./Generated_Code/canCom1.o
LOAD ./Generated_Code/Cpu.o
START GROUP
LOAD D:/NXP/S32DS_ARM_v2018.R1/S32DS/arm32_ewl2/lib/thumb/v7e-m\libc99.a
LOAD D:/NXP/S32DS_ARM_v2018.R1/S32DS/arm32_ewl2/lib/thumb/v7e-m\libm.a
LOAD d:/nxp/s32ds_arm_v2018.r1/cross_tools/gcc-6.3-arm32-eabi/bin/../lib/gcc/arm-none-eabi/6.3.1/thumb/v7e-m\libgcc.a
LOAD D:/NXP/S32DS_ARM_v2018.R1/S32DS/arm32_ewl2/lib/thumb/v7e-m\librt.a
LOAD D:/NXP/S32DS_ARM_v2018.R1/S32DS/arm32_ewl2/lib/thumb/v7e-m\libnoio.a
END GROUP
LOAD D:/NXP/S32DS_ARM_v2018.R1/S32DS/arm32_ewl2/lib/thumb/v7e-m/__arm_end.o
                0x00000400                HEAP_SIZE = DEFINED (__heap_size__)?__heap_size__:0x400
                0x00000400                STACK_SIZE = DEFINED (__stack_size__)?__stack_size__:0x400

.interrupts     0x1fff8000      0x400
                0x1fff8000                __VECTOR_TABLE = .
                0x1fff8000                __interrupts_start__ = .
                0x1fff8000                . = ALIGN (0x4)
 *(.isr_vector)
 .isr_vector    0x1fff8000      0x400 ./Project_Settings/Startup_Code/startup_S32K144.o
                0x1fff8000                __isr_vector
                0x1fff8400                __interrupts_end__ = .
                0x1fff8400                . = ALIGN (0x4)
                0x1fff8000                __VECTOR_RAM = __VECTOR_TABLE
                0x00000000                __RAM_VECTOR_TABLE_SIZE = 0x0

.text           0x1fff8400     0x7024
                0x1fff8400                . = ALIGN (0x4)
 *(.text)
 .text          0x1fff8400       0x4c ./Project_Settings/Startup_Code/startup_S32K144.o
                0x1fff8400                Reset_Handler
                0x1fff8448                DebugMon_Handler
                0x1fff8448                Reserved88_IRQHandler
                0x1fff8448                HardFault_Handler
                0x1fff8448                Reserved86_IRQHandler
                0x1fff8448                Reserved103_IRQHandler
                0x1fff8448                FTM2_Ovf_Reload_IRQHandler
                0x1fff8448                Reserved50_IRQHandler
                0x1fff8448                FTFC_Fault_IRQHandler
                0x1fff8448                FTM0_Ch6_Ch7_IRQHandler
                0x1fff8448                Reserved114_IRQHandler
                0x1fff8448                PendSV_Handler
                0x1fff8448                NMI_Handler
                0x1fff8448                Reserved89_IRQHandler
                0x1fff8448                ERM_double_fault_IRQHandler
                0x1fff8448                Reserved59_IRQHandler
                0x1fff8448                LPIT0_Ch0_IRQHandler
                0x1fff8448                Reserved99_IRQHandler
                0x1fff8448                FTM3_Ch6_Ch7_IRQHandler
                0x1fff8448                LPIT0_Ch3_IRQHandler
                0x1fff8448                Reserved92_IRQHandler
                0x1fff8448                FTM0_Ch4_Ch5_IRQHandler
                0x1fff8448                FTM3_Ch0_Ch1_IRQHandler
                0x1fff8448                SWI_IRQHandler
                0x1fff8448                ADC0_IRQHandler
                0x1fff8448                FTM2_Ch4_Ch5_IRQHandler
                0x1fff8448                UsageFault_Handler
                0x1fff8448                FTM0_Ovf_Reload_IRQHandler
                0x1fff8448                DefaultISR
                0x1fff8448                Reserved58_IRQHandler
                0x1fff8448                FTM1_Ch2_Ch3_IRQHandler
                0x1fff8448                Reserved82_IRQHandler
                0x1fff8448                LPI2C0_Slave_IRQHandler
                0x1fff8448                Reserved71_IRQHandler
                0x1fff8448                PORTD_IRQHandler
                0x1fff8448                Reserved69_IRQHandler
                0x1fff8448                PORTB_IRQHandler
                0x1fff8448                Reserved70_IRQHandler
                0x1fff8448                ADC1_IRQHandler
                0x1fff8448                FTM2_Ch2_Ch3_IRQHandler
                0x1fff8448                Reserved53_IRQHandler
                0x1fff8448                RTC_IRQHandler
                0x1fff8448                PDB0_IRQHandler
                0x1fff8448                Reserved54_IRQHandler
                0x1fff8448                FTM2_Ch6_Ch7_IRQHandler
                0x1fff8448                FTM3_Ch2_Ch3_IRQHandler
                0x1fff8448                FTM2_Ch0_Ch1_IRQHandler
                0x1fff8448                LPSPI1_IRQHandler
                0x1fff8448                LPUART1_RxTx_IRQHandler
                0x1fff8448                RTC_Seconds_IRQHandler
                0x1fff8448                Reserved72_IRQHandler
                0x1fff8448                Reserved110_IRQHandler
                0x1fff8448                Reserved107_IRQHandler
                0x1fff8448                Read_Collision_IRQHandler
                0x1fff8448                FTFC_IRQHandler
                0x1fff8448                FTM1_Ch6_Ch7_IRQHandler
                0x1fff8448                Reserved105_IRQHandler
                0x1fff8448                LPIT0_Ch1_IRQHandler
                0x1fff8448                FTM1_Ch4_Ch5_IRQHandler
                0x1fff8448                FTM3_Ovf_Reload_IRQHandler
                0x1fff8448                LPUART2_RxTx_IRQHandler
                0x1fff8448                LPSPI0_IRQHandler
                0x1fff8448                WDOG_EWM_IRQHandler
                0x1fff8448                MemManage_Handler
                0x1fff8448                Reserved90_IRQHandler
                0x1fff8448                Reserved83_IRQHandler
                0x1fff8448                FTM0_Fault_IRQHandler
                0x1fff8448                Reserved48_IRQHandler
                0x1fff8448                SVC_Handler
                0x1fff8448                ERM_single_fault_IRQHandler
                0x1fff8448                FTM2_Fault_IRQHandler
                0x1fff8448                FTM0_Ch2_Ch3_IRQHandler
                0x1fff8448                FTM0_Ch0_Ch1_IRQHandler
                0x1fff8448                FTM3_Fault_IRQHandler
                0x1fff8448                RCM_IRQHandler
                0x1fff8448                Reserved100_IRQHandler
                0x1fff8448                Reserved91_IRQHandler
                0x1fff8448                SCG_IRQHandler
                0x1fff8448                PDB1_IRQHandler
                0x1fff8448                Reserved81_IRQHandler
                0x1fff8448                Reserved46_IRQHandler
                0x1fff8448                Reserved45_IRQHandler
                0x1fff8448                Reserved112_IRQHandler
                0x1fff8448                LPI2C0_Master_IRQHandler
                0x1fff8448                FTM1_Fault_IRQHandler
                0x1fff8448                Reserved106_IRQHandler
                0x1fff8448                LVD_LVW_IRQHandler
                0x1fff8448                LPIT0_Ch2_IRQHandler
                0x1fff8448                PORTA_IRQHandler
                0x1fff8448                MCM_IRQHandler
                0x1fff8448                LPSPI2_IRQHandler
                0x1fff8448                FTM3_Ch4_Ch5_IRQHandler
                0x1fff8448                PORTE_IRQHandler
                0x1fff8448                LPUART0_RxTx_IRQHandler
                0x1fff8448                LPTMR0_IRQHandler
                0x1fff8448                BusFault_Handler
                0x1fff8448                Reserved87_IRQHandler
                0x1fff8448                FTM1_Ovf_Reload_IRQHandler
                0x1fff8448                Reserved93_IRQHandler
                0x1fff8448                CMP0_IRQHandler
                0x1fff8448                Reserved52_IRQHandler
                0x1fff8448                PORTC_IRQHandler
                0x1fff8448                FTM1_Ch0_Ch1_IRQHandler
                0x1fff8448                FLEXIO_IRQHandler
                0x1fff8448                Reserved113_IRQHandler
 *(.text*)
 .text.buttonISR
                0x1fff844c       0x90 ./Sources/main.o
                0x1fff844c                buttonISR
 .text.SendCANData
                0x1fff84dc       0x4a ./Sources/main.o
                0x1fff84dc                SendCANData
 *fill*         0x1fff8526        0x2 
 .text.BoardInit
                0x1fff8528       0x4c ./Sources/main.o
                0x1fff8528                BoardInit
 .text.GPIOInit
                0x1fff8574       0x5c ./Sources/main.o
                0x1fff8574                GPIOInit
 .text.flexcan0_Callback
                0x1fff85d0       0x70 ./Sources/main.o
                0x1fff85d0                flexcan0_Callback
 .text.SysTick_Init
                0x1fff8640       0x2c ./Sources/main.o
                0x1fff8640                SysTick_Init
 .text.main     0x1fff866c      0x15c ./Sources/main.o
                0x1fff866c                main
 .text.SysTick_Handler
                0x1fff87c8       0x1c ./Sources/main.o
                0x1fff87c8                SysTick_Handler
 .text.osif_DisableIrqGlobal
                0x1fff87e4        0xc ./SDK/rtos/osif/osif_baremetal.o
 .text.osif_EnableIrqGlobal
                0x1fff87f0        0xc ./SDK/rtos/osif/osif_baremetal.o
 .text.OSIF_SemaPost
                0x1fff87fc       0x3c ./SDK/rtos/osif/osif_baremetal.o
                0x1fff87fc                OSIF_SemaPost
 .text.OSIF_SemaCreate
                0x1fff8838       0x24 ./SDK/rtos/osif/osif_baremetal.o
                0x1fff8838                OSIF_SemaCreate
 .text.OSIF_SemaDestroy
                0x1fff885c       0x14 ./SDK/rtos/osif/osif_baremetal.o
                0x1fff885c                OSIF_SemaDestroy
 .text.POWER_SYS_Init
                0x1fff8870       0x64 ./SDK/platform/drivers/src/power/power_manager.o
                0x1fff8870                POWER_SYS_Init
 .text.POWER_SYS_CallbacksManagement
                0x1fff88d4       0xe0 ./SDK/platform/drivers/src/power/power_manager.o
 .text.POWER_SYS_SetMode
                0x1fff89b4       0xc0 ./SDK/platform/drivers/src/power/power_manager.o
                0x1fff89b4                POWER_SYS_SetMode
 .text.SMC_SetRunModeControl
                0x1fff8a74       0x38 ./SDK/platform/drivers/src/power/S32K1xx/power_smc_hw_access.o
 .text.SMC_SetStopModeControl
                0x1fff8aac       0x36 ./SDK/platform/drivers/src/power/S32K1xx/power_smc_hw_access.o
 .text.SMC_SetStopOption
                0x1fff8ae2       0x36 ./SDK/platform/drivers/src/power/S32K1xx/power_smc_hw_access.o
 .text.SMC_GetPowerModeStatus
                0x1fff8b18       0x62 ./SDK/platform/drivers/src/power/S32K1xx/power_smc_hw_access.o
 *fill*         0x1fff8b7a        0x2 
 .text.SMC_SetPowerMode
                0x1fff8b7c      0x118 ./SDK/platform/drivers/src/power/S32K1xx/power_smc_hw_access.o
                0x1fff8b7c                SMC_SetPowerMode
 .text.SMC_SetProtectionMode
                0x1fff8c94       0x3e ./SDK/platform/drivers/src/power/S32K1xx/power_smc_hw_access.o
                0x1fff8c94                SMC_SetProtectionMode
 .text.SMC_WaitForStatChange
                0x1fff8cd2       0x66 ./SDK/platform/drivers/src/power/S32K1xx/power_smc_hw_access.o
 .text.SMC_GetPowerModeStatus
                0x1fff8d38       0x62 ./SDK/platform/drivers/src/power/S32K1xx/power_manager_S32K1xx.o
 *fill*         0x1fff8d9a        0x2 
 .text.SCG_SetEnableSPLL
                0x1fff8d9c       0x40 ./SDK/platform/drivers/src/power/S32K1xx/power_manager_S32K1xx.o
 .text.SCG_GetEnableSPLL
                0x1fff8ddc       0x30 ./SDK/platform/drivers/src/power/S32K1xx/power_manager_S32K1xx.o
 .text.SCG_GetHsrunSelectSPLL
                0x1fff8e0c       0x30 ./SDK/platform/drivers/src/power/S32K1xx/power_manager_S32K1xx.o
 .text.SCG_SetEnableFIRC
                0x1fff8e3c       0x40 ./SDK/platform/drivers/src/power/S32K1xx/power_manager_S32K1xx.o
 .text.SCG_GetEnableFIRC
                0x1fff8e7c       0x30 ./SDK/platform/drivers/src/power/S32K1xx/power_manager_S32K1xx.o
 .text.SCG_SetEnableSOSC
                0x1fff8eac       0x40 ./SDK/platform/drivers/src/power/S32K1xx/power_manager_S32K1xx.o
 .text.SCG_GetEnableSOSC
                0x1fff8eec       0x30 ./SDK/platform/drivers/src/power/S32K1xx/power_manager_S32K1xx.o
 .text.POWER_SYS_DoInit
                0x1fff8f1c       0x74 ./SDK/platform/drivers/src/power/S32K1xx/power_manager_S32K1xx.o
                0x1fff8f1c                POWER_SYS_DoInit
 .text.POWER_SYS_DoSetMode
                0x1fff8f90       0x30 ./SDK/platform/drivers/src/power/S32K1xx/power_manager_S32K1xx.o
                0x1fff8f90                POWER_SYS_DoSetMode
 .text.POWER_SYS_GetCurrentMode
                0x1fff8fc0       0x44 ./SDK/platform/drivers/src/power/S32K1xx/power_manager_S32K1xx.o
                0x1fff8fc0                POWER_SYS_GetCurrentMode
 .text.POWER_SYS_SwitchToRunningPowerMode
                0x1fff9004      0x140 ./SDK/platform/drivers/src/power/S32K1xx/power_manager_S32K1xx.o
 .text.POWER_SYS_SwitchToSleepingPowerMode
                0x1fff9144      0x134 ./SDK/platform/drivers/src/power/S32K1xx/power_manager_S32K1xx.o
 .text.POWER_DRV_SwitchVlprClk
                0x1fff9278       0x42 ./SDK/platform/drivers/src/power/S32K1xx/power_manager_S32K1xx.o
 .text.POWER_DRV_UpdateInitClk
                0x1fff92ba       0x22 ./SDK/platform/drivers/src/power/S32K1xx/power_manager_S32K1xx.o
 .text.POWER_DRV_EnableVlpClockSrc
                0x1fff92dc       0x34 ./SDK/platform/drivers/src/power/S32K1xx/power_manager_S32K1xx.o
 .text.POWER_DRV_DisableVlpClockSrc
                0x1fff9310       0x1a ./SDK/platform/drivers/src/power/S32K1xx/power_manager_S32K1xx.o
 *fill*         0x1fff932a        0x2 
 .text.POWER_DRV_GetEnableClockSrc
                0x1fff932c       0x38 ./SDK/platform/drivers/src/power/S32K1xx/power_manager_S32K1xx.o
 .text.POWER_SYS_EnterHsrunMode
                0x1fff9364       0xd0 ./SDK/platform/drivers/src/power/S32K1xx/power_manager_S32K1xx.o
 .text.PINS_GPIO_WritePin
                0x1fff9434       0x42 ./SDK/platform/drivers/src/pins/pins_port_hw_access.o
 *fill*         0x1fff9476        0x2 
 .text.PINS_GetAdcInterleaveVal
                0x1fff9478       0xe4 ./SDK/platform/drivers/src/pins/pins_port_hw_access.o
 .text.PINS_Init
                0x1fff955c      0x1ec ./SDK/platform/drivers/src/pins/pins_port_hw_access.o
                0x1fff955c                PINS_Init
 .text.PINS_GPIO_SetPinsDirection
                0x1fff9748       0x1a ./SDK/platform/drivers/src/pins/pins_driver.o
 .text.PINS_GPIO_ClearPins
                0x1fff9762       0x1a ./SDK/platform/drivers/src/pins/pins_driver.o
 .text.PINS_SetPinIntSel
                0x1fff977c       0x42 ./SDK/platform/drivers/src/pins/pins_driver.o
 .text.PINS_ClearPinIntFlagCmd
                0x1fff97be       0x38 ./SDK/platform/drivers/src/pins/pins_driver.o
 .text.PINS_GetPortIntFlag
                0x1fff97f6       0x1c ./SDK/platform/drivers/src/pins/pins_driver.o
 .text.PINS_ClearPortIntFlagCmd
                0x1fff9812       0x1c ./SDK/platform/drivers/src/pins/pins_driver.o
 .text.PINS_DRV_Init
                0x1fff982e       0x3e ./SDK/platform/drivers/src/pins/pins_driver.o
                0x1fff982e                PINS_DRV_Init
 .text.PINS_DRV_SetPinIntSel
                0x1fff986c       0x22 ./SDK/platform/drivers/src/pins/pins_driver.o
                0x1fff986c                PINS_DRV_SetPinIntSel
 .text.PINS_DRV_ClearPinIntFlagCmd
                0x1fff988e       0x1a ./SDK/platform/drivers/src/pins/pins_driver.o
                0x1fff988e                PINS_DRV_ClearPinIntFlagCmd
 .text.PINS_DRV_GetPortIntFlag
                0x1fff98a8       0x18 ./SDK/platform/drivers/src/pins/pins_driver.o
                0x1fff98a8                PINS_DRV_GetPortIntFlag
 .text.PINS_DRV_ClearPortIntFlagCmd
                0x1fff98c0       0x16 ./SDK/platform/drivers/src/pins/pins_driver.o
                0x1fff98c0                PINS_DRV_ClearPortIntFlagCmd
 .text.PINS_DRV_SetPinsDirection
                0x1fff98d6       0x1a ./SDK/platform/drivers/src/pins/pins_driver.o
                0x1fff98d6                PINS_DRV_SetPinsDirection
 .text.PINS_DRV_ClearPins
                0x1fff98f0       0x1a ./SDK/platform/drivers/src/pins/pins_driver.o
                0x1fff98f0                PINS_DRV_ClearPins
 *fill*         0x1fff990a        0x2 
 .text.INT_SYS_InstallHandler
                0x1fff990c       0x4c ./SDK/platform/drivers/src/interrupt/interrupt_manager.o
                0x1fff990c                INT_SYS_InstallHandler
 .text.INT_SYS_EnableIRQ
                0x1fff9958       0x30 ./SDK/platform/drivers/src/interrupt/interrupt_manager.o
                0x1fff9958                INT_SYS_EnableIRQ
 .text.INT_SYS_EnableIRQGlobal
                0x1fff9988       0x2c ./SDK/platform/drivers/src/interrupt/interrupt_manager.o
                0x1fff9988                INT_SYS_EnableIRQGlobal
 .text.INT_SYS_DisableIRQGlobal
                0x1fff99b4       0x1c ./SDK/platform/drivers/src/interrupt/interrupt_manager.o
                0x1fff99b4                INT_SYS_DisableIRQGlobal
 .text.CAN0_ORed_IRQHandler
                0x1fff99d0        0xe ./SDK/platform/drivers/src/flexcan/flexcan_irq.o
                0x1fff99d0                CAN0_ORed_IRQHandler
 .text.CAN0_Error_IRQHandler
                0x1fff99de        0xe ./SDK/platform/drivers/src/flexcan/flexcan_irq.o
                0x1fff99de                CAN0_Error_IRQHandler
 .text.CAN0_Wake_Up_IRQHandler
                0x1fff99ec        0xe ./SDK/platform/drivers/src/flexcan/flexcan_irq.o
                0x1fff99ec                CAN0_Wake_Up_IRQHandler
 .text.CAN0_ORed_0_15_MB_IRQHandler
                0x1fff99fa        0xe ./SDK/platform/drivers/src/flexcan/flexcan_irq.o
                0x1fff99fa                CAN0_ORed_0_15_MB_IRQHandler
 .text.CAN0_ORed_16_31_MB_IRQHandler
                0x1fff9a08        0xe ./SDK/platform/drivers/src/flexcan/flexcan_irq.o
                0x1fff9a08                CAN0_ORed_16_31_MB_IRQHandler
 .text.CAN1_ORed_IRQHandler
                0x1fff9a16        0xe ./SDK/platform/drivers/src/flexcan/flexcan_irq.o
                0x1fff9a16                CAN1_ORed_IRQHandler
 .text.CAN1_Error_IRQHandler
                0x1fff9a24        0xe ./SDK/platform/drivers/src/flexcan/flexcan_irq.o
                0x1fff9a24                CAN1_Error_IRQHandler
 .text.CAN1_ORed_0_15_MB_IRQHandler
                0x1fff9a32        0xe ./SDK/platform/drivers/src/flexcan/flexcan_irq.o
                0x1fff9a32                CAN1_ORed_0_15_MB_IRQHandler
 .text.CAN2_ORed_IRQHandler
                0x1fff9a40        0xe ./SDK/platform/drivers/src/flexcan/flexcan_irq.o
                0x1fff9a40                CAN2_ORed_IRQHandler
 .text.CAN2_Error_IRQHandler
                0x1fff9a4e        0xe ./SDK/platform/drivers/src/flexcan/flexcan_irq.o
                0x1fff9a4e                CAN2_Error_IRQHandler
 .text.CAN2_ORed_0_15_MB_IRQHandler
                0x1fff9a5c        0xe ./SDK/platform/drivers/src/flexcan/flexcan_irq.o
                0x1fff9a5c                CAN2_ORed_0_15_MB_IRQHandler
 .text.RxFifoOcuppiedLastMsgBuff
                0x1fff9a6a       0x1c ./SDK/platform/drivers/src/flexcan/flexcan_hw_access.o
 .text.FLEXCAN_IsFDEnabled
                0x1fff9a86       0x24 ./SDK/platform/drivers/src/flexcan/flexcan_hw_access.o
 .text.FLEXCAN_IsRxFifoEnabled
                0x1fff9aaa       0x24 ./SDK/platform/drivers/src/flexcan/flexcan_hw_access.o
 .text.FLEXCAN_SetSelfReception
                0x1fff9ace       0x32 ./SDK/platform/drivers/src/flexcan/flexcan_hw_access.o
 .text.FLEXCAN_GetRxFifoMask
                0x1fff9b00       0xd4 ./SDK/platform/drivers/src/flexcan/flexcan_hw_access.o
                0x1fff9b00                FLEXCAN_GetRxFifoMask
 .text.FLEXCAN_ComputeDLCValue
                0x1fff9bd4       0x30 ./SDK/platform/drivers/src/flexcan/flexcan_hw_access.o
 .text.FLEXCAN_ComputePayloadSize
                0x1fff9c04       0x7c ./SDK/platform/drivers/src/flexcan/flexcan_hw_access.o
 .text.FLEXCAN_GetMaxMbNum
                0x1fff9c80       0x4c ./SDK/platform/drivers/src/flexcan/flexcan_hw_access.o
                0x1fff9c80                FLEXCAN_GetMaxMbNum
 .text.FLEXCAN_ClearRAM
                0x1fff9ccc       0x72 ./SDK/platform/drivers/src/flexcan/flexcan_hw_access.o
 .text.FLEXCAN_GetMsgBuffRegion
                0x1fff9d3e       0x6c ./SDK/platform/drivers/src/flexcan/flexcan_hw_access.o
                0x1fff9d3e                FLEXCAN_GetMsgBuffRegion
 .text.FLEXCAN_Enable
                0x1fff9daa       0x52 ./SDK/platform/drivers/src/flexcan/flexcan_hw_access.o
                0x1fff9daa                FLEXCAN_Enable
 .text.FLEXCAN_Disable
                0x1fff9dfc       0x34 ./SDK/platform/drivers/src/flexcan/flexcan_hw_access.o
                0x1fff9dfc                FLEXCAN_Disable
 .text.FLEXCAN_Init
                0x1fff9e30       0x6c ./SDK/platform/drivers/src/flexcan/flexcan_hw_access.o
                0x1fff9e30                FLEXCAN_Init
 .text.FLEXCAN_SetTxMsgBuff
                0x1fff9e9c      0x24c ./SDK/platform/drivers/src/flexcan/flexcan_hw_access.o
                0x1fff9e9c                FLEXCAN_SetTxMsgBuff
 .text.FLEXCAN_SetRxMsgBuff
                0x1fffa0e8      0x124 ./SDK/platform/drivers/src/flexcan/flexcan_hw_access.o
                0x1fffa0e8                FLEXCAN_SetRxMsgBuff
 .text.FLEXCAN_GetMsgBuff
                0x1fffa20c      0x13a ./SDK/platform/drivers/src/flexcan/flexcan_hw_access.o
                0x1fffa20c                FLEXCAN_GetMsgBuff
 .text.FLEXCAN_LockRxMsgBuff
                0x1fffa346       0x20 ./SDK/platform/drivers/src/flexcan/flexcan_hw_access.o
                0x1fffa346                FLEXCAN_LockRxMsgBuff
 .text.FLEXCAN_EnableRxFifo
                0x1fffa366       0x86 ./SDK/platform/drivers/src/flexcan/flexcan_hw_access.o
                0x1fffa366                FLEXCAN_EnableRxFifo
 .text.FLEXCAN_SetMaxMsgBuffNum
                0x1fffa3ec       0xf0 ./SDK/platform/drivers/src/flexcan/flexcan_hw_access.o
                0x1fffa3ec                FLEXCAN_SetMaxMsgBuffNum
 .text.FLEXCAN_SetRxFifoFilter
                0x1fffa4dc      0x408 ./SDK/platform/drivers/src/flexcan/flexcan_hw_access.o
                0x1fffa4dc                FLEXCAN_SetRxFifoFilter
 .text.FLEXCAN_SetMsgBuffIntCmd
                0x1fffa8e4       0x6e ./SDK/platform/drivers/src/flexcan/flexcan_hw_access.o
                0x1fffa8e4                FLEXCAN_SetMsgBuffIntCmd
 .text.FLEXCAN_ExitFreezeMode
                0x1fffa952       0x38 ./SDK/platform/drivers/src/flexcan/flexcan_hw_access.o
                0x1fffa952                FLEXCAN_ExitFreezeMode
 .text.FLEXCAN_EnterFreezeMode
                0x1fffa98a       0x7c ./SDK/platform/drivers/src/flexcan/flexcan_hw_access.o
                0x1fffa98a                FLEXCAN_EnterFreezeMode
 *fill*         0x1fffaa06        0x2 
 .text.FLEXCAN_ClearErrIntStatusFlag
                0x1fffaa08       0x2c ./SDK/platform/drivers/src/flexcan/flexcan_hw_access.o
                0x1fffaa08                FLEXCAN_ClearErrIntStatusFlag
 .text.FLEXCAN_ReadRxFifo
                0x1fffaa34       0xa6 ./SDK/platform/drivers/src/flexcan/flexcan_hw_access.o
                0x1fffaa34                FLEXCAN_ReadRxFifo
 *fill*         0x1fffaada        0x2 
 .text.FLEXCAN_SetOperationMode
                0x1fffaadc       0xa4 ./SDK/platform/drivers/src/flexcan/flexcan_hw_access.o
                0x1fffaadc                FLEXCAN_SetOperationMode
 .text.FLEXCAN_SetPayloadSize
                0x1fffab80       0x42 ./SDK/platform/drivers/src/flexcan/flexcan_hw_access.o
                0x1fffab80                FLEXCAN_SetPayloadSize
 .text.FLEXCAN_GetPayloadSize
                0x1fffabc2       0x42 ./SDK/platform/drivers/src/flexcan/flexcan_hw_access.o
                0x1fffabc2                FLEXCAN_GetPayloadSize
 .text.RxFifoOcuppiedLastMsgBuff
                0x1fffac04       0x1c ./SDK/platform/drivers/src/flexcan/flexcan_driver.o
 .text.FLEXCAN_IsEnabled
                0x1fffac20       0x1c ./SDK/platform/drivers/src/flexcan/flexcan_driver.o
 .text.FLEXCAN_SelectClock
                0x1fffac3c       0x2c ./SDK/platform/drivers/src/flexcan/flexcan_driver.o
 .text.FLEXCAN_SetTimeSegments
                0x1fffac68       0x60 ./SDK/platform/drivers/src/flexcan/flexcan_driver.o
 .text.FLEXCAN_SetRxIndividualMask
                0x1fffacc8       0x24 ./SDK/platform/drivers/src/flexcan/flexcan_driver.o
 .text.FLEXCAN_SetRxFifoGlobalMask
                0x1fffacec       0x1a ./SDK/platform/drivers/src/flexcan/flexcan_driver.o
 *fill*         0x1fffad06        0x2 
 .text.FLEXCAN_SetExtendedTimeSegments
                0x1fffad08       0x64 ./SDK/platform/drivers/src/flexcan/flexcan_driver.o
 .text.FLEXCAN_SetFDTimeSegments
                0x1fffad6c       0x70 ./SDK/platform/drivers/src/flexcan/flexcan_driver.o
 .text.FLEXCAN_SetFDEnabled
                0x1fffaddc       0x4e ./SDK/platform/drivers/src/flexcan/flexcan_driver.o
 .text.FLEXCAN_IsFDEnabled
                0x1fffae2a       0x24 ./SDK/platform/drivers/src/flexcan/flexcan_driver.o
 .text.FLEXCAN_UnlockRxMsgBuff
                0x1fffae4e       0x16 ./SDK/platform/drivers/src/flexcan/flexcan_driver.o
 .text.FLEXCAN_IsRxFifoEnabled
                0x1fffae64       0x24 ./SDK/platform/drivers/src/flexcan/flexcan_driver.o
 .text.FLEXCAN_GetRxFifoIdFormat
                0x1fffae88       0x58 ./SDK/platform/drivers/src/flexcan/flexcan_driver.o
 .text.FLEXCAN_GetMaxMsgBuffNum
                0x1fffaee0       0x1a ./SDK/platform/drivers/src/flexcan/flexcan_driver.o
 .text.FLEXCAN_GetMsgBuffIntStatusFlag
                0x1fffaefa       0x40 ./SDK/platform/drivers/src/flexcan/flexcan_driver.o
 .text.FLEXCAN_ClearFIFO
                0x1fffaf3a       0x18 ./SDK/platform/drivers/src/flexcan/flexcan_driver.o
 .text.FLEXCAN_ClearMsgBuffIntStatusFlag
                0x1fffaf52       0x2e ./SDK/platform/drivers/src/flexcan/flexcan_driver.o
 .text.FLEXCAN_GetErrorCounters
                0x1fffaf80       0x16 ./SDK/platform/drivers/src/flexcan/flexcan_driver.o
 .text.FLEXCAN_SetRxMaskType
                0x1fffaf96       0x36 ./SDK/platform/drivers/src/flexcan/flexcan_driver.o
 .text.FLEXCAN_GetNoOfIndividualMBsRxFIFO
                0x1fffafcc       0x36 ./SDK/platform/drivers/src/flexcan/flexcan_driver.o
 *fill*         0x1fffb002        0x2 
 .text.FLEXCAN_SetRxIndividualStdMask
                0x1fffb004       0x30 ./SDK/platform/drivers/src/flexcan/flexcan_driver.o
 .text.FLEXCAN_SetRxIndividualExtMask
                0x1fffb034       0x28 ./SDK/platform/drivers/src/flexcan/flexcan_driver.o
 .text.FLEXCAN_SetStuffBitCount
                0x1fffb05c       0x32 ./SDK/platform/drivers/src/flexcan/flexcan_driver.o
 .text.FLEXCAN_SetSelfReception
                0x1fffb08e       0x32 ./SDK/platform/drivers/src/flexcan/flexcan_driver.o
 .text.FLEXCAN_SetRxFifoDMA
                0x1fffb0c0       0x32 ./SDK/platform/drivers/src/flexcan/flexcan_driver.o
 .text.FLEXCAN_IsPNEnabled
                0x1fffb0f2       0x24 ./SDK/platform/drivers/src/flexcan/flexcan_driver.o
 .text.FLEXCAN_GetWTOF
                0x1fffb116       0x22 ./SDK/platform/drivers/src/flexcan/flexcan_driver.o
 .text.FLEXCAN_ClearWTOF
                0x1fffb138       0x22 ./SDK/platform/drivers/src/flexcan/flexcan_driver.o
 .text.FLEXCAN_GetWUMF
                0x1fffb15a       0x22 ./SDK/platform/drivers/src/flexcan/flexcan_driver.o
 .text.FLEXCAN_ClearWUMF
                0x1fffb17c       0x22 ./SDK/platform/drivers/src/flexcan/flexcan_driver.o
 *fill*         0x1fffb19e        0x2 
 .text.FLEXCAN_DRV_SetRxMaskType
                0x1fffb1a0       0x3c ./SDK/platform/drivers/src/flexcan/flexcan_driver.o
                0x1fffb1a0                FLEXCAN_DRV_SetRxMaskType
 .text.FLEXCAN_DRV_SetRxFifoGlobalMask
                0x1fffb1dc       0xb0 ./SDK/platform/drivers/src/flexcan/flexcan_driver.o
                0x1fffb1dc                FLEXCAN_DRV_SetRxFifoGlobalMask
 .text.FLEXCAN_DRV_SetRxIndividualMask
                0x1fffb28c      0x144 ./SDK/platform/drivers/src/flexcan/flexcan_driver.o
                0x1fffb28c                FLEXCAN_DRV_SetRxIndividualMask
 .text.FLEXCAN_EnableIRQs
                0x1fffb3d0       0x98 ./SDK/platform/drivers/src/flexcan/flexcan_driver.o
 .text.FLEXCAN_DRV_Init
                0x1fffb468      0x260 ./SDK/platform/drivers/src/flexcan/flexcan_driver.o
                0x1fffb468                FLEXCAN_DRV_Init
 .text.FLEXCAN_DRV_ConfigTxMb
                0x1fffb6c8       0x64 ./SDK/platform/drivers/src/flexcan/flexcan_driver.o
                0x1fffb6c8                FLEXCAN_DRV_ConfigTxMb
 .text.FLEXCAN_DRV_Send
                0x1fffb72c       0x58 ./SDK/platform/drivers/src/flexcan/flexcan_driver.o
                0x1fffb72c                FLEXCAN_DRV_Send
 .text.FLEXCAN_DRV_ConfigRxMb
                0x1fffb784       0x8c ./SDK/platform/drivers/src/flexcan/flexcan_driver.o
                0x1fffb784                FLEXCAN_DRV_ConfigRxMb
 .text.FLEXCAN_DRV_ConfigRxFifo
                0x1fffb810       0x40 ./SDK/platform/drivers/src/flexcan/flexcan_driver.o
                0x1fffb810                FLEXCAN_DRV_ConfigRxFifo
 .text.FLEXCAN_DRV_Receive
                0x1fffb850       0x2a ./SDK/platform/drivers/src/flexcan/flexcan_driver.o
                0x1fffb850                FLEXCAN_DRV_Receive
 .text.FLEXCAN_DRV_RxFifo
                0x1fffb87a       0x26 ./SDK/platform/drivers/src/flexcan/flexcan_driver.o
                0x1fffb87a                FLEXCAN_DRV_RxFifo
 .text.FLEXCAN_IRQHandlerRxFIFO
                0x1fffb8a0       0xcc ./SDK/platform/drivers/src/flexcan/flexcan_driver.o
 .text.FLEXCAN_IRQHandlerRxMB
                0x1fffb96c       0x8c ./SDK/platform/drivers/src/flexcan/flexcan_driver.o
 .text.FLEXCAN_IRQHandler
                0x1fffb9f8      0x174 ./SDK/platform/drivers/src/flexcan/flexcan_driver.o
                0x1fffb9f8                FLEXCAN_IRQHandler
 .text.FLEXCAN_Error_IRQHandler
                0x1fffbb6c       0x4c ./SDK/platform/drivers/src/flexcan/flexcan_driver.o
                0x1fffbb6c                FLEXCAN_Error_IRQHandler
 .text.FLEXCAN_WakeUpHandler
                0x1fffbbb8       0x94 ./SDK/platform/drivers/src/flexcan/flexcan_driver.o
                0x1fffbbb8                FLEXCAN_WakeUpHandler
 .text.FLEXCAN_DRV_GetTransferStatus
                0x1fffbc4c       0x5c ./SDK/platform/drivers/src/flexcan/flexcan_driver.o
                0x1fffbc4c                FLEXCAN_DRV_GetTransferStatus
 .text.FLEXCAN_StartSendData
                0x1fffbca8       0xf4 ./SDK/platform/drivers/src/flexcan/flexcan_driver.o
 .text.FLEXCAN_StartRxMessageBufferData
                0x1fffbd9c       0xdc ./SDK/platform/drivers/src/flexcan/flexcan_driver.o
 .text.FLEXCAN_StartRxMessageFifoData
                0x1fffbe78      0x170 ./SDK/platform/drivers/src/flexcan/flexcan_driver.o
 .text.FLEXCAN_CompleteTransfer
                0x1fffbfe8       0x64 ./SDK/platform/drivers/src/flexcan/flexcan_driver.o
 .text.FLEXCAN_CompleteRxFifoDataDMA
                0x1fffc04c       0x58 ./SDK/platform/drivers/src/flexcan/flexcan_driver.o
 .text.FLEXCAN_CompleteRxMessageFifoData
                0x1fffc0a4      0x104 ./SDK/platform/drivers/src/flexcan/flexcan_driver.o
 .text.FLEXCAN_DRV_InstallEventCallback
                0x1fffc1a8       0x38 ./SDK/platform/drivers/src/flexcan/flexcan_driver.o
                0x1fffc1a8                FLEXCAN_DRV_InstallEventCallback
 .text.EDMA_GetErrorIntStatusFlag
                0x1fffc1e0       0x16 ./SDK/platform/drivers/src/edma/edma_irq.o
 .text.DMA0_IRQHandler
                0x1fffc1f6        0xe ./SDK/platform/drivers/src/edma/edma_irq.o
                0x1fffc1f6                DMA0_IRQHandler
 .text.DMA1_IRQHandler
                0x1fffc204        0xe ./SDK/platform/drivers/src/edma/edma_irq.o
                0x1fffc204                DMA1_IRQHandler
 .text.DMA2_IRQHandler
                0x1fffc212        0xe ./SDK/platform/drivers/src/edma/edma_irq.o
                0x1fffc212                DMA2_IRQHandler
 .text.DMA3_IRQHandler
                0x1fffc220        0xe ./SDK/platform/drivers/src/edma/edma_irq.o
                0x1fffc220                DMA3_IRQHandler
 .text.DMA4_IRQHandler
                0x1fffc22e        0xe ./SDK/platform/drivers/src/edma/edma_irq.o
                0x1fffc22e                DMA4_IRQHandler
 .text.DMA5_IRQHandler
                0x1fffc23c        0xe ./SDK/platform/drivers/src/edma/edma_irq.o
                0x1fffc23c                DMA5_IRQHandler
 .text.DMA6_IRQHandler
                0x1fffc24a        0xe ./SDK/platform/drivers/src/edma/edma_irq.o
                0x1fffc24a                DMA6_IRQHandler
 .text.DMA7_IRQHandler
                0x1fffc258        0xe ./SDK/platform/drivers/src/edma/edma_irq.o
                0x1fffc258                DMA7_IRQHandler
 .text.DMA8_IRQHandler
                0x1fffc266        0xe ./SDK/platform/drivers/src/edma/edma_irq.o
                0x1fffc266                DMA8_IRQHandler
 .text.DMA9_IRQHandler
                0x1fffc274        0xe ./SDK/platform/drivers/src/edma/edma_irq.o
                0x1fffc274                DMA9_IRQHandler
 .text.DMA10_IRQHandler
                0x1fffc282        0xe ./SDK/platform/drivers/src/edma/edma_irq.o
                0x1fffc282                DMA10_IRQHandler
 .text.DMA11_IRQHandler
                0x1fffc290        0xe ./SDK/platform/drivers/src/edma/edma_irq.o
                0x1fffc290                DMA11_IRQHandler
 .text.DMA12_IRQHandler
                0x1fffc29e        0xe ./SDK/platform/drivers/src/edma/edma_irq.o
                0x1fffc29e                DMA12_IRQHandler
 .text.DMA13_IRQHandler
                0x1fffc2ac        0xe ./SDK/platform/drivers/src/edma/edma_irq.o
                0x1fffc2ac                DMA13_IRQHandler
 .text.DMA14_IRQHandler
                0x1fffc2ba        0xe ./SDK/platform/drivers/src/edma/edma_irq.o
                0x1fffc2ba                DMA14_IRQHandler
 .text.DMA15_IRQHandler
                0x1fffc2c8        0xe ./SDK/platform/drivers/src/edma/edma_irq.o
                0x1fffc2c8                DMA15_IRQHandler
 .text.DMA_Error_IRQHandler
                0x1fffc2d6       0x4c ./SDK/platform/drivers/src/edma/edma_irq.o
                0x1fffc2d6                DMA_Error_IRQHandler
 .text.EDMA_Init
                0x1fffc322       0x68 ./SDK/platform/drivers/src/edma/edma_hw_access.o
                0x1fffc322                EDMA_Init
 .text.EDMA_SetErrorIntCmd
                0x1fffc38a       0x2e ./SDK/platform/drivers/src/edma/edma_hw_access.o
                0x1fffc38a                EDMA_SetErrorIntCmd
 .text.EDMA_SetDmaRequestCmd
                0x1fffc3b8       0x2e ./SDK/platform/drivers/src/edma/edma_hw_access.o
                0x1fffc3b8                EDMA_SetDmaRequestCmd
 .text.EDMA_TCDClearReg
                0x1fffc3e6       0xd4 ./SDK/platform/drivers/src/edma/edma_hw_access.o
                0x1fffc3e6                EDMA_TCDClearReg
 .text.EDMA_TCDSetAttribute
                0x1fffc4ba       0x6e ./SDK/platform/drivers/src/edma/edma_hw_access.o
                0x1fffc4ba                EDMA_TCDSetAttribute
 .text.EDMA_TCDSetNbytes
                0x1fffc528       0xca ./SDK/platform/drivers/src/edma/edma_hw_access.o
                0x1fffc528                EDMA_TCDSetNbytes
 .text.EDMA_TCDSetMajorCount
                0x1fffc5f2      0x14a ./SDK/platform/drivers/src/edma/edma_hw_access.o
                0x1fffc5f2                EDMA_TCDSetMajorCount
 .text.DMAMUX_Init
                0x1fffc73c       0x2c ./SDK/platform/drivers/src/edma/edma_hw_access.o
                0x1fffc73c                DMAMUX_Init
 .text.EDMA_SetHaltOnErrorCmd
                0x1fffc768       0x3c ./SDK/platform/drivers/src/edma/edma_driver.o
 .text.EDMA_SetChannelPriority
                0x1fffc7a4       0x56 ./SDK/platform/drivers/src/edma/edma_driver.o
 .text.EDMA_SetChannelArbitrationMode
                0x1fffc7fa       0x38 ./SDK/platform/drivers/src/edma/edma_driver.o
 .text.EDMA_GetChannelArbitrationMode
                0x1fffc832       0x2c ./SDK/platform/drivers/src/edma/edma_driver.o
 .text.EDMA_SetMinorLoopMappingCmd
                0x1fffc85e       0x3c ./SDK/platform/drivers/src/edma/edma_driver.o
 .text.EDMA_ClearErrorIntStatusFlag
                0x1fffc89a       0x1c ./SDK/platform/drivers/src/edma/edma_driver.o
 .text.EDMA_ClearDoneStatusFlag
                0x1fffc8b6       0x1c ./SDK/platform/drivers/src/edma/edma_driver.o
 .text.EDMA_ClearIntStatusFlag
                0x1fffc8d2       0x1c ./SDK/platform/drivers/src/edma/edma_driver.o
 .text.EDMA_TCDSetSrcAddr
                0x1fffc8ee       0x26 ./SDK/platform/drivers/src/edma/edma_driver.o
 .text.EDMA_TCDSetSrcOffset
                0x1fffc914       0x2c ./SDK/platform/drivers/src/edma/edma_driver.o
 .text.EDMA_TCDSetDestAddr
                0x1fffc940       0x2a ./SDK/platform/drivers/src/edma/edma_driver.o
 .text.EDMA_TCDSetDestOffset
                0x1fffc96a       0x2e ./SDK/platform/drivers/src/edma/edma_driver.o
 .text.EDMA_TCDSetDisableDmaRequestAfterTCDDoneCmd
                0x1fffc998       0x5c ./SDK/platform/drivers/src/edma/edma_driver.o
 .text.EDMA_TCDSetMajorCompleteIntCmd
                0x1fffc9f4       0x5c ./SDK/platform/drivers/src/edma/edma_driver.o
 .text.DMAMUX_SetChannelCmd
                0x1fffca50       0x52 ./SDK/platform/drivers/src/edma/edma_driver.o
 .text.DMAMUX_SetChannelTrigger
                0x1fffcaa2       0x50 ./SDK/platform/drivers/src/edma/edma_driver.o
 .text.DMAMUX_SetChannelSource
                0x1fffcaf2       0x4e ./SDK/platform/drivers/src/edma/edma_driver.o
 .text.EDMA_DRV_Init
                0x1fffcb40      0x12c ./SDK/platform/drivers/src/edma/edma_driver.o
                0x1fffcb40                EDMA_DRV_Init
 .text.EDMA_DRV_ChannelInit
                0x1fffcc6c       0xd8 ./SDK/platform/drivers/src/edma/edma_driver.o
                0x1fffcc6c                EDMA_DRV_ChannelInit
 .text.EDMA_DRV_InstallCallback
                0x1fffcd44       0x3c ./SDK/platform/drivers/src/edma/edma_driver.o
                0x1fffcd44                EDMA_DRV_InstallCallback
 .text.EDMA_DRV_ClearIntStatus
                0x1fffcd80       0x3c ./SDK/platform/drivers/src/edma/edma_driver.o
 .text.EDMA_DRV_IRQHandler
                0x1fffcdbc       0x4c ./SDK/platform/drivers/src/edma/edma_driver.o
                0x1fffcdbc                EDMA_DRV_IRQHandler
 .text.EDMA_DRV_ErrorIRQHandler
                0x1fffce08       0x7c ./SDK/platform/drivers/src/edma/edma_driver.o
                0x1fffce08                EDMA_DRV_ErrorIRQHandler
 .text.EDMA_DRV_ConfigSingleBlockTransfer
                0x1fffce84      0x170 ./SDK/platform/drivers/src/edma/edma_driver.o
                0x1fffce84                EDMA_DRV_ConfigSingleBlockTransfer
 .text.EDMA_DRV_StartChannel
                0x1fffcff4       0x38 ./SDK/platform/drivers/src/edma/edma_driver.o
                0x1fffcff4                EDMA_DRV_StartChannel
 .text.EDMA_DRV_StopChannel
                0x1fffd02c       0x38 ./SDK/platform/drivers/src/edma/edma_driver.o
                0x1fffd02c                EDMA_DRV_StopChannel
 .text.EDMA_DRV_SetChannelRequestAndTrigger
                0x1fffd064       0x60 ./SDK/platform/drivers/src/edma/edma_driver.o
                0x1fffd064                EDMA_DRV_SetChannelRequestAndTrigger
 .text.EDMA_DRV_DisableRequestsOnTransferComplete
                0x1fffd0c4       0x3c ./SDK/platform/drivers/src/edma/edma_driver.o
                0x1fffd0c4                EDMA_DRV_DisableRequestsOnTransferComplete
 .text.EDMA_DRV_GetDmaRegBaseAddr
                0x1fffd100       0x18 ./SDK/platform/drivers/src/edma/edma_driver.o
                0x1fffd100                EDMA_DRV_GetDmaRegBaseAddr
 .text.EDMA_DRV_ClearStructure
                0x1fffd118       0x2e ./SDK/platform/drivers/src/edma/edma_driver.o
 .text.SIM_SetLpoClocks
                0x1fffd146       0x70 ./SDK/platform/drivers/src/clock/S32K1xx/clock_S32K1xx.o
 .text.SIM_SetEimClockGate
                0x1fffd1b6       0x3c ./SDK/platform/drivers/src/clock/S32K1xx/clock_S32K1xx.o
 .text.SIM_SetErmClockGate
                0x1fffd1f2       0x3c ./SDK/platform/drivers/src/clock/S32K1xx/clock_S32K1xx.o
 .text.SIM_SetDmaClockGate
                0x1fffd22e       0x3c ./SDK/platform/drivers/src/clock/S32K1xx/clock_S32K1xx.o
 .text.SIM_SetMpuClockGate
                0x1fffd26a       0x3c ./SDK/platform/drivers/src/clock/S32K1xx/clock_S32K1xx.o
 .text.SIM_SetMscmClockGate
                0x1fffd2a6       0x3c ./SDK/platform/drivers/src/clock/S32K1xx/clock_S32K1xx.o
 .text.SIM_SetClockout
                0x1fffd2e2       0x5c ./SDK/platform/drivers/src/clock/S32K1xx/clock_S32K1xx.o
 .text.SIM_SetTraceClockSource
                0x1fffd33e       0x36 ./SDK/platform/drivers/src/clock/S32K1xx/clock_S32K1xx.o
 .text.SIM_ClearTraceClockConfig
                0x1fffd374       0x1c ./SDK/platform/drivers/src/clock/S32K1xx/clock_S32K1xx.o
 .text.SIM_SetTraceClockConfig
                0x1fffd390       0x3e ./SDK/platform/drivers/src/clock/S32K1xx/clock_S32K1xx.o
 .text.SCG_GetCurrentSystemClockSource
                0x1fffd3ce       0x1c ./SDK/platform/drivers/src/clock/S32K1xx/clock_S32K1xx.o
 .text.SCG_GetCurrentCoreClockDividerRatio
                0x1fffd3ea       0x1c ./SDK/platform/drivers/src/clock/S32K1xx/clock_S32K1xx.o
 .text.SCG_GetCurrentBusClockDividerRatio
                0x1fffd406       0x1c ./SDK/platform/drivers/src/clock/S32K1xx/clock_S32K1xx.o
 .text.SCG_GetCurrentSlowClockDividerRatio
                0x1fffd422       0x1a ./SDK/platform/drivers/src/clock/S32K1xx/clock_S32K1xx.o
 .text.SCG_SetRunClockControl
                0x1fffd43c       0x42 ./SDK/platform/drivers/src/clock/S32K1xx/clock_S32K1xx.o
 .text.SCG_SetVlprClockControl
                0x1fffd47e       0x42 ./SDK/platform/drivers/src/clock/S32K1xx/clock_S32K1xx.o
 .text.SCG_SetHsrunClockControl
                0x1fffd4c0       0x42 ./SDK/platform/drivers/src/clock/S32K1xx/clock_S32K1xx.o
 .text.SCG_SetFircAsyncConfig
                0x1fffd502       0x30 ./SDK/platform/drivers/src/clock/S32K1xx/clock_S32K1xx.o
 .text.SCG_SetSircAsyncConfig
                0x1fffd532       0x30 ./SDK/platform/drivers/src/clock/S32K1xx/clock_S32K1xx.o
 .text.SCG_SetSoscAsyncConfig
                0x1fffd562       0x30 ./SDK/platform/drivers/src/clock/S32K1xx/clock_S32K1xx.o
 .text.SCG_SetSpllAsyncConfig
                0x1fffd592       0x30 ./SDK/platform/drivers/src/clock/S32K1xx/clock_S32K1xx.o
 .text.SCG_SetClockoutSourceSel
                0x1fffd5c2       0x36 ./SDK/platform/drivers/src/clock/S32K1xx/clock_S32K1xx.o
 .text.SCG_GetSircSystemClockMode
                0x1fffd5f8       0x30 ./SDK/platform/drivers/src/clock/S32K1xx/clock_S32K1xx.o
 .text.SCG_GetSircStatus
                0x1fffd628       0x26 ./SDK/platform/drivers/src/clock/S32K1xx/clock_S32K1xx.o
 .text.SCG_GetSircRange
                0x1fffd64e       0x1c ./SDK/platform/drivers/src/clock/S32K1xx/clock_S32K1xx.o
 .text.SCG_ClearSircLock
                0x1fffd66a       0x22 ./SDK/platform/drivers/src/clock/S32K1xx/clock_S32K1xx.o
 .text.SCG_ClearSircControl
                0x1fffd68c       0x1a ./SDK/platform/drivers/src/clock/S32K1xx/clock_S32K1xx.o
 .text.SCG_SetSircConfiguration
                0x1fffd6a6       0x22 ./SDK/platform/drivers/src/clock/S32K1xx/clock_S32K1xx.o
 .text.SCG_SetSircControl
                0x1fffd6c8       0x58 ./SDK/platform/drivers/src/clock/S32K1xx/clock_S32K1xx.o
 .text.SCG_GetFircSystemClockMode
                0x1fffd720       0x30 ./SDK/platform/drivers/src/clock/S32K1xx/clock_S32K1xx.o
 .text.SCG_GetFircStatus
                0x1fffd750       0x26 ./SDK/platform/drivers/src/clock/S32K1xx/clock_S32K1xx.o
 .text.SCG_GetFircRange
                0x1fffd776       0x1c ./SDK/platform/drivers/src/clock/S32K1xx/clock_S32K1xx.o
 .text.SCG_ClearFircLock
                0x1fffd792       0x22 ./SDK/platform/drivers/src/clock/S32K1xx/clock_S32K1xx.o
 .text.SCG_ClearFircControl
                0x1fffd7b4       0x1c ./SDK/platform/drivers/src/clock/S32K1xx/clock_S32K1xx.o
 .text.SCG_SetFircConfiguration
                0x1fffd7d0       0x22 ./SDK/platform/drivers/src/clock/S32K1xx/clock_S32K1xx.o
 .text.SCG_SetFircControl
                0x1fffd7f2       0x40 ./SDK/platform/drivers/src/clock/S32K1xx/clock_S32K1xx.o
 .text.SCG_GetSoscSystemClockMode
                0x1fffd832       0x30 ./SDK/platform/drivers/src/clock/S32K1xx/clock_S32K1xx.o
 .text.SCG_GetSoscStatus
                0x1fffd862       0x26 ./SDK/platform/drivers/src/clock/S32K1xx/clock_S32K1xx.o
 .text.SCG_ClearSoscLock
                0x1fffd888       0x22 ./SDK/platform/drivers/src/clock/S32K1xx/clock_S32K1xx.o
 .text.SCG_ClearSoscControl
                0x1fffd8aa       0x1c ./SDK/platform/drivers/src/clock/S32K1xx/clock_S32K1xx.o
 .text.SCG_SetSoscConfiguration
                0x1fffd8c6       0x3a ./SDK/platform/drivers/src/clock/S32K1xx/clock_S32K1xx.o
 .text.SCG_SetSoscControl
                0x1fffd900       0x5c ./SDK/platform/drivers/src/clock/S32K1xx/clock_S32K1xx.o
 .text.SCG_GetSpllSystemClockMode
                0x1fffd95c       0x30 ./SDK/platform/drivers/src/clock/S32K1xx/clock_S32K1xx.o
 .text.SCG_GetSpllStatus
                0x1fffd98c       0x26 ./SDK/platform/drivers/src/clock/S32K1xx/clock_S32K1xx.o
 .text.SCG_GetSpllPredivider
                0x1fffd9b2       0x1e ./SDK/platform/drivers/src/clock/S32K1xx/clock_S32K1xx.o
 .text.SCG_GetSpllMultiplier
                0x1fffd9d0       0x1e ./SDK/platform/drivers/src/clock/S32K1xx/clock_S32K1xx.o
 .text.SCG_ClearSpllLock
                0x1fffd9ee       0x22 ./SDK/platform/drivers/src/clock/S32K1xx/clock_S32K1xx.o
 .text.SCG_ClearSpllControl
                0x1fffda10       0x1c ./SDK/platform/drivers/src/clock/S32K1xx/clock_S32K1xx.o
 .text.SCG_SetSpllConfiguration
                0x1fffda2c       0x32 ./SDK/platform/drivers/src/clock/S32K1xx/clock_S32K1xx.o
 .text.SCG_SetSpllControl
                0x1fffda5e       0x5c ./SDK/platform/drivers/src/clock/S32K1xx/clock_S32K1xx.o
 *fill*         0x1fffdaba        0x2 
 .text.PCC_SetPeripheralClockControl
                0x1fffdabc       0x60 ./SDK/platform/drivers/src/clock/S32K1xx/clock_S32K1xx.o
 .text.PCC_SetClockMode
                0x1fffdb1c       0x70 ./SDK/platform/drivers/src/clock/S32K1xx/clock_S32K1xx.o
 .text.PMC_SetLpoMode
                0x1fffdb8c       0x3c ./SDK/platform/drivers/src/clock/S32K1xx/clock_S32K1xx.o
 .text.PMC_SetLpoTrimValue
                0x1fffdbc8       0x5c ./SDK/platform/drivers/src/clock/S32K1xx/clock_S32K1xx.o
 .text.SMC_GetCurrentRunningMode
                0x1fffdc24       0x18 ./SDK/platform/drivers/src/clock/S32K1xx/clock_S32K1xx.o
 .text.CLOCK_DRV_Init
                0x1fffdc3c       0x6e ./SDK/platform/drivers/src/clock/S32K1xx/clock_S32K1xx.o
                0x1fffdc3c                CLOCK_DRV_Init
 *fill*         0x1fffdcaa        0x2 
 .text.CLOCK_SYS_SetScgConfiguration
                0x1fffdcac       0xb4 ./SDK/platform/drivers/src/clock/S32K1xx/clock_S32K1xx.o
 .text.CLOCK_SYS_SetPccConfiguration
                0x1fffdd60       0xb8 ./SDK/platform/drivers/src/clock/S32K1xx/clock_S32K1xx.o
 .text.CLOCK_SYS_SetSimConfiguration
                0x1fffde18      0x124 ./SDK/platform/drivers/src/clock/S32K1xx/clock_S32K1xx.o
 .text.CLOCK_SYS_SetPmcConfiguration
                0x1fffdf3c       0x38 ./SDK/platform/drivers/src/clock/S32K1xx/clock_S32K1xx.o
 .text.CLOCK_SYS_GetDefaultConfiguration
                0x1fffdf74      0x24c ./SDK/platform/drivers/src/clock/S32K1xx/clock_S32K1xx.o
 .text.CLOCK_SYS_GetCurrentRunMode
                0x1fffe1c0       0x44 ./SDK/platform/drivers/src/clock/S32K1xx/clock_S32K1xx.o
 .text.CLOCK_SYS_TransitionSystemClock
                0x1fffe204       0x60 ./SDK/platform/drivers/src/clock/S32K1xx/clock_S32K1xx.o
 .text.CLOCK_SYS_ConfigureSIRC
                0x1fffe264       0xc8 ./SDK/platform/drivers/src/clock/S32K1xx/clock_S32K1xx.o
 .text.CLOCK_SYS_ConfigureFIRC
                0x1fffe32c       0xc4 ./SDK/platform/drivers/src/clock/S32K1xx/clock_S32K1xx.o
 .text.CLOCK_SYS_ConfigureSOSC
                0x1fffe3f0      0x124 ./SDK/platform/drivers/src/clock/S32K1xx/clock_S32K1xx.o
 .text.CLOCK_SYS_ConfigureSPLL
                0x1fffe514      0x118 ./SDK/platform/drivers/src/clock/S32K1xx/clock_S32K1xx.o
 .text.CLOCK_SYS_ConfigureTemporarySystemClock
                0x1fffe62c       0x68 ./SDK/platform/drivers/src/clock/S32K1xx/clock_S32K1xx.o
 .text.CLOCK_SYS_ConfigureModulesFromScg
                0x1fffe694      0x1c8 ./SDK/platform/drivers/src/clock/S32K1xx/clock_S32K1xx.o
 .text.CLOCK_SYS_GetSrcFreq
                0x1fffe85c       0x64 ./SDK/platform/drivers/src/clock/S32K1xx/clock_S32K1xx.o
 .text.CLOCK_SYS_SetSystemClockConfig
                0x1fffe8c0      0x234 ./SDK/platform/drivers/src/clock/S32K1xx/clock_S32K1xx.o
 .text.CLOCK_SYS_GetSysOscFreq
                0x1fffeaf4       0x30 ./SDK/platform/drivers/src/clock/S32K1xx/clock_S32K1xx.o
 .text.CLOCK_SYS_GetSircFreq
                0x1fffeb24       0x38 ./SDK/platform/drivers/src/clock/S32K1xx/clock_S32K1xx.o
 .text.CLOCK_SYS_GetFircFreq
                0x1fffeb5c       0x3c ./SDK/platform/drivers/src/clock/S32K1xx/clock_S32K1xx.o
 .text.CLOCK_SYS_GetSysPllFreq
                0x1fffeb98       0x64 ./SDK/platform/drivers/src/clock/S32K1xx/clock_S32K1xx.o
 .text.CLOCK_SYS_GetSysClockMode
                0x1fffebfc       0x3c ./SDK/platform/drivers/src/clock/S32K1xx/clock_S32K1xx.o
 .text.CLOCK_SYS_GetSysClockSource
                0x1fffec38       0x54 ./SDK/platform/drivers/src/clock/S32K1xx/clock_S32K1xx.o
 .text.CLOCK_DRV_SetSystemClock
                0x1fffec8c      0x12c ./SDK/platform/drivers/src/clock/S32K1xx/clock_S32K1xx.o
                0x1fffec8c                CLOCK_DRV_SetSystemClock
 .text.CLOCK_DRV_GetSystemClockSource
                0x1fffedb8       0xa0 ./SDK/platform/drivers/src/clock/S32K1xx/clock_S32K1xx.o
                0x1fffedb8                CLOCK_DRV_GetSystemClockSource
 .text.CLOCK_SYS_Init
                0x1fffee58       0x44 ./SDK/platform/drivers/src/clock/S32K1xx/clock_S32K1xx.o
                0x1fffee58                CLOCK_SYS_Init
 .text.CLOCK_SYS_UpdateConfiguration
                0x1fffee9c      0x174 ./SDK/platform/drivers/src/clock/S32K1xx/clock_S32K1xx.o
                0x1fffee9c                CLOCK_SYS_UpdateConfiguration
 .text.CLOCK_SYS_SetConfiguration
                0x1ffff010       0x18 ./SDK/platform/drivers/src/clock/S32K1xx/clock_S32K1xx.o
                0x1ffff010                CLOCK_SYS_SetConfiguration
 .text.init_data_bss
                0x1ffff028      0x128 ./SDK/platform/devices/startup.o
                0x1ffff028                init_data_bss
 .text.SystemInit
                0x1ffff150       0x30 ./SDK/platform/devices/S32K144/startup/system_S32K144.o
                0x1ffff150                SystemInit
 *(.rodata)
 *(.rodata*)
 .rodata.payload_code.6174
                0x1ffff180       0x41 ./SDK/platform/drivers/src/flexcan/flexcan_hw_access.o
 *fill*         0x1ffff1c1        0x3 
 .rodata.flexcanBase.6193
                0x1ffff1c4        0xc ./SDK/platform/drivers/src/flexcan/flexcan_hw_access.o
 .rodata.maxMbNum.6194
                0x1ffff1d0        0xc ./SDK/platform/drivers/src/flexcan/flexcan_hw_access.o
 .rodata.g_flexcanBase
                0x1ffff1dc        0xc ./SDK/platform/drivers/src/flexcan/flexcan_driver.o
 .rodata.g_flexcanWakeUpIrqId
                0x1ffff1e8        0x3 ./SDK/platform/drivers/src/flexcan/flexcan_driver.o
 *fill*         0x1ffff1eb        0x1 
 .rodata.g_flexcanErrorIrqId
                0x1ffff1ec        0x3 ./SDK/platform/drivers/src/flexcan/flexcan_driver.o
 *fill*         0x1ffff1ef        0x1 
 .rodata.g_flexcanBusOffIrqId
                0x1ffff1f0        0x3 ./SDK/platform/drivers/src/flexcan/flexcan_driver.o
 *fill*         0x1ffff1f3        0x1 
 .rodata.g_flexcanOredMessageBufferIrqId
                0x1ffff1f4        0x6 ./SDK/platform/drivers/src/flexcan/flexcan_driver.o
 *fill*         0x1ffff1fa        0x2 
 .rodata.s_edmaIrqId
                0x1ffff1fc       0x10 ./SDK/platform/drivers/src/edma/edma_driver.o
 .rodata.clockNameMappings
                0x1ffff20c       0x9e ./SDK/platform/drivers/src/clock/S32K1xx/clock_S32K1xx.o
                0x1ffff20c                clockNameMappings
 *fill*         0x1ffff2aa        0x2 
 .rodata.tmpSysClk.6393
                0x1ffff2ac        0xc ./SDK/platform/drivers/src/clock/S32K1xx/clock_S32K1xx.o
 .rodata.tmpSysClk.6400
                0x1ffff2b8        0xc ./SDK/platform/drivers/src/clock/S32K1xx/clock_S32K1xx.o
 .rodata.maxSysClksInRUN.6438
                0x1ffff2c4       0x54 ./SDK/platform/drivers/src/clock/S32K1xx/clock_S32K1xx.o
 .rodata.maxSysClksInVLPR.6437
                0x1ffff318       0x54 ./SDK/platform/drivers/src/clock/S32K1xx/clock_S32K1xx.o
 .rodata.maxSysClksInHSRUN.6439
                0x1ffff36c       0x54 ./SDK/platform/drivers/src/clock/S32K1xx/clock_S32K1xx.o
 .rodata.fircFreq.6482
                0x1ffff3c0        0x4 ./SDK/platform/drivers/src/clock/S32K1xx/clock_S32K1xx.o
 .rodata.defSysClk.6586
                0x1ffff3c4        0xc ./SDK/platform/drivers/src/clock/S32K1xx/clock_S32K1xx.o
 .rodata.sysClkDivMappings.6585
                0x1ffff3d0       0x11 ./SDK/platform/drivers/src/clock/S32K1xx/clock_S32K1xx.o
 *fill*         0x1ffff3e1        0x3 
 .rodata.edmaChnStateArray
                0x1ffff3e4        0x4 ./Generated_Code/dmaController1.o
                0x1ffff3e4                edmaChnStateArray
 .rodata.edmaChnConfigArray
                0x1ffff3e8        0x4 ./Generated_Code/dmaController1.o
                0x1ffff3e8                edmaChnConfigArray
 .rodata.canCom1_InitConfig0
                0x1ffff3ec       0x38 ./Generated_Code/canCom1.o
                0x1ffff3ec                canCom1_InitConfig0
 *(.init)
 *(.fini)
 *(.eh_frame)
                0x1ffff424                . = ALIGN (0x4)

.glue_7         0x1ffff424        0x0
 .glue_7        0x1ffff424        0x0 linker stubs

.glue_7t        0x1ffff424        0x0
 .glue_7t       0x1ffff424        0x0 linker stubs

.vfp11_veneer   0x1ffff424        0x0
 .vfp11_veneer  0x1ffff424        0x0 linker stubs

.v4_bx          0x1ffff424        0x0
 .v4_bx         0x1ffff424        0x0 linker stubs

.iplt           0x1ffff424        0x0
 .iplt          0x1ffff424        0x0 D:/NXP/S32DS_ARM_v2018.R1/S32DS/arm32_ewl2/lib/thumb/v7e-m/__arm_start.o

.rel.dyn        0x1ffff424        0x0
 .rel.iplt      0x1ffff424        0x0 D:/NXP/S32DS_ARM_v2018.R1/S32DS/arm32_ewl2/lib/thumb/v7e-m/__arm_start.o

.ARM            0x1ffff424        0x0
                0x1ffff424                __exidx_start = .
 *(.ARM.exidx*)
                0x1ffff424                __exidx_end = .

.code_ram       0x1ffff424        0x0
                0x1ffff424                . = ALIGN (0x4)
                0x1ffff424                __CODE_RAM = .
                0x1ffff424                __code_ram_start__ = .
 *(.code_ram)
                0x1ffff424                __CODE_ROM = .
                0x1ffff424                __CODE_END = .
                0x1ffff424                __code_ram_end__ = .
                0x1ffff424                . = ALIGN (0x4)
                0x1ffff424                __etext = .
                0x1ffff424                __DATA_ROM = .
                0x1ffff424                __DATA_END = __DATA_ROM

.customSectionBlock
                0x20000000        0x0
                0x20000000                __customSection_start__ = .
 *(.customSection)
                0x20000000                __customSection_end__ = .
                0x20000000                __CUSTOM_ROM = .
                0x20000000                __CUSTOM_END = .

.data           0x20000000      0x250
                0x20000000                . = ALIGN (0x4)
                0x20000000                __DATA_RAM = .
                0x20000000                __data_start__ = .
 *(.data)
 *(.data*)
 .data.TX_MAILBOX
                0x20000000        0x1 ./Sources/main.o
                0x20000000                TX_MAILBOX
 .data.TX_MSG_ID
                0x20000001        0x1 ./Sources/main.o
                0x20000001                TX_MSG_ID
 *fill*         0x20000002        0x2 
 .data.IDlist   0x20000004       0x20 ./Sources/main.o
                0x20000004                IDlist
 .data.IDmask   0x20000024       0x14 ./Sources/main.o
                0x20000024                IDmask
 .data.peripheralClockConfig.6201
                0x20000038       0xa0 ./SDK/platform/drivers/src/clock/S32K1xx/clock_S32K1xx.o
 .data.pwrMan1_InitConfig1
                0x200000d8        0x2 ./Generated_Code/pwrMan1.o
                0x200000d8                pwrMan1_InitConfig1
 *fill*         0x200000da        0x2 
 .data.pwrMan1_InitConfig2
                0x200000dc        0x2 ./Generated_Code/pwrMan1.o
                0x200000dc                pwrMan1_InitConfig2
 *fill*         0x200000de        0x2 
 .data.pwrMan1_InitConfig3
                0x200000e0        0x2 ./Generated_Code/pwrMan1.o
                0x200000e0                pwrMan1_InitConfig3
 *fill*         0x200000e2        0x2 
 .data.pwrMan1_InitConfig4
                0x200000e4        0x2 ./Generated_Code/pwrMan1.o
                0x200000e4                pwrMan1_InitConfig4
 *fill*         0x200000e6        0x2 
 .data.pwrMan1_InitConfig5
                0x200000e8        0x2 ./Generated_Code/pwrMan1.o
                0x200000e8                pwrMan1_InitConfig5
 *fill*         0x200000ea        0x2 
 .data.powerConfigsArr
                0x200000ec       0x18 ./Generated_Code/pwrMan1.o
                0x200000ec                powerConfigsArr
 .data.g_pin_mux_InitConfigArr
                0x20000104       0x90 ./Generated_Code/pin_mux.o
                0x20000104                g_pin_mux_InitConfigArr
 .data.dmaController1Chn0_Config
                0x20000194       0x10 ./Generated_Code/dmaController1.o
                0x20000194                dmaController1Chn0_Config
 .data.peripheralClockConfig0
                0x200001a4       0x2d ./Generated_Code/clockMan1.o
                0x200001a4                peripheralClockConfig0
 *fill*         0x200001d1        0x3 
 .data.clockMan1_InitConfig0
                0x200001d4       0x78 ./Generated_Code/clockMan1.o
                0x200001d4                clockMan1_InitConfig0
 .data.g_clockManConfigsArr
                0x2000024c        0x4 ./Generated_Code/clockMan1.o
                0x2000024c                g_clockManConfigsArr
                0x20000250                . = ALIGN (0x4)
                0x20000250                __data_end__ = .

.igot.plt       0x20000250        0x0
 .igot.plt      0x20000250        0x0 D:/NXP/S32DS_ARM_v2018.R1/S32DS/arm32_ewl2/lib/thumb/v7e-m/__arm_start.o

.bss            0x20000250      0x2e8
                0x20000250                . = ALIGN (0x4)
                0x20000250                __BSS_START = .
                0x20000250                __bss_start__ = .
 *(.bss)
 *(.bss*)
 .bss.ledRequested
                0x20000250        0x1 ./Sources/main.o
                0x20000250                ledRequested
 .bss.rxMBdone  0x20000251        0x1 ./Sources/main.o
                0x20000251                rxMBdone
 .bss.rxFIFOdone
                0x20000252        0x1 ./Sources/main.o
                0x20000252                rxFIFOdone
 .bss.rxFIFOcompldone
                0x20000253        0x1 ./Sources/main.o
                0x20000253                rxFIFOcompldone
 .bss.filterTable
                0x20000254       0x80 ./Sources/main.o
                0x20000254                filterTable
 .bss.sysClkConfig
                0x200002d4        0x8 ./SDK/platform/drivers/src/power/S32K1xx/power_manager_S32K1xx.o
 .bss.changeClkVlp
                0x200002dc        0x1 ./SDK/platform/drivers/src/power/S32K1xx/power_manager_S32K1xx.o
 .bss.enableSPLL
                0x200002dd        0x1 ./SDK/platform/drivers/src/power/S32K1xx/power_manager_S32K1xx.o
 .bss.enableFIRC
                0x200002de        0x1 ./SDK/platform/drivers/src/power/S32K1xx/power_manager_S32K1xx.o
 .bss.enableSOSC
                0x200002df        0x1 ./SDK/platform/drivers/src/power/S32K1xx/power_manager_S32K1xx.o
 .bss.g_interruptDisableCount
                0x200002e0        0x4 ./SDK/platform/drivers/src/interrupt/interrupt_manager.o
 .bss.g_flexcanStatePtr
                0x200002e4        0xc ./SDK/platform/drivers/src/flexcan/flexcan_driver.o
 .bss.s_virtEdmaState
                0x200002f0        0x4 ./SDK/platform/drivers/src/edma/edma_driver.o
 .bss.g_clockState
                0x200002f4       0x10 ./SDK/platform/drivers/src/clock/S32K1xx/clock_S32K1xx.o
 .bss.pwrMan1_InitConfig0
                0x20000304        0x2 ./Generated_Code/pwrMan1.o
                0x20000304                pwrMan1_InitConfig0
 *fill*         0x20000306        0x2 
 .bss.powerStaticCallbacksConfigsArr
                0x20000308        0x4 ./Generated_Code/pwrMan1.o
                0x20000308                powerStaticCallbacksConfigsArr
 .bss.dmaController1_InitConfig0
                0x2000030c        0x2 ./Generated_Code/dmaController1.o
                0x2000030c                dmaController1_InitConfig0
 *fill*         0x2000030e        0x2 
 .bss.g_clockManCallbacksArr
                0x20000310        0x4 ./Generated_Code/clockMan1.o
                0x20000310                g_clockManCallbacksArr
 *(COMMON)
 COMMON         0x20000314       0x9c ./Sources/main.o
                0x20000314                u32TickCount
                0x20000318                recvBuff2
                0x20000364                recvBuff1
 COMMON         0x200003b0       0x10 ./SDK/platform/drivers/src/power/S32K1xx/power_manager_S32K1xx.o
                0x200003b0                gPowerManagerState
 COMMON         0x200003c0       0x14 ./SDK/platform/drivers/src/clock/S32K1xx/clock_S32K1xx.o
                0x200003c0                g_xtal0ClkFreq
                0x200003c4                g_RtcClkInFreq
                0x200003c8                g_TClkFreq
 COMMON         0x200003d4       0x50 ./Generated_Code/dmaController1.o
                0x200003d4                dmaController1_State
                0x20000414                dmaController1Chn0_State
 COMMON         0x20000424      0x114 ./Generated_Code/canCom1.o
                0x20000424                canCom1_State
                0x20000538                . = ALIGN (0x4)
                0x20000538                __bss_end__ = .
                0x20000538                __BSS_END = .

.heap           0x20000538      0x400
                0x20000538                . = ALIGN (0x8)
                0x20000538                __end__ = .
                0x20000538                __heap_start__ = .
                [!provide]                PROVIDE (end, .)
                [!provide]                PROVIDE (_end, .)
                [!provide]                PROVIDE (__end, .)
                0x20000538                __HeapBase = .
                0x20000938                . = (. + HEAP_SIZE)
 *fill*         0x20000538      0x400 
                0x20000938                __HeapLimit = .
                0x20000938                __heap_limit = .
                0x20000938                __heap_end__ = .
                0x20007000                __StackTop = (ORIGIN (m_data) + LENGTH (m_data))
                0x20006c00                __StackLimit = (__StackTop - STACK_SIZE)
                [!provide]                PROVIDE (__stack, __StackTop)

.stack          0x20006c00      0x400
                0x20006c00                . = ALIGN (0x8)
                0x20006c00                __stack_start__ = .
                0x20007000                . = (. + STACK_SIZE)
 *fill*         0x20006c00      0x400 
                0x20007000                __stack_end__ = .

.ARM.attributes
                0x00000000       0x31
 *(.ARM.attributes)
 .ARM.attributes
                0x00000000       0x33 ./Sources/main.o
 .ARM.attributes
                0x00000033       0x33 ./SDK/rtos/osif/osif_baremetal.o
 .ARM.attributes
                0x00000066       0x33 ./SDK/platform/drivers/src/power/power_manager.o
 .ARM.attributes
                0x00000099       0x33 ./SDK/platform/drivers/src/power/S32K1xx/power_smc_hw_access.o
 .ARM.attributes
                0x000000cc       0x33 ./SDK/platform/drivers/src/power/S32K1xx/power_manager_S32K1xx.o
 .ARM.attributes
                0x000000ff       0x33 ./SDK/platform/drivers/src/pins/pins_port_hw_access.o
 .ARM.attributes
                0x00000132       0x33 ./SDK/platform/drivers/src/pins/pins_driver.o
 .ARM.attributes
                0x00000165       0x33 ./SDK/platform/drivers/src/interrupt/interrupt_manager.o
 .ARM.attributes
                0x00000198       0x33 ./SDK/platform/drivers/src/flexcan/flexcan_irq.o
 .ARM.attributes
                0x000001cb       0x33 ./SDK/platform/drivers/src/flexcan/flexcan_hw_access.o
 .ARM.attributes
                0x000001fe       0x33 ./SDK/platform/drivers/src/flexcan/flexcan_driver.o
 .ARM.attributes
                0x00000231       0x33 ./SDK/platform/drivers/src/edma/edma_irq.o
 .ARM.attributes
                0x00000264       0x33 ./SDK/platform/drivers/src/edma/edma_hw_access.o
 .ARM.attributes
                0x00000297       0x33 ./SDK/platform/drivers/src/edma/edma_driver.o
 .ARM.attributes
                0x000002ca       0x33 ./SDK/platform/drivers/src/clock/S32K1xx/clock_S32K1xx.o
 .ARM.attributes
                0x000002fd       0x33 ./SDK/platform/devices/startup.o
 .ARM.attributes
                0x00000330       0x33 ./SDK/platform/devices/S32K144/startup/system_S32K144.o
 .ARM.attributes
                0x00000363       0x1b ./Project_Settings/Startup_Code/startup_S32K144.o
 .ARM.attributes
                0x0000037e       0x33 ./Generated_Code/pwrMan1.o
 .ARM.attributes
                0x000003b1       0x33 ./Generated_Code/pin_mux.o
 .ARM.attributes
                0x000003e4       0x33 ./Generated_Code/dmaController1.o
 .ARM.attributes
                0x00000417       0x33 ./Generated_Code/clockMan1.o
 .ARM.attributes
                0x0000044a       0x33 ./Generated_Code/canCom1.o
                0x00000001                ASSERT ((__StackLimit >= __HeapLimit), region m_data overflowed with stack and heap)

/DISCARD/
 *(.FlashConfig)
OUTPUT(S32K144_FlexCAN_RXFIFO_SDK_RTM300.elf elf32-littlearm)

.debug_info     0x00000000    0x1c248
 .debug_info    0x00000000     0x2576 ./Sources/main.o
 .debug_info    0x00002576      0x8cf ./SDK/rtos/osif/osif_baremetal.o
 .debug_info    0x00002e45      0x7b6 ./SDK/platform/drivers/src/power/power_manager.o
 .debug_info    0x000035fb      0x8ce ./SDK/platform/drivers/src/power/S32K1xx/power_smc_hw_access.o
 .debug_info    0x00003ec9     0x120d ./SDK/platform/drivers/src/power/S32K1xx/power_manager_S32K1xx.o
 .debug_info    0x000050d6      0x845 ./SDK/platform/drivers/src/pins/pins_port_hw_access.o
 .debug_info    0x0000591b     0x1129 ./SDK/platform/drivers/src/pins/pins_driver.o
 .debug_info    0x00006a44      0x8a2 ./SDK/platform/drivers/src/interrupt/interrupt_manager.o
 .debug_info    0x000072e6      0x154 ./SDK/platform/drivers/src/flexcan/flexcan_irq.o
 .debug_info    0x0000743a     0x18fe ./SDK/platform/drivers/src/flexcan/flexcan_hw_access.o
 .debug_info    0x00008d38     0x3219 ./SDK/platform/drivers/src/flexcan/flexcan_driver.o
 .debug_info    0x0000bf51      0x522 ./SDK/platform/drivers/src/edma/edma_irq.o
 .debug_info    0x0000c473      0x911 ./SDK/platform/drivers/src/edma/edma_hw_access.o
 .debug_info    0x0000cd84     0x29d8 ./SDK/platform/drivers/src/edma/edma_driver.o
 .debug_info    0x0000f75c     0x3e52 ./SDK/platform/drivers/src/clock/S32K1xx/clock_S32K1xx.o
 .debug_info    0x000135ae      0x45b ./SDK/platform/devices/startup.o
 .debug_info    0x00013a09      0x50c ./SDK/platform/devices/S32K144/startup/system_S32K144.o
 .debug_info    0x00013f15       0x26 ./Project_Settings/Startup_Code/startup_S32K144.o
 .debug_info    0x00013f3b     0x1fa9 ./Generated_Code/pwrMan1.o
 .debug_info    0x00015ee4      0x3f4 ./Generated_Code/pin_mux.o
 .debug_info    0x000162d8     0x1f90 ./Generated_Code/dmaController1.o
 .debug_info    0x00018268     0x2084 ./Generated_Code/clockMan1.o
 .debug_info    0x0001a2ec     0x1f5c ./Generated_Code/canCom1.o

.debug_abbrev   0x00000000     0x2735
 .debug_abbrev  0x00000000      0x267 ./Sources/main.o
 .debug_abbrev  0x00000267      0x1fe ./SDK/rtos/osif/osif_baremetal.o
 .debug_abbrev  0x00000465      0x1d8 ./SDK/platform/drivers/src/power/power_manager.o
 .debug_abbrev  0x0000063d      0x1c2 ./SDK/platform/drivers/src/power/S32K1xx/power_smc_hw_access.o
 .debug_abbrev  0x000007ff      0x263 ./SDK/platform/drivers/src/power/S32K1xx/power_manager_S32K1xx.o
 .debug_abbrev  0x00000a62      0x194 ./SDK/platform/drivers/src/pins/pins_port_hw_access.o
 .debug_abbrev  0x00000bf6      0x23d ./SDK/platform/drivers/src/pins/pins_driver.o
 .debug_abbrev  0x00000e33      0x199 ./SDK/platform/drivers/src/interrupt/interrupt_manager.o
 .debug_abbrev  0x00000fcc       0x45 ./SDK/platform/drivers/src/flexcan/flexcan_irq.o
 .debug_abbrev  0x00001011      0x2a0 ./SDK/platform/drivers/src/flexcan/flexcan_hw_access.o
 .debug_abbrev  0x000012b1      0x2e9 ./SDK/platform/drivers/src/flexcan/flexcan_driver.o
 .debug_abbrev  0x0000159a      0x169 ./SDK/platform/drivers/src/edma/edma_irq.o
 .debug_abbrev  0x00001703      0x1cc ./SDK/platform/drivers/src/edma/edma_hw_access.o
 .debug_abbrev  0x000018cf      0x2af ./SDK/platform/drivers/src/edma/edma_driver.o
 .debug_abbrev  0x00001b7e      0x2cd ./SDK/platform/drivers/src/clock/S32K1xx/clock_S32K1xx.o
 .debug_abbrev  0x00001e4b      0x108 ./SDK/platform/devices/startup.o
 .debug_abbrev  0x00001f53      0x125 ./SDK/platform/devices/S32K144/startup/system_S32K144.o
 .debug_abbrev  0x00002078       0x14 ./Project_Settings/Startup_Code/startup_S32K144.o
 .debug_abbrev  0x0000208c      0x17c ./Generated_Code/pwrMan1.o
 .debug_abbrev  0x00002208       0xcd ./Generated_Code/pin_mux.o
 .debug_abbrev  0x000022d5      0x171 ./Generated_Code/dmaController1.o
 .debug_abbrev  0x00002446      0x17e ./Generated_Code/clockMan1.o
 .debug_abbrev  0x000025c4      0x171 ./Generated_Code/canCom1.o

.debug_aranges  0x00000000     0x1230
 .debug_aranges
                0x00000000       0x58 ./Sources/main.o
 .debug_aranges
                0x00000058       0x88 ./SDK/rtos/osif/osif_baremetal.o
 .debug_aranges
                0x000000e0       0x68 ./SDK/platform/drivers/src/power/power_manager.o
 .debug_aranges
                0x00000148       0x50 ./SDK/platform/drivers/src/power/S32K1xx/power_smc_hw_access.o
 .debug_aranges
                0x00000198       0xc8 ./SDK/platform/drivers/src/power/S32K1xx/power_manager_S32K1xx.o
 .debug_aranges
                0x00000260       0x48 ./SDK/platform/drivers/src/pins/pins_port_hw_access.o
 .debug_aranges
                0x000002a8      0x188 ./SDK/platform/drivers/src/pins/pins_driver.o
 .debug_aranges
                0x00000430       0x70 ./SDK/platform/drivers/src/interrupt/interrupt_manager.o
 .debug_aranges
                0x000004a0       0x80 ./SDK/platform/drivers/src/flexcan/flexcan_irq.o
 .debug_aranges
                0x00000520      0x160 ./SDK/platform/drivers/src/flexcan/flexcan_hw_access.o
 .debug_aranges
                0x00000680      0x308 ./SDK/platform/drivers/src/flexcan/flexcan_driver.o
 .debug_aranges
                0x00000988       0xa8 ./SDK/platform/drivers/src/edma/edma_irq.o
 .debug_aranges
                0x00000a30       0x88 ./SDK/platform/drivers/src/edma/edma_hw_access.o
 .debug_aranges
                0x00000ab8      0x220 ./SDK/platform/drivers/src/edma/edma_driver.o
 .debug_aranges
                0x00000cd8      0x470 ./SDK/platform/drivers/src/clock/S32K1xx/clock_S32K1xx.o
 .debug_aranges
                0x00001148       0x20 ./SDK/platform/devices/startup.o
 .debug_aranges
                0x00001168       0x30 ./SDK/platform/devices/S32K144/startup/system_S32K144.o
 .debug_aranges
                0x00001198       0x20 ./Project_Settings/Startup_Code/startup_S32K144.o
 .debug_aranges
                0x000011b8       0x18 ./Generated_Code/pwrMan1.o
 .debug_aranges
                0x000011d0       0x18 ./Generated_Code/pin_mux.o
 .debug_aranges
                0x000011e8       0x18 ./Generated_Code/dmaController1.o
 .debug_aranges
                0x00001200       0x18 ./Generated_Code/clockMan1.o
 .debug_aranges
                0x00001218       0x18 ./Generated_Code/canCom1.o

.debug_ranges   0x00000000     0x10a0
 .debug_ranges  0x00000000       0x48 ./Sources/main.o
 .debug_ranges  0x00000048       0x78 ./SDK/rtos/osif/osif_baremetal.o
 .debug_ranges  0x000000c0       0x70 ./SDK/platform/drivers/src/power/power_manager.o
 .debug_ranges  0x00000130       0x40 ./SDK/platform/drivers/src/power/S32K1xx/power_smc_hw_access.o
 .debug_ranges  0x00000170       0xb8 ./SDK/platform/drivers/src/power/S32K1xx/power_manager_S32K1xx.o
 .debug_ranges  0x00000228       0x38 ./SDK/platform/drivers/src/pins/pins_port_hw_access.o
 .debug_ranges  0x00000260      0x178 ./SDK/platform/drivers/src/pins/pins_driver.o
 .debug_ranges  0x000003d8       0x60 ./SDK/platform/drivers/src/interrupt/interrupt_manager.o
 .debug_ranges  0x00000438       0x70 ./SDK/platform/drivers/src/flexcan/flexcan_irq.o
 .debug_ranges  0x000004a8      0x150 ./SDK/platform/drivers/src/flexcan/flexcan_hw_access.o
 .debug_ranges  0x000005f8      0x2f8 ./SDK/platform/drivers/src/flexcan/flexcan_driver.o
 .debug_ranges  0x000008f0       0x98 ./SDK/platform/drivers/src/edma/edma_irq.o
 .debug_ranges  0x00000988       0x78 ./SDK/platform/drivers/src/edma/edma_hw_access.o
 .debug_ranges  0x00000a00      0x210 ./SDK/platform/drivers/src/edma/edma_driver.o
 .debug_ranges  0x00000c10      0x460 ./SDK/platform/drivers/src/clock/S32K1xx/clock_S32K1xx.o
 .debug_ranges  0x00001070       0x10 ./SDK/platform/devices/startup.o
 .debug_ranges  0x00001080       0x20 ./SDK/platform/devices/S32K144/startup/system_S32K144.o

.debug_macro    0x00000000    0x21c2b
 .debug_macro   0x00000000      0x25e ./Sources/main.o
 .debug_macro   0x0000025e      0x8d4 ./Sources/main.o
 .debug_macro   0x00000b32       0x52 ./Sources/main.o
 .debug_macro   0x00000b84       0xa0 ./Sources/main.o
 .debug_macro   0x00000c24       0x16 ./Sources/main.o
 .debug_macro   0x00000c3a       0x10 ./Sources/main.o
 .debug_macro   0x00000c4a       0x73 ./Sources/main.o
 .debug_macro   0x00000cbd       0x19 ./Sources/main.o
 .debug_macro   0x00000cd6       0x64 ./Sources/main.o
 .debug_macro   0x00000d3a      0x185 ./Sources/main.o
 .debug_macro   0x00000ebf      0x140 ./Sources/main.o
 .debug_macro   0x00000fff       0x9d ./Sources/main.o
 .debug_macro   0x0000109c       0x10 ./Sources/main.o
 .debug_macro   0x000010ac      0x15b ./Sources/main.o
 .debug_macro   0x00001207       0x28 ./Sources/main.o
 .debug_macro   0x0000122f       0x58 ./Sources/main.o
 .debug_macro   0x00001287     0xed1d ./Sources/main.o
 .debug_macro   0x0000ffa4      0xb86 ./Sources/main.o
 .debug_macro   0x00010b2a       0x22 ./Sources/main.o
 .debug_macro   0x00010b4c       0x83 ./Sources/main.o
 .debug_macro   0x00010bcf       0x16 ./Sources/main.o
 .debug_macro   0x00010be5       0x16 ./Sources/main.o
 .debug_macro   0x00010bfb       0x16 ./Sources/main.o
 .debug_macro   0x00010c11       0x16 ./Sources/main.o
 .debug_macro   0x00010c27       0x10 ./Sources/main.o
 .debug_macro   0x00010c37       0x28 ./Sources/main.o
 .debug_macro   0x00010c5f       0x16 ./Sources/main.o
 .debug_macro   0x00010c75       0x16 ./Sources/main.o
 .debug_macro   0x00010c8b       0x16 ./Sources/main.o
 .debug_macro   0x00010ca1      0x15f ./SDK/rtos/osif/osif_baremetal.o
 .debug_macro   0x00010e00     0xed32 ./SDK/rtos/osif/osif_baremetal.o
 .debug_macro   0x0001fb32      0x132 ./SDK/platform/drivers/src/power/power_manager.o
 .debug_macro   0x0001fc64      0x1af ./SDK/platform/drivers/src/power/power_manager.o
 .debug_macro   0x0001fe13      0x138 ./SDK/platform/drivers/src/power/S32K1xx/power_smc_hw_access.o
 .debug_macro   0x0001ff4b      0x171 ./SDK/platform/drivers/src/power/S32K1xx/power_manager_S32K1xx.o
 .debug_macro   0x000200bc      0x13c ./SDK/platform/drivers/src/pins/pins_port_hw_access.o
 .debug_macro   0x000201f8      0x142 ./SDK/platform/drivers/src/pins/pins_driver.o
 .debug_macro   0x0002033a       0xeb ./SDK/platform/drivers/src/interrupt/interrupt_manager.o
 .debug_macro   0x00020425       0xeb ./SDK/platform/drivers/src/flexcan/flexcan_irq.o
 .debug_macro   0x00020510      0x1a9 ./SDK/platform/drivers/src/flexcan/flexcan_hw_access.o
 .debug_macro   0x000206b9       0x10 ./SDK/platform/drivers/src/flexcan/flexcan_hw_access.o
 .debug_macro   0x000206c9       0x1c ./SDK/platform/drivers/src/flexcan/flexcan_hw_access.o
 .debug_macro   0x000206e5      0x186 ./SDK/platform/drivers/src/flexcan/flexcan_hw_access.o
 .debug_macro   0x0002086b      0x1df ./SDK/platform/drivers/src/flexcan/flexcan_driver.o
 .debug_macro   0x00020a4a      0x134 ./SDK/platform/drivers/src/edma/edma_irq.o
 .debug_macro   0x00020b7e      0x130 ./SDK/platform/drivers/src/edma/edma_hw_access.o
 .debug_macro   0x00020cae      0x15b ./SDK/platform/drivers/src/edma/edma_driver.o
 .debug_macro   0x00020e09      0x2f3 ./SDK/platform/drivers/src/clock/S32K1xx/clock_S32K1xx.o
 .debug_macro   0x000210fc       0xea ./SDK/platform/devices/startup.o
 .debug_macro   0x000211e6       0x40 ./SDK/platform/devices/startup.o
 .debug_macro   0x00021226       0xea ./SDK/platform/devices/S32K144/startup/system_S32K144.o
 .debug_macro   0x00021310      0x1ed ./Generated_Code/pwrMan1.o
 .debug_macro   0x000214fd       0x1c ./Generated_Code/pwrMan1.o
 .debug_macro   0x00021519       0x10 ./Generated_Code/pwrMan1.o
 .debug_macro   0x00021529       0x10 ./Generated_Code/pwrMan1.o
 .debug_macro   0x00021539      0x141 ./Generated_Code/pin_mux.o
 .debug_macro   0x0002167a      0x1e7 ./Generated_Code/dmaController1.o
 .debug_macro   0x00021861      0x1e3 ./Generated_Code/clockMan1.o
 .debug_macro   0x00021a44      0x1e7 ./Generated_Code/canCom1.o

.debug_line     0x00000000     0x9d31
 .debug_line    0x00000000      0x6fb ./Sources/main.o
 .debug_line    0x000006fb      0x54c ./SDK/rtos/osif/osif_baremetal.o
 .debug_line    0x00000c47      0x53f ./SDK/platform/drivers/src/power/power_manager.o
 .debug_line    0x00001186      0x456 ./SDK/platform/drivers/src/power/S32K1xx/power_smc_hw_access.o
 .debug_line    0x000015dc      0x7c9 ./SDK/platform/drivers/src/power/S32K1xx/power_manager_S32K1xx.o
 .debug_line    0x00001da5      0x4bd ./SDK/platform/drivers/src/pins/pins_port_hw_access.o
 .debug_line    0x00002262      0x770 ./SDK/platform/drivers/src/pins/pins_driver.o
 .debug_line    0x000029d2      0x485 ./SDK/platform/drivers/src/interrupt/interrupt_manager.o
 .debug_line    0x00002e57      0x3dd ./SDK/platform/drivers/src/flexcan/flexcan_irq.o
 .debug_line    0x00003234      0xb3a ./SDK/platform/drivers/src/flexcan/flexcan_hw_access.o
 .debug_line    0x00003d6e      0xff9 ./SDK/platform/drivers/src/flexcan/flexcan_driver.o
 .debug_line    0x00004d67      0x51d ./SDK/platform/drivers/src/edma/edma_irq.o
 .debug_line    0x00005284      0x576 ./SDK/platform/drivers/src/edma/edma_hw_access.o
 .debug_line    0x000057fa      0xcec ./SDK/platform/drivers/src/edma/edma_driver.o
 .debug_line    0x000064e6     0x175b ./SDK/platform/drivers/src/clock/S32K1xx/clock_S32K1xx.o
 .debug_line    0x00007c41      0x27e ./SDK/platform/devices/startup.o
 .debug_line    0x00007ebf      0x359 ./SDK/platform/devices/S32K144/startup/system_S32K144.o
 .debug_line    0x00008218       0x82 ./Project_Settings/Startup_Code/startup_S32K144.o
 .debug_line    0x0000829a      0x5c3 ./Generated_Code/pwrMan1.o
 .debug_line    0x0000885d      0x382 ./Generated_Code/pin_mux.o
 .debug_line    0x00008bdf      0x5ca ./Generated_Code/dmaController1.o
 .debug_line    0x000091a9      0x5c5 ./Generated_Code/clockMan1.o
 .debug_line    0x0000976e      0x5c3 ./Generated_Code/canCom1.o

.debug_str      0x00000000    0x74209
 .debug_str     0x00000000    0x6d112 ./Sources/main.o
                              0x6d4b5 (size before relaxing)
 .debug_str     0x0006d112      0x1d1 ./SDK/rtos/osif/osif_baremetal.o
                              0x6a409 (size before relaxing)
 .debug_str     0x0006d2e3      0x218 ./SDK/platform/drivers/src/power/power_manager.o
                              0x6a1dd (size before relaxing)
 .debug_str     0x0006d4fb      0x37d ./SDK/platform/drivers/src/power/S32K1xx/power_smc_hw_access.o
                              0x6a082 (size before relaxing)
 .debug_str     0x0006d878      0x4b0 ./SDK/platform/drivers/src/power/S32K1xx/power_manager_S32K1xx.o
                              0x6ac80 (size before relaxing)
 .debug_str     0x0006dd28      0x346 ./SDK/platform/drivers/src/pins/pins_port_hw_access.o
                              0x69af1 (size before relaxing)
 .debug_str     0x0006e06e      0x4e8 ./SDK/platform/drivers/src/pins/pins_driver.o
                              0x6a5ba (size before relaxing)
 .debug_str     0x0006e556      0x1d6 ./SDK/platform/drivers/src/interrupt/interrupt_manager.o
                              0x69abb (size before relaxing)
 .debug_str     0x0006e72c      0x18b ./SDK/platform/drivers/src/flexcan/flexcan_irq.o
                              0x693c7 (size before relaxing)
 .debug_str     0x0006e8b7     0x14c1 ./SDK/platform/drivers/src/flexcan/flexcan_hw_access.o
                              0x6b47b (size before relaxing)
 .debug_str     0x0006fd78      0xd27 ./SDK/platform/drivers/src/flexcan/flexcan_driver.o
                              0x6ccf5 (size before relaxing)
 .debug_str     0x00070a9f      0x231 ./SDK/platform/drivers/src/edma/edma_irq.o
                              0x696d9 (size before relaxing)
 .debug_str     0x00070cd0      0x419 ./SDK/platform/drivers/src/edma/edma_hw_access.o
                              0x69a02 (size before relaxing)
 .debug_str     0x000710e9      0xba7 ./SDK/platform/drivers/src/edma/edma_driver.o
                              0x6c053 (size before relaxing)
 .debug_str     0x00071c90     0x20a4 ./SDK/platform/drivers/src/clock/S32K1xx/clock_S32K1xx.o
                              0x6d49c (size before relaxing)
 .debug_str     0x00073d34      0x35a ./SDK/platform/devices/startup.o
                              0x69709 (size before relaxing)
 .debug_str     0x0007408e       0xa7 ./SDK/platform/devices/S32K144/startup/system_S32K144.o
                              0x694f2 (size before relaxing)
 .debug_str     0x00074135       0x3f ./Project_Settings/Startup_Code/startup_S32K144.o
                                 0x81 (size before relaxing)
 .debug_str     0x00074174       0x1c ./Generated_Code/pwrMan1.o
                              0x6cb0f (size before relaxing)
 .debug_str     0x00074190       0x1c ./Generated_Code/pin_mux.o
                              0x697be (size before relaxing)
 .debug_str     0x000741ac       0x23 ./Generated_Code/dmaController1.o
                              0x6cb16 (size before relaxing)
 .debug_str     0x000741cf       0x1e ./Generated_Code/clockMan1.o
                              0x6cfa9 (size before relaxing)
 .debug_str     0x000741ed       0x1c ./Generated_Code/canCom1.o
                              0x6cb0f (size before relaxing)

.comment        0x00000000       0xa0
 .comment       0x00000000       0xa0 ./Sources/main.o
                                 0xa1 (size before relaxing)
 .comment       0x000000a0       0xa1 ./SDK/rtos/osif/osif_baremetal.o
 .comment       0x000000a0       0xa1 ./SDK/platform/drivers/src/power/power_manager.o
 .comment       0x000000a0       0xa1 ./SDK/platform/drivers/src/power/S32K1xx/power_smc_hw_access.o
 .comment       0x000000a0       0xa1 ./SDK/platform/drivers/src/power/S32K1xx/power_manager_S32K1xx.o
 .comment       0x000000a0       0xa1 ./SDK/platform/drivers/src/pins/pins_port_hw_access.o
 .comment       0x000000a0       0xa1 ./SDK/platform/drivers/src/pins/pins_driver.o
 .comment       0x000000a0       0xa1 ./SDK/platform/drivers/src/interrupt/interrupt_manager.o
 .comment       0x000000a0       0xa1 ./SDK/platform/drivers/src/flexcan/flexcan_irq.o
 .comment       0x000000a0       0xa1 ./SDK/platform/drivers/src/flexcan/flexcan_hw_access.o
 .comment       0x000000a0       0xa1 ./SDK/platform/drivers/src/flexcan/flexcan_driver.o
 .comment       0x000000a0       0xa1 ./SDK/platform/drivers/src/edma/edma_irq.o
 .comment       0x000000a0       0xa1 ./SDK/platform/drivers/src/edma/edma_hw_access.o
 .comment       0x000000a0       0xa1 ./SDK/platform/drivers/src/edma/edma_driver.o
 .comment       0x000000a0       0xa1 ./SDK/platform/drivers/src/clock/S32K1xx/clock_S32K1xx.o
 .comment       0x000000a0       0xa1 ./SDK/platform/devices/startup.o
 .comment       0x000000a0       0xa1 ./SDK/platform/devices/S32K144/startup/system_S32K144.o
 .comment       0x000000a0       0xa1 ./Generated_Code/pwrMan1.o
 .comment       0x000000a0       0xa1 ./Generated_Code/pin_mux.o
 .comment       0x000000a0       0xa1 ./Generated_Code/dmaController1.o
 .comment       0x000000a0       0xa1 ./Generated_Code/clockMan1.o
 .comment       0x000000a0       0xa1 ./Generated_Code/canCom1.o

.debug_frame    0x00000000     0x4c70
 .debug_frame   0x00000000      0x118 ./Sources/main.o
 .debug_frame   0x00000118      0x200 ./SDK/rtos/osif/osif_baremetal.o
 .debug_frame   0x00000318      0x174 ./SDK/platform/drivers/src/power/power_manager.o
 .debug_frame   0x0000048c      0x120 ./SDK/platform/drivers/src/power/S32K1xx/power_smc_hw_access.o
 .debug_frame   0x000005ac      0x330 ./SDK/platform/drivers/src/power/S32K1xx/power_manager_S32K1xx.o
 .debug_frame   0x000008dc       0xf8 ./SDK/platform/drivers/src/pins/pins_port_hw_access.o
 .debug_frame   0x000009d4      0x6dc ./SDK/platform/drivers/src/pins/pins_driver.o
 .debug_frame   0x000010b0      0x1b8 ./SDK/platform/drivers/src/interrupt/interrupt_manager.o
 .debug_frame   0x00001268      0x17c ./SDK/platform/drivers/src/flexcan/flexcan_irq.o
 .debug_frame   0x000013e4      0x644 ./SDK/platform/drivers/src/flexcan/flexcan_hw_access.o
 .debug_frame   0x00001a28      0xe58 ./SDK/platform/drivers/src/flexcan/flexcan_driver.o
 .debug_frame   0x00002880      0x21c ./SDK/platform/drivers/src/edma/edma_irq.o
 .debug_frame   0x00002a9c      0x23c ./SDK/platform/drivers/src/edma/edma_hw_access.o
 .debug_frame   0x00002cd8      0x9bc ./SDK/platform/drivers/src/edma/edma_driver.o
 .debug_frame   0x00003694     0x1524 ./SDK/platform/drivers/src/clock/S32K1xx/clock_S32K1xx.o
 .debug_frame   0x00004bb8       0x38 ./SDK/platform/devices/startup.o
 .debug_frame   0x00004bf0       0x80 ./SDK/platform/devices/S32K144/startup/system_S32K144.o
